Archive member included to satisfy reference by file (symbol)

/opt/st/stm32cubeide_1.3.0/plugins/com.st.stm32cube.ide.mcu.externaltools.gnu-tools-for-stm32.7-2018-q2-update.linux64_1.0.0.201904181610/tools/bin/../lib/gcc/arm-none-eabi/7.3.1/../../../../arm-none-eabi/lib/thumb/v7e-m/fpv4-sp/hard/libc_nano.a(lib_a-errno.o)
                              Core/Src/syscalls.o (__errno)
/opt/st/stm32cubeide_1.3.0/plugins/com.st.stm32cube.ide.mcu.externaltools.gnu-tools-for-stm32.7-2018-q2-update.linux64_1.0.0.201904181610/tools/bin/../lib/gcc/arm-none-eabi/7.3.1/../../../../arm-none-eabi/lib/thumb/v7e-m/fpv4-sp/hard/libc_nano.a(lib_a-exit.o)
                              /opt/st/stm32cubeide_1.3.0/plugins/com.st.stm32cube.ide.mcu.externaltools.gnu-tools-for-stm32.7-2018-q2-update.linux64_1.0.0.201904181610/tools/bin/../lib/gcc/arm-none-eabi/7.3.1/../../../../arm-none-eabi/lib/thumb/v7e-m/fpv4-sp/hard/crt0.o (exit)
/opt/st/stm32cubeide_1.3.0/plugins/com.st.stm32cube.ide.mcu.externaltools.gnu-tools-for-stm32.7-2018-q2-update.linux64_1.0.0.201904181610/tools/bin/../lib/gcc/arm-none-eabi/7.3.1/../../../../arm-none-eabi/lib/thumb/v7e-m/fpv4-sp/hard/libc_nano.a(lib_a-impure.o)
                              /opt/st/stm32cubeide_1.3.0/plugins/com.st.stm32cube.ide.mcu.externaltools.gnu-tools-for-stm32.7-2018-q2-update.linux64_1.0.0.201904181610/tools/bin/../lib/gcc/arm-none-eabi/7.3.1/../../../../arm-none-eabi/lib/thumb/v7e-m/fpv4-sp/hard/libc_nano.a(lib_a-exit.o) (_global_impure_ptr)
/opt/st/stm32cubeide_1.3.0/plugins/com.st.stm32cube.ide.mcu.externaltools.gnu-tools-for-stm32.7-2018-q2-update.linux64_1.0.0.201904181610/tools/bin/../lib/gcc/arm-none-eabi/7.3.1/../../../../arm-none-eabi/lib/thumb/v7e-m/fpv4-sp/hard/libc_nano.a(lib_a-init.o)
                              /opt/st/stm32cubeide_1.3.0/plugins/com.st.stm32cube.ide.mcu.externaltools.gnu-tools-for-stm32.7-2018-q2-update.linux64_1.0.0.201904181610/tools/bin/../lib/gcc/arm-none-eabi/7.3.1/../../../../arm-none-eabi/lib/thumb/v7e-m/fpv4-sp/hard/crt0.o (__libc_init_array)
/opt/st/stm32cubeide_1.3.0/plugins/com.st.stm32cube.ide.mcu.externaltools.gnu-tools-for-stm32.7-2018-q2-update.linux64_1.0.0.201904181610/tools/bin/../lib/gcc/arm-none-eabi/7.3.1/../../../../arm-none-eabi/lib/thumb/v7e-m/fpv4-sp/hard/libc_nano.a(lib_a-memset.o)
                              /opt/st/stm32cubeide_1.3.0/plugins/com.st.stm32cube.ide.mcu.externaltools.gnu-tools-for-stm32.7-2018-q2-update.linux64_1.0.0.201904181610/tools/bin/../lib/gcc/arm-none-eabi/7.3.1/../../../../arm-none-eabi/lib/thumb/v7e-m/fpv4-sp/hard/crt0.o (memset)

Allocating common symbols
Common symbol       size              file

byteswrite          0x4               Core/Src/main.o
retSD               0x1               FATFS/App/fatfs.o
hsd1                0x84              Core/Src/sdmmc.o
uwTick              0x4               Drivers/STM32L4xx_HAL_Driver/Src/stm32l4xx_hal.o
SDPath              0x4               FATFS/App/fatfs.o
SDFile              0x1030            FATFS/App/fatfs.o
SDFatFS             0x1034            FATFS/App/fatfs.o
hdma_sdmmc1         0x48              Core/Src/sdmmc.o

Discarded input sections

 .text          0x0000000000000000        0x0 /opt/st/stm32cubeide_1.3.0/plugins/com.st.stm32cube.ide.mcu.externaltools.gnu-tools-for-stm32.7-2018-q2-update.linux64_1.0.0.201904181610/tools/bin/../lib/gcc/arm-none-eabi/7.3.1/thumb/v7e-m/fpv4-sp/hard/crti.o
 .data          0x0000000000000000        0x0 /opt/st/stm32cubeide_1.3.0/plugins/com.st.stm32cube.ide.mcu.externaltools.gnu-tools-for-stm32.7-2018-q2-update.linux64_1.0.0.201904181610/tools/bin/../lib/gcc/arm-none-eabi/7.3.1/thumb/v7e-m/fpv4-sp/hard/crti.o
 .bss           0x0000000000000000        0x0 /opt/st/stm32cubeide_1.3.0/plugins/com.st.stm32cube.ide.mcu.externaltools.gnu-tools-for-stm32.7-2018-q2-update.linux64_1.0.0.201904181610/tools/bin/../lib/gcc/arm-none-eabi/7.3.1/thumb/v7e-m/fpv4-sp/hard/crti.o
 .data          0x0000000000000000        0x4 /opt/st/stm32cubeide_1.3.0/plugins/com.st.stm32cube.ide.mcu.externaltools.gnu-tools-for-stm32.7-2018-q2-update.linux64_1.0.0.201904181610/tools/bin/../lib/gcc/arm-none-eabi/7.3.1/thumb/v7e-m/fpv4-sp/hard/crtbegin.o
 .text          0x0000000000000000       0x74 /opt/st/stm32cubeide_1.3.0/plugins/com.st.stm32cube.ide.mcu.externaltools.gnu-tools-for-stm32.7-2018-q2-update.linux64_1.0.0.201904181610/tools/bin/../lib/gcc/arm-none-eabi/7.3.1/../../../../arm-none-eabi/lib/thumb/v7e-m/fpv4-sp/hard/crt0.o
 .data          0x0000000000000000        0x0 /opt/st/stm32cubeide_1.3.0/plugins/com.st.stm32cube.ide.mcu.externaltools.gnu-tools-for-stm32.7-2018-q2-update.linux64_1.0.0.201904181610/tools/bin/../lib/gcc/arm-none-eabi/7.3.1/../../../../arm-none-eabi/lib/thumb/v7e-m/fpv4-sp/hard/crt0.o
[...]
Memory Configuration

Name             Origin             Length             Attributes
RAM              0x0000000020000000 0x0000000000018000 xrw
RAM2             0x0000000010000000 0x0000000000008000 xrw
FLASH            0x0000000008000000 0x0000000000100000 xr
*default*        0x0000000000000000 0xffffffffffffffff

Linker script and memory map

LOAD /opt/st/stm32cubeide_1.3.0/plugins/com.st.stm32cube.ide.mcu.externaltools.gnu-tools-for-stm32.7-2018-q2-update.linux64_1.0.0.201904181610/tools/bin/../lib/gcc/arm-none-eabi/7.3.1/thumb/v7e-m/fpv4-sp/hard/crti.o
LOAD /opt/st/stm32cubeide_1.3.0/plugins/com.st.stm32cube.ide.mcu.externaltools.gnu-tools-for-stm32.7-2018-q2-update.linux64_1.0.0.201904181610/tools/bin/../lib/gcc/arm-none-eabi/7.3.1/thumb/v7e-m/fpv4-sp/hard/crtbegin.o
LOAD /opt/st/stm32cubeide_1.3.0/plugins/com.st.stm32cube.ide.mcu.externaltools.gnu-tools-for-stm32.7-2018-q2-update.linux64_1.0.0.201904181610/tools/bin/../lib/gcc/arm-none-eabi/7.3.1/../../../../arm-none-eabi/lib/thumb/v7e-m/fpv4-sp/hard/crt0.o
LOAD Core/Src/bsp_driver_sd_f.o
LOAD Core/Src/dma.o
LOAD Core/Src/gpio.o
LOAD Core/Src/main.o
LOAD Core/Src/sdmmc.o
LOAD Core/Src/stm32l4xx_hal_msp.o
LOAD Core/Src/stm32l4xx_it.o
LOAD Core/Src/syscalls.o
LOAD Core/Src/sysmem.o
LOAD Core/Src/system_stm32l4xx.o
LOAD Core/Startup/startup_stm32l476vgtx.o
LOAD Drivers/STM32L4xx_HAL_Driver/Src/stm32l4xx_hal.o
LOAD Drivers/STM32L4xx_HAL_Driver/Src/stm32l4xx_hal_cortex.o
LOAD Drivers/STM32L4xx_HAL_Driver/Src/stm32l4xx_hal_dma.o
LOAD Drivers/STM32L4xx_HAL_Driver/Src/stm32l4xx_hal_dma_ex.o
LOAD Drivers/STM32L4xx_HAL_Driver/Src/stm32l4xx_hal_exti.o
LOAD Drivers/STM32L4xx_HAL_Driver/Src/stm32l4xx_hal_flash.o
LOAD Drivers/STM32L4xx_HAL_Driver/Src/stm32l4xx_hal_flash_ex.o
LOAD Drivers/STM32L4xx_HAL_Driver/Src/stm32l4xx_hal_flash_ramfunc.o
LOAD Drivers/STM32L4xx_HAL_Driver/Src/stm32l4xx_hal_gpio.o
LOAD Drivers/STM32L4xx_HAL_Driver/Src/stm32l4xx_hal_i2c.o
LOAD Drivers/STM32L4xx_HAL_Driver/Src/stm32l4xx_hal_i2c_ex.o
LOAD Drivers/STM32L4xx_HAL_Driver/Src/stm32l4xx_hal_pwr.o
LOAD Drivers/STM32L4xx_HAL_Driver/Src/stm32l4xx_hal_pwr_ex.o
LOAD Drivers/STM32L4xx_HAL_Driver/Src/stm32l4xx_hal_rcc.o
LOAD Drivers/STM32L4xx_HAL_Driver/Src/stm32l4xx_hal_rcc_ex.o
LOAD Drivers/STM32L4xx_HAL_Driver/Src/stm32l4xx_hal_sd.o
LOAD Drivers/STM32L4xx_HAL_Driver/Src/stm32l4xx_hal_sd_ex.o
LOAD Drivers/STM32L4xx_HAL_Driver/Src/stm32l4xx_hal_tim.o
LOAD Drivers/STM32L4xx_HAL_Driver/Src/stm32l4xx_hal_tim_ex.o
LOAD Drivers/STM32L4xx_HAL_Driver/Src/stm32l4xx_ll_sdmmc.o
LOAD FATFS/App/fatfs.o
LOAD FATFS/Target/bsp_driver_sd.o
LOAD FATFS/Target/fatfs_platform.o
LOAD FATFS/Target/sd_diskio.o
LOAD Middlewares/Third_Party/FatFs/src/diskio.o
LOAD Middlewares/Third_Party/FatFs/src/ff.o
LOAD Middlewares/Third_Party/FatFs/src/ff_gen_drv.o
LOAD Middlewares/Third_Party/FatFs/src/option/syscall.o
START GROUP
LOAD /opt/st/stm32cubeide_1.3.0/plugins/com.st.stm32cube.ide.mcu.externaltools.gnu-tools-for-stm32.7-2018-q2-update.linux64_1.0.0.201904181610/tools/bin/../lib/gcc/arm-none-eabi/7.3.1/../../../../arm-none-eabi/lib/thumb/v7e-m/fpv4-sp/hard/libc_nano.a
LOAD /opt/st/stm32cubeide_1.3.0/plugins/com.st.stm32cube.ide.mcu.externaltools.gnu-tools-for-stm32.7-2018-q2-update.linux64_1.0.0.201904181610/tools/bin/../lib/gcc/arm-none-eabi/7.3.1/../../../../arm-none-eabi/lib/thumb/v7e-m/fpv4-sp/hard/libm.a
END GROUP
START GROUP
LOAD /opt/st/stm32cubeide_1.3.0/plugins/com.st.stm32cube.ide.mcu.externaltools.gnu-tools-for-stm32.7-2018-q2-update.linux64_1.0.0.201904181610/tools/bin/../lib/gcc/arm-none-eabi/7.3.1/thumb/v7e-m/fpv4-sp/hard/libgcc.a
LOAD /opt/st/stm32cubeide_1.3.0/plugins/com.st.stm32cube.ide.mcu.externaltools.gnu-tools-for-stm32.7-2018-q2-update.linux64_1.0.0.201904181610/tools/bin/../lib/gcc/arm-none-eabi/7.3.1/../../../../arm-none-eabi/lib/thumb/v7e-m/fpv4-sp/hard/libc_nano.a
END GROUP
START GROUP
LOAD /opt/st/stm32cubeide_1.3.0/plugins/com.st.stm32cube.ide.mcu.externaltools.gnu-tools-for-stm32.7-2018-q2-update.linux64_1.0.0.201904181610/tools/bin/../lib/gcc/arm-none-eabi/7.3.1/thumb/v7e-m/fpv4-sp/hard/libgcc.a
LOAD /opt/st/stm32cubeide_1.3.0/plugins/com.st.stm32cube.ide.mcu.externaltools.gnu-tools-for-stm32.7-2018-q2-update.linux64_1.0.0.201904181610/tools/bin/../lib/gcc/arm-none-eabi/7.3.1/../../../../arm-none-eabi/lib/thumb/v7e-m/fpv4-sp/hard/libc_nano.a
LOAD /opt/st/stm32cubeide_1.3.0/plugins/com.st.stm32cube.ide.mcu.externaltools.gnu-tools-for-stm32.7-2018-q2-update.linux64_1.0.0.201904181610/tools/bin/../lib/gcc/arm-none-eabi/7.3.1/../../../../arm-none-eabi/lib/thumb/v7e-m/fpv4-sp/hard/libnosys.a
END GROUP
START GROUP
LOAD /opt/st/stm32cubeide_1.3.0/plugins/com.st.stm32cube.ide.mcu.externaltools.gnu-tools-for-stm32.7-2018-q2-update.linux64_1.0.0.201904181610/tools/bin/../lib/gcc/arm-none-eabi/7.3.1/thumb/v7e-m/fpv4-sp/hard/libgcc.a
LOAD /opt/st/stm32cubeide_1.3.0/plugins/com.st.stm32cube.ide.mcu.externaltools.gnu-tools-for-stm32.7-2018-q2-update.linux64_1.0.0.201904181610/tools/bin/../lib/gcc/arm-none-eabi/7.3.1/../../../../arm-none-eabi/lib/thumb/v7e-m/fpv4-sp/hard/libc_nano.a
LOAD /opt/st/stm32cubeide_1.3.0/plugins/com.st.stm32cube.ide.mcu.externaltools.gnu-tools-for-stm32.7-2018-q2-update.linux64_1.0.0.201904181610/tools/bin/../lib/gcc/arm-none-eabi/7.3.1/../../../../arm-none-eabi/lib/thumb/v7e-m/fpv4-sp/hard/libnosys.a
END GROUP
LOAD /opt/st/stm32cubeide_1.3.0/plugins/com.st.stm32cube.ide.mcu.externaltools.gnu-tools-for-stm32.7-2018-q2-update.linux64_1.0.0.201904181610/tools/bin/../lib/gcc/arm-none-eabi/7.3.1/thumb/v7e-m/fpv4-sp/hard/crtend.o
LOAD /opt/st/stm32cubeide_1.3.0/plugins/com.st.stm32cube.ide.mcu.externaltools.gnu-tools-for-stm32.7-2018-q2-update.linux64_1.0.0.201904181610/tools/bin/../lib/gcc/arm-none-eabi/7.3.1/thumb/v7e-m/fpv4-sp/hard/crtn.o
                0x0000000020018000                _estack = (ORIGIN (RAM) + LENGTH (RAM))
                0x0000000000002000                _Min_Heap_Size = 0x2000
                0x0000000000004000                _Min_Stack_Size = 0x4000

.isr_vector     0x0000000008000000      0x188
                0x0000000008000000                . = ALIGN (0x4)
 *(.isr_vector)
 .isr_vector    0x0000000008000000      0x188 Core/Startup/startup_stm32l476vgtx.o
                0x0000000008000000                g_pfnVectors
                0x0000000008000188                . = ALIGN (0x4)

.text           0x0000000008000188     0x78fc
                0x0000000008000188                . = ALIGN (0x4)
 *(.text)
 .text          0x0000000008000188       0x40 /opt/st/stm32cubeide_1.3.0/plugins/com.st.stm32cube.ide.mcu.externaltools.gnu-tools-for-stm32.7-2018-q2-update.linux64_1.0.0.201904181610/tools/bin/../lib/gcc/arm-none-eabi/7.3.1/thumb/v7e-m/fpv4-sp/hard/crtbegin.o
 *(.text*)
 .text.BSP_SD_Init
                0x00000000080001c8       0x30 Core/Src/bsp_driver_sd_f.o
                0x00000000080001c8                BSP_SD_Init
 .text.BSP_SD_ReadBlocks_DMA
                0x00000000080001f8       0x34 Core/Src/bsp_driver_sd_f.o
                0x00000000080001f8                BSP_SD_ReadBlocks_DMA
 .text.BSP_SD_WriteBlocks_DMA
                0x000000000800022c       0x34 Core/Src/bsp_driver_sd_f.o
                0x000000000800022c                BSP_SD_WriteBlocks_DMA
 .text.BSP_SD_DMA_Tx_IRQHandler
                0x0000000008000260        0xc Core/Src/bsp_driver_sd_f.o
                0x0000000008000260                BSP_SD_DMA_Tx_IRQHandler
 .text.BSP_SD_DMA_Rx_IRQHandler
                0x000000000800026c        0xc Core/Src/bsp_driver_sd_f.o
                0x000000000800026c                BSP_SD_DMA_Rx_IRQHandler
 .text.BSP_SD_GetCardState
                0x0000000008000278       0x14 Core/Src/bsp_driver_sd_f.o
                0x0000000008000278                BSP_SD_GetCardState
 .text.BSP_SD_GetCardInfo
                0x000000000800028c        0xc Core/Src/bsp_driver_sd_f.o
                0x000000000800028c                BSP_SD_GetCardInfo
 .text.BSP_SD_AbortCallback
                0x0000000008000298        0x4 Core/Src/bsp_driver_sd_f.o
                0x0000000008000298                BSP_SD_AbortCallback
 .text.SD_DMAConfigRx
                0x000000000800029c       0x5c Core/Src/bsp_driver_sd_f.o
 .text.SD_DMAConfigTx
                0x00000000080002f8       0x60 Core/Src/bsp_driver_sd_f.o
 .text.MX_DMA_Init
                0x0000000008000358       0x3c Core/Src/dma.o
                0x0000000008000358                MX_DMA_Init
 .text.MX_GPIO_Init
                0x0000000008000394       0x9c Core/Src/gpio.o
                0x0000000008000394                MX_GPIO_Init
 .text.main     0x0000000008000430       0xf4 Core/Src/main.o
                0x0000000008000430                main
 .text.SystemClock_Config
                0x0000000008000524      0x110 Core/Src/main.o
                0x0000000008000524                SystemClock_Config
 .text.Error_Handler
                0x0000000008000634        0xe Core/Src/main.o
                0x0000000008000634                Error_Handler
 *fill*         0x0000000008000642        0x2 
 .text.MX_SDMMC1_SD_Init
                0x0000000008000644       0x44 Core/Src/sdmmc.o
                0x0000000008000644                MX_SDMMC1_SD_Init
 .text.HAL_SD_MspInit
                0x0000000008000688      0x164 Core/Src/sdmmc.o
                0x0000000008000688                HAL_SD_MspInit
 .text.HAL_MspInit
                0x00000000080007ec       0x48 Core/Src/stm32l4xx_hal_msp.o
                0x00000000080007ec                HAL_MspInit
 .text.NMI_Handler
                0x0000000008000834        0xe Core/Src/stm32l4xx_it.o
                0x0000000008000834                NMI_Handler
 .text.HardFault_Handler
                0x0000000008000842        0x6 Core/Src/stm32l4xx_it.o
                0x0000000008000842                HardFault_Handler
 .text.MemManage_Handler
                0x0000000008000848        0x6 Core/Src/stm32l4xx_it.o
                0x0000000008000848                MemManage_Handler
 .text.BusFault_Handler
                0x000000000800084e        0x6 Core/Src/stm32l4xx_it.o
                0x000000000800084e                BusFault_Handler
 .text.UsageFault_Handler
                0x0000000008000854        0x6 Core/Src/stm32l4xx_it.o
                0x0000000008000854                UsageFault_Handler
 .text.SVC_Handler
                0x000000000800085a        0xe Core/Src/stm32l4xx_it.o
                0x000000000800085a                SVC_Handler
 .text.DebugMon_Handler
                0x0000000008000868        0xe Core/Src/stm32l4xx_it.o
                0x0000000008000868                DebugMon_Handler
 .text.PendSV_Handler
                0x0000000008000876        0xe Core/Src/stm32l4xx_it.o
                0x0000000008000876                PendSV_Handler
 .text.SysTick_Handler
                0x0000000008000884        0xc Core/Src/stm32l4xx_it.o
                0x0000000008000884                SysTick_Handler
 .text.SDMMC1_IRQHandler
                0x0000000008000890       0x14 Core/Src/stm32l4xx_it.o
                0x0000000008000890                SDMMC1_IRQHandler
 .text.DMA2_Channel4_IRQHandler
                0x00000000080008a4       0x38 Core/Src/stm32l4xx_it.o
                0x00000000080008a4                DMA2_Channel4_IRQHandler
 .text.SystemInit
                0x00000000080008dc       0x6c Core/Src/system_stm32l4xx.o
                0x00000000080008dc                SystemInit
 .text.Reset_Handler
                0x0000000008000948       0x50 Core/Startup/startup_stm32l476vgtx.o
                0x0000000008000948                Reset_Handler
 .text.Default_Handler
                0x0000000008000998        0x2 Core/Startup/startup_stm32l476vgtx.o
                0x0000000008000998                RTC_Alarm_IRQHandler
                0x0000000008000998                EXTI2_IRQHandler
                0x0000000008000998                TIM8_TRG_COM_IRQHandler
                0x0000000008000998                TIM8_CC_IRQHandler
                0x0000000008000998                TIM1_CC_IRQHandler
                0x0000000008000998                TSC_IRQHandler
                0x0000000008000998                TAMP_STAMP_IRQHandler
                0x0000000008000998                EXTI3_IRQHandler
                0x0000000008000998                LPTIM2_IRQHandler
                0x0000000008000998                DFSDM1_FLT1_IRQHandler
                0x0000000008000998                I2C3_ER_IRQHandler
                0x0000000008000998                DFSDM1_FLT2_IRQHandler
                0x0000000008000998                EXTI0_IRQHandler
                0x0000000008000998                I2C2_EV_IRQHandler
                0x0000000008000998                CAN1_RX0_IRQHandler
                0x0000000008000998                FPU_IRQHandler
                0x0000000008000998                TIM1_UP_TIM16_IRQHandler
                0x0000000008000998                ADC1_2_IRQHandler
                0x0000000008000998                SPI1_IRQHandler
                0x0000000008000998                TIM6_DAC_IRQHandler
                0x0000000008000998                TIM8_UP_IRQHandler
                0x0000000008000998                DMA2_Channel2_IRQHandler
                0x0000000008000998                DMA1_Channel4_IRQHandler
                0x0000000008000998                SAI2_IRQHandler
                0x0000000008000998                DFSDM1_FLT3_IRQHandler
                0x0000000008000998                USART3_IRQHandler
                0x0000000008000998                DMA1_Channel7_IRQHandler
                0x0000000008000998                CAN1_RX1_IRQHandler
                0x0000000008000998                LCD_IRQHandler
                0x0000000008000998                UART5_IRQHandler
                0x0000000008000998                ADC3_IRQHandler
                0x0000000008000998                TIM4_IRQHandler
                0x0000000008000998                DMA2_Channel1_IRQHandler
                0x0000000008000998                QUADSPI_IRQHandler
                0x0000000008000998                I2C1_EV_IRQHandler
                0x0000000008000998                DMA1_Channel6_IRQHandler
                0x0000000008000998                UART4_IRQHandler
                0x0000000008000998                TIM3_IRQHandler
                0x0000000008000998                RCC_IRQHandler
                0x0000000008000998                DMA1_Channel1_IRQHandler
                0x0000000008000998                Default_Handler
                0x0000000008000998                DMA2_Channel7_IRQHandler
                0x0000000008000998                EXTI15_10_IRQHandler
                0x0000000008000998                TIM7_IRQHandler
                0x0000000008000998                TIM5_IRQHandler
                0x0000000008000998                I2C3_EV_IRQHandler
                0x0000000008000998                EXTI9_5_IRQHandler
                0x0000000008000998                RTC_WKUP_IRQHandler
                0x0000000008000998                PVD_PVM_IRQHandler
                0x0000000008000998                SPI2_IRQHandler
                0x0000000008000998                CAN1_TX_IRQHandler
                0x0000000008000998                DMA2_Channel5_IRQHandler
                0x0000000008000998                DMA1_Channel5_IRQHandler
                0x0000000008000998                EXTI4_IRQHandler
                0x0000000008000998                RNG_IRQHandler
                0x0000000008000998                TIM1_TRG_COM_TIM17_IRQHandler
                0x0000000008000998                DMA1_Channel3_IRQHandler
                0x0000000008000998                COMP_IRQHandler
                0x0000000008000998                WWDG_IRQHandler
                0x0000000008000998                LPUART1_IRQHandler
                0x0000000008000998                DMA2_Channel6_IRQHandler
                0x0000000008000998                TIM2_IRQHandler
                0x0000000008000998                EXTI1_IRQHandler
                0x0000000008000998                USART2_IRQHandler
                0x0000000008000998                DFSDM1_FLT0_IRQHandler
                0x0000000008000998                I2C2_ER_IRQHandler
                0x0000000008000998                DMA1_Channel2_IRQHandler
                0x0000000008000998                TIM8_BRK_IRQHandler
                0x0000000008000998                CAN1_SCE_IRQHandler
                0x0000000008000998                FLASH_IRQHandler
                0x0000000008000998                USART1_IRQHandler
                0x0000000008000998                OTG_FS_IRQHandler
                0x0000000008000998                SPI3_IRQHandler
                0x0000000008000998                I2C1_ER_IRQHandler
                0x0000000008000998                FMC_IRQHandler
                0x0000000008000998                SWPMI1_IRQHandler
                0x0000000008000998                LPTIM1_IRQHandler
                0x0000000008000998                SAI1_IRQHandler
                0x0000000008000998                DMA2_Channel3_IRQHandler
                0x0000000008000998                TIM1_BRK_TIM15_IRQHandler
 .text.HAL_Init
                0x000000000800099a       0x30 Drivers/STM32L4xx_HAL_Driver/Src/stm32l4xx_hal.o
                0x000000000800099a                HAL_Init
 *fill*         0x00000000080009ca        0x2 
 .text.HAL_InitTick
                0x00000000080009cc       0x74 Drivers/STM32L4xx_HAL_Driver/Src/stm32l4xx_hal.o
                0x00000000080009cc                HAL_InitTick
 .text.HAL_IncTick
                0x0000000008000a40       0x24 Drivers/STM32L4xx_HAL_Driver/Src/stm32l4xx_hal.o
                0x0000000008000a40                HAL_IncTick
 .text.HAL_GetTick
                0x0000000008000a64       0x18 Drivers/STM32L4xx_HAL_Driver/Src/stm32l4xx_hal.o
                0x0000000008000a64                HAL_GetTick
 .text.HAL_Delay
                0x0000000008000a7c       0x44 Drivers/STM32L4xx_HAL_Driver/Src/stm32l4xx_hal.o
                0x0000000008000a7c                HAL_Delay
 .text.__NVIC_SetPriorityGrouping
                0x0000000008000ac0       0x48 Drivers/STM32L4xx_HAL_Driver/Src/stm32l4xx_hal_cortex.o
 .text.__NVIC_GetPriorityGrouping
                0x0000000008000b08       0x1c Drivers/STM32L4xx_HAL_Driver/Src/stm32l4xx_hal_cortex.o
 .text.__NVIC_EnableIRQ
                0x0000000008000b24       0x3c Drivers/STM32L4xx_HAL_Driver/Src/stm32l4xx_hal_cortex.o
 .text.__NVIC_SetPriority
                0x0000000008000b60       0x54 Drivers/STM32L4xx_HAL_Driver/Src/stm32l4xx_hal_cortex.o
 .text.NVIC_EncodePriority
                0x0000000008000bb4       0x66 Drivers/STM32L4xx_HAL_Driver/Src/stm32l4xx_hal_cortex.o
 *fill*         0x0000000008000c1a        0x2 
 .text.SysTick_Config
                0x0000000008000c1c       0x44 Drivers/STM32L4xx_HAL_Driver/Src/stm32l4xx_hal_cortex.o
 .text.HAL_NVIC_SetPriorityGrouping
                0x0000000008000c60       0x16 Drivers/STM32L4xx_HAL_Driver/Src/stm32l4xx_hal_cortex.o
                0x0000000008000c60                HAL_NVIC_SetPriorityGrouping
 .text.HAL_NVIC_SetPriority
                0x0000000008000c76       0x38 Drivers/STM32L4xx_HAL_Driver/Src/stm32l4xx_hal_cortex.o
                0x0000000008000c76                HAL_NVIC_SetPriority
 .text.HAL_NVIC_EnableIRQ
                0x0000000008000cae       0x1c Drivers/STM32L4xx_HAL_Driver/Src/stm32l4xx_hal_cortex.o
                0x0000000008000cae                HAL_NVIC_EnableIRQ
 .text.HAL_SYSTICK_Config
                0x0000000008000cca       0x18 Drivers/STM32L4xx_HAL_Driver/Src/stm32l4xx_hal_cortex.o
                0x0000000008000cca                HAL_SYSTICK_Config
 *fill*         0x0000000008000ce2        0x2 
 .text.HAL_DMA_Init
                0x0000000008000ce4      0x170 Drivers/STM32L4xx_HAL_Driver/Src/stm32l4xx_hal_dma.o
                0x0000000008000ce4                HAL_DMA_Init
 .text.HAL_DMA_DeInit
                0x0000000008000e54      0x124 Drivers/STM32L4xx_HAL_Driver/Src/stm32l4xx_hal_dma.o
                0x0000000008000e54                HAL_DMA_DeInit
 .text.HAL_DMA_Start_IT
                0x0000000008000f78       0xc0 Drivers/STM32L4xx_HAL_Driver/Src/stm32l4xx_hal_dma.o
                0x0000000008000f78                HAL_DMA_Start_IT
 .text.HAL_DMA_Abort
                0x0000000008001038       0x7c Drivers/STM32L4xx_HAL_Driver/Src/stm32l4xx_hal_dma.o
                0x0000000008001038                HAL_DMA_Abort
 .text.HAL_DMA_Abort_IT
                0x00000000080010b4       0x82 Drivers/STM32L4xx_HAL_Driver/Src/stm32l4xx_hal_dma.o
                0x00000000080010b4                HAL_DMA_Abort_IT
 .text.HAL_DMA_IRQHandler
                0x0000000008001136      0x15e Drivers/STM32L4xx_HAL_Driver/Src/stm32l4xx_hal_dma.o
                0x0000000008001136                HAL_DMA_IRQHandler
 .text.DMA_SetConfig
                0x0000000008001294       0x60 Drivers/STM32L4xx_HAL_Driver/Src/stm32l4xx_hal_dma.o
 .text.HAL_GPIO_Init
                0x00000000080012f4      0x350 Drivers/STM32L4xx_HAL_Driver/Src/stm32l4xx_hal_gpio.o
                0x00000000080012f4                HAL_GPIO_Init
 .text.HAL_GPIO_ReadPin
                0x0000000008001644       0x30 Drivers/STM32L4xx_HAL_Driver/Src/stm32l4xx_hal_gpio.o
                0x0000000008001644                HAL_GPIO_ReadPin
 .text.HAL_GPIO_WritePin
                0x0000000008001674       0x30 Drivers/STM32L4xx_HAL_Driver/Src/stm32l4xx_hal_gpio.o
                0x0000000008001674                HAL_GPIO_WritePin
 .text.HAL_PWREx_GetVoltageRange
                0x00000000080016a4       0x1c Drivers/STM32L4xx_HAL_Driver/Src/stm32l4xx_hal_pwr_ex.o
                0x00000000080016a4                HAL_PWREx_GetVoltageRange
 .text.HAL_PWREx_ControlVoltageScaling
                0x00000000080016c0       0xac Drivers/STM32L4xx_HAL_Driver/Src/stm32l4xx_hal_pwr_ex.o
                0x00000000080016c0                HAL_PWREx_ControlVoltageScaling
 .text.HAL_RCC_OscConfig
                0x000000000800176c      0x7cc Drivers/STM32L4xx_HAL_Driver/Src/stm32l4xx_hal_rcc.o
                0x000000000800176c                HAL_RCC_OscConfig
 .text.HAL_RCC_ClockConfig
                0x0000000008001f38      0x1c4 Drivers/STM32L4xx_HAL_Driver/Src/stm32l4xx_hal_rcc.o
                0x0000000008001f38                HAL_RCC_ClockConfig
 .text.HAL_RCC_GetSysClockFreq
                0x00000000080020fc      0x114 Drivers/STM32L4xx_HAL_Driver/Src/stm32l4xx_hal_rcc.o
                0x00000000080020fc                HAL_RCC_GetSysClockFreq
 .text.RCC_SetFlashLatencyFromMSIRange
                0x0000000008002210       0xc0 Drivers/STM32L4xx_HAL_Driver/Src/stm32l4xx_hal_rcc.o
 .text.HAL_RCCEx_PeriphCLKConfig
                0x00000000080022d0      0x5cc Drivers/STM32L4xx_HAL_Driver/Src/stm32l4xx_hal_rcc_ex.o
                0x00000000080022d0                HAL_RCCEx_PeriphCLKConfig
 .text.RCCEx_PLLSAI1_Config
                0x000000000800289c      0x1e0 Drivers/STM32L4xx_HAL_Driver/Src/stm32l4xx_hal_rcc_ex.o
 .text.RCCEx_PLLSAI2_Config
                0x0000000008002a7c      0x1b4 Drivers/STM32L4xx_HAL_Driver/Src/stm32l4xx_hal_rcc_ex.o
 .text.HAL_SD_Init
                0x0000000008002c30       0x60 Drivers/STM32L4xx_HAL_Driver/Src/stm32l4xx_hal_sd.o
                0x0000000008002c30                HAL_SD_Init
 .text.HAL_SD_InitCard
                0x0000000008002c90      0x11c Drivers/STM32L4xx_HAL_Driver/Src/stm32l4xx_hal_sd.o
                0x0000000008002c90                HAL_SD_InitCard
 .text.HAL_SD_ReadBlocks_DMA
                0x0000000008002dac      0x190 Drivers/STM32L4xx_HAL_Driver/Src/stm32l4xx_hal_sd.o
                0x0000000008002dac                HAL_SD_ReadBlocks_DMA
 .text.HAL_SD_WriteBlocks_DMA
                0x0000000008002f3c      0x198 Drivers/STM32L4xx_HAL_Driver/Src/stm32l4xx_hal_sd.o
                0x0000000008002f3c                HAL_SD_WriteBlocks_DMA
 .text.HAL_SD_IRQHandler
                0x00000000080030d4      0x2ec Drivers/STM32L4xx_HAL_Driver/Src/stm32l4xx_hal_sd.o
                0x00000000080030d4                HAL_SD_IRQHandler
 .text.HAL_SD_ErrorCallback
                0x00000000080033c0       0x14 Drivers/STM32L4xx_HAL_Driver/Src/stm32l4xx_hal_sd.o
                0x00000000080033c0                HAL_SD_ErrorCallback
 .text.HAL_SD_GetCardCSD
                0x00000000080033d4      0x348 Drivers/STM32L4xx_HAL_Driver/Src/stm32l4xx_hal_sd.o
                0x00000000080033d4                HAL_SD_GetCardCSD
 .text.HAL_SD_GetCardInfo
                0x000000000800371c       0x58 Drivers/STM32L4xx_HAL_Driver/Src/stm32l4xx_hal_sd.o
                0x000000000800371c                HAL_SD_GetCardInfo
 .text.HAL_SD_ConfigWideBusOperation
                0x0000000008003774      0x12c Drivers/STM32L4xx_HAL_Driver/Src/stm32l4xx_hal_sd.o
                0x0000000008003774                HAL_SD_ConfigWideBusOperation
 .text.HAL_SD_GetCardState
                0x00000000080038a0       0x40 Drivers/STM32L4xx_HAL_Driver/Src/stm32l4xx_hal_sd.o
                0x00000000080038a0                HAL_SD_GetCardState
 .text.SD_DMATransmitCplt
                0x00000000080038e0       0x2a Drivers/STM32L4xx_HAL_Driver/Src/stm32l4xx_hal_sd.o
 .text.SD_DMAReceiveCplt
                0x000000000800390a       0x70 Drivers/STM32L4xx_HAL_Driver/Src/stm32l4xx_hal_sd.o
 *fill*         0x000000000800397a        0x2 
 .text.SD_DMAError
                0x000000000800397c       0x98 Drivers/STM32L4xx_HAL_Driver/Src/stm32l4xx_hal_sd.o
 .text.SD_DMATxAbort
                0x0000000008003a14       0x6e Drivers/STM32L4xx_HAL_Driver/Src/stm32l4xx_hal_sd.o
 .text.SD_DMARxAbort
                0x0000000008003a82       0x6e Drivers/STM32L4xx_HAL_Driver/Src/stm32l4xx_hal_sd.o
 .text.SD_InitCard
                0x0000000008003af0      0x19a Drivers/STM32L4xx_HAL_Driver/Src/stm32l4xx_hal_sd.o
 *fill*         0x0000000008003c8a        0x2 
 .text.SD_PowerON
                0x0000000008003c8c      0x11c Drivers/STM32L4xx_HAL_Driver/Src/stm32l4xx_hal_sd.o
 .text.SD_SendStatus
                0x0000000008003da8       0x50 Drivers/STM32L4xx_HAL_Driver/Src/stm32l4xx_hal_sd.o
 .text.SD_WideBus_Enable
                0x0000000008003df8       0x96 Drivers/STM32L4xx_HAL_Driver/Src/stm32l4xx_hal_sd.o
 .text.SD_WideBus_Disable
                0x0000000008003e8e       0x96 Drivers/STM32L4xx_HAL_Driver/Src/stm32l4xx_hal_sd.o
 .text.SD_FindSCR
                0x0000000008003f24      0x194 Drivers/STM32L4xx_HAL_Driver/Src/stm32l4xx_hal_sd.o
 .text.SD_Read_IT
                0x00000000080040b8       0xa2 Drivers/STM32L4xx_HAL_Driver/Src/stm32l4xx_hal_sd.o
 .text.SD_Write_IT
                0x000000000800415a       0xaa Drivers/STM32L4xx_HAL_Driver/Src/stm32l4xx_hal_sd.o
 .text.SDMMC_Init
                0x0000000008004204       0x5a Drivers/STM32L4xx_HAL_Driver/Src/stm32l4xx_ll_sdmmc.o
                0x0000000008004204                SDMMC_Init
 .text.SDMMC_ReadFIFO
                0x000000000800425e       0x1a Drivers/STM32L4xx_HAL_Driver/Src/stm32l4xx_ll_sdmmc.o
                0x000000000800425e                SDMMC_ReadFIFO
 .text.SDMMC_WriteFIFO
                0x0000000008004278       0x22 Drivers/STM32L4xx_HAL_Driver/Src/stm32l4xx_ll_sdmmc.o
                0x0000000008004278                SDMMC_WriteFIFO
 .text.SDMMC_PowerState_ON
                0x000000000800429a       0x1e Drivers/STM32L4xx_HAL_Driver/Src/stm32l4xx_ll_sdmmc.o
                0x000000000800429a                SDMMC_PowerState_ON
 .text.SDMMC_GetPowerState
                0x00000000080042b8       0x1c Drivers/STM32L4xx_HAL_Driver/Src/stm32l4xx_ll_sdmmc.o
                0x00000000080042b8                SDMMC_GetPowerState
 .text.SDMMC_SendCommand
                0x00000000080042d4       0x54 Drivers/STM32L4xx_HAL_Driver/Src/stm32l4xx_ll_sdmmc.o
                0x00000000080042d4                SDMMC_SendCommand
 .text.SDMMC_GetCommandResponse
                0x0000000008004328       0x1a Drivers/STM32L4xx_HAL_Driver/Src/stm32l4xx_ll_sdmmc.o
                0x0000000008004328                SDMMC_GetCommandResponse
 .text.SDMMC_GetResponse
                0x0000000008004342       0x26 Drivers/STM32L4xx_HAL_Driver/Src/stm32l4xx_ll_sdmmc.o
                0x0000000008004342                SDMMC_GetResponse
 .text.SDMMC_ConfigData
                0x0000000008004368       0x58 Drivers/STM32L4xx_HAL_Driver/Src/stm32l4xx_ll_sdmmc.o
                0x0000000008004368                SDMMC_ConfigData
 .text.SDMMC_CmdBlockLength
                0x00000000080043c0       0x44 Drivers/STM32L4xx_HAL_Driver/Src/stm32l4xx_ll_sdmmc.o
                0x00000000080043c0                SDMMC_CmdBlockLength
 .text.SDMMC_CmdReadSingleBlock
                0x0000000008004404       0x44 Drivers/STM32L4xx_HAL_Driver/Src/stm32l4xx_ll_sdmmc.o
                0x0000000008004404                SDMMC_CmdReadSingleBlock
 .text.SDMMC_CmdReadMultiBlock
                0x0000000008004448       0x44 Drivers/STM32L4xx_HAL_Driver/Src/stm32l4xx_ll_sdmmc.o
                0x0000000008004448                SDMMC_CmdReadMultiBlock
 .text.SDMMC_CmdWriteSingleBlock
                0x000000000800448c       0x44 Drivers/STM32L4xx_HAL_Driver/Src/stm32l4xx_ll_sdmmc.o
                0x000000000800448c                SDMMC_CmdWriteSingleBlock
 .text.SDMMC_CmdWriteMultiBlock
                0x00000000080044d0       0x44 Drivers/STM32L4xx_HAL_Driver/Src/stm32l4xx_ll_sdmmc.o
                0x00000000080044d0                SDMMC_CmdWriteMultiBlock
 .text.SDMMC_CmdStopTransfer
                0x0000000008004514       0x44 Drivers/STM32L4xx_HAL_Driver/Src/stm32l4xx_ll_sdmmc.o
                0x0000000008004514                SDMMC_CmdStopTransfer
 .text.SDMMC_CmdSelDesel
                0x0000000008004558       0x46 Drivers/STM32L4xx_HAL_Driver/Src/stm32l4xx_ll_sdmmc.o
                0x0000000008004558                SDMMC_CmdSelDesel
 .text.SDMMC_CmdGoIdleState
                0x000000000800459e       0x3c Drivers/STM32L4xx_HAL_Driver/Src/stm32l4xx_ll_sdmmc.o
                0x000000000800459e                SDMMC_CmdGoIdleState
 .text.SDMMC_CmdOperCond
                0x00000000080045da       0x3e Drivers/STM32L4xx_HAL_Driver/Src/stm32l4xx_ll_sdmmc.o
                0x00000000080045da                SDMMC_CmdOperCond
 .text.SDMMC_CmdAppCommand
                0x0000000008004618       0x44 Drivers/STM32L4xx_HAL_Driver/Src/stm32l4xx_ll_sdmmc.o
                0x0000000008004618                SDMMC_CmdAppCommand
 .text.SDMMC_CmdAppOperCommand
                0x000000000800465c       0x46 Drivers/STM32L4xx_HAL_Driver/Src/stm32l4xx_ll_sdmmc.o
                0x000000000800465c                SDMMC_CmdAppOperCommand
 .text.SDMMC_CmdBusWidth
                0x00000000080046a2       0x44 Drivers/STM32L4xx_HAL_Driver/Src/stm32l4xx_ll_sdmmc.o
                0x00000000080046a2                SDMMC_CmdBusWidth
 .text.SDMMC_CmdSendSCR
                0x00000000080046e6       0x42 Drivers/STM32L4xx_HAL_Driver/Src/stm32l4xx_ll_sdmmc.o
                0x00000000080046e6                SDMMC_CmdSendSCR
 .text.SDMMC_CmdSendCID
                0x0000000008004728       0x3c Drivers/STM32L4xx_HAL_Driver/Src/stm32l4xx_ll_sdmmc.o
                0x0000000008004728                SDMMC_CmdSendCID
 .text.SDMMC_CmdSendCSD
                0x0000000008004764       0x3e Drivers/STM32L4xx_HAL_Driver/Src/stm32l4xx_ll_sdmmc.o
                0x0000000008004764                SDMMC_CmdSendCSD
 .text.SDMMC_CmdSetRelAdd
                0x00000000080047a2       0x42 Drivers/STM32L4xx_HAL_Driver/Src/stm32l4xx_ll_sdmmc.o
                0x00000000080047a2                SDMMC_CmdSetRelAdd
 .text.SDMMC_CmdSendStatus
                0x00000000080047e4       0x44 Drivers/STM32L4xx_HAL_Driver/Src/stm32l4xx_ll_sdmmc.o
                0x00000000080047e4                SDMMC_CmdSendStatus
 .text.SDMMC_GetCmdError
                0x0000000008004828       0x50 Drivers/STM32L4xx_HAL_Driver/Src/stm32l4xx_ll_sdmmc.o
 .text.SDMMC_GetCmdResp1
                0x0000000008004878      0x1d8 Drivers/STM32L4xx_HAL_Driver/Src/stm32l4xx_ll_sdmmc.o
 .text.SDMMC_GetCmdResp2
                0x0000000008004a50       0x8c Drivers/STM32L4xx_HAL_Driver/Src/stm32l4xx_ll_sdmmc.o
 .text.SDMMC_GetCmdResp3
                0x0000000008004adc       0x74 Drivers/STM32L4xx_HAL_Driver/Src/stm32l4xx_ll_sdmmc.o
 .text.SDMMC_GetCmdResp6
                0x0000000008004b50       0xe8 Drivers/STM32L4xx_HAL_Driver/Src/stm32l4xx_ll_sdmmc.o
 .text.SDMMC_GetCmdResp7
                0x0000000008004c38       0x98 Drivers/STM32L4xx_HAL_Driver/Src/stm32l4xx_ll_sdmmc.o
 .text.MX_FATFS_Init
                0x0000000008004cd0       0x24 FATFS/App/fatfs.o
                0x0000000008004cd0                MX_FATFS_Init
 .text.get_fattime
                0x0000000008004cf4       0x10 FATFS/App/fatfs.o
                0x0000000008004cf4                get_fattime
 .text.HAL_SD_AbortCallback
                0x0000000008004d04       0x14 FATFS/Target/bsp_driver_sd.o
                0x0000000008004d04                HAL_SD_AbortCallback
 .text.HAL_SD_TxCpltCallback
                0x0000000008004d18       0x14 FATFS/Target/bsp_driver_sd.o
                0x0000000008004d18                HAL_SD_TxCpltCallback
 .text.HAL_SD_RxCpltCallback
                0x0000000008004d2c       0x14 FATFS/Target/bsp_driver_sd.o
                0x0000000008004d2c                HAL_SD_RxCpltCallback
 .text.BSP_SD_IsDetected
                0x0000000008004d40       0x24 FATFS/Target/bsp_driver_sd.o
                0x0000000008004d40                BSP_SD_IsDetected
 .text.BSP_PlatformIsDetected
                0x0000000008004d64       0x2c FATFS/Target/fatfs_platform.o
                0x0000000008004d64                BSP_PlatformIsDetected
 .text.SD_CheckStatusWithTimeout
                0x0000000008004d90       0x3a FATFS/Target/sd_diskio.o
 *fill*         0x0000000008004dca        0x2 
 .text.SD_CheckStatus
                0x0000000008004dcc       0x3c FATFS/Target/sd_diskio.o
 .text.SD_initialize
                0x0000000008004e08       0x38 FATFS/Target/sd_diskio.o
                0x0000000008004e08                SD_initialize
 .text.SD_status
                0x0000000008004e40       0x1c FATFS/Target/sd_diskio.o
                0x0000000008004e40                SD_status
 .text.SD_read  0x0000000008004e5c       0xac FATFS/Target/sd_diskio.o
                0x0000000008004e5c                SD_read
 .text.SD_write
                0x0000000008004f08       0xac FATFS/Target/sd_diskio.o
                0x0000000008004f08                SD_write
 .text.SD_ioctl
                0x0000000008004fb4       0xb0 FATFS/Target/sd_diskio.o
                0x0000000008004fb4                SD_ioctl
 .text.BSP_SD_WriteCpltCallback
                0x0000000008005064       0x18 FATFS/Target/sd_diskio.o
                0x0000000008005064                BSP_SD_WriteCpltCallback
 .text.BSP_SD_ReadCpltCallback
                0x000000000800507c       0x18 FATFS/Target/sd_diskio.o
                0x000000000800507c                BSP_SD_ReadCpltCallback
 .text.disk_status
                0x0000000008005094       0x34 Middlewares/Third_Party/FatFs/src/diskio.o
                0x0000000008005094                disk_status
 .text.disk_initialize
                0x00000000080050c8       0x4c Middlewares/Third_Party/FatFs/src/diskio.o
                0x00000000080050c8                disk_initialize
 .text.disk_read
                0x0000000008005114       0x40 Middlewares/Third_Party/FatFs/src/diskio.o
                0x0000000008005114                disk_read
 .text.disk_write
                0x0000000008005154       0x40 Middlewares/Third_Party/FatFs/src/diskio.o
                0x0000000008005154                disk_write
 .text.disk_ioctl
                0x0000000008005194       0x3c Middlewares/Third_Party/FatFs/src/diskio.o
                0x0000000008005194                disk_ioctl
 .text.ld_word  0x00000000080051d0       0x30 Middlewares/Third_Party/FatFs/src/ff.o
 .text.ld_dword
                0x0000000008005200       0x46 Middlewares/Third_Party/FatFs/src/ff.o
 .text.st_word  0x0000000008005246       0x36 Middlewares/Third_Party/FatFs/src/ff.o
 .text.st_dword
                0x000000000800527c       0x58 Middlewares/Third_Party/FatFs/src/ff.o
 .text.mem_cpy  0x00000000080052d4       0x42 Middlewares/Third_Party/FatFs/src/ff.o
 .text.mem_set  0x0000000008005316       0x34 Middlewares/Third_Party/FatFs/src/ff.o
 .text.mem_cmp  0x000000000800534a       0x4e Middlewares/Third_Party/FatFs/src/ff.o
 .text.chk_chr  0x0000000008005398       0x36 Middlewares/Third_Party/FatFs/src/ff.o
 *fill*         0x00000000080053ce        0x2 
 .text.chk_lock
                0x00000000080053d0       0xb8 Middlewares/Third_Party/FatFs/src/ff.o
 .text.enq_lock
                0x0000000008005488       0x44 Middlewares/Third_Party/FatFs/src/ff.o
 .text.inc_lock
                0x00000000080054cc      0x11c Middlewares/Third_Party/FatFs/src/ff.o
 .text.dec_lock
                0x00000000080055e8       0x78 Middlewares/Third_Party/FatFs/src/ff.o
 .text.clear_lock
                0x0000000008005660       0x48 Middlewares/Third_Party/FatFs/src/ff.o
 .text.sync_window
                0x00000000080056a8       0x88 Middlewares/Third_Party/FatFs/src/ff.o
 .text.move_window
                0x0000000008005730       0x5a Middlewares/Third_Party/FatFs/src/ff.o
 *fill*         0x000000000800578a        0x2 
 .text.sync_fs  0x000000000800578c       0xe0 Middlewares/Third_Party/FatFs/src/ff.o
 .text.clust2sect
                0x000000000800586c       0x3e Middlewares/Third_Party/FatFs/src/ff.o
 .text.get_fat  0x00000000080058aa      0x1a0 Middlewares/Third_Party/FatFs/src/ff.o
 .text.put_fat  0x0000000008005a4a      0x22e Middlewares/Third_Party/FatFs/src/ff.o
 .text.remove_chain
                0x0000000008005c78       0xca Middlewares/Third_Party/FatFs/src/ff.o
 .text.create_chain
                0x0000000008005d42      0x130 Middlewares/Third_Party/FatFs/src/ff.o
 .text.clmt_clust
                0x0000000008005e72       0x70 Middlewares/Third_Party/FatFs/src/ff.o
 .text.dir_sdi  0x0000000008005ee2      0x112 Middlewares/Third_Party/FatFs/src/ff.o
 .text.dir_next
                0x0000000008005ff4      0x1ac Middlewares/Third_Party/FatFs/src/ff.o
 .text.dir_alloc
                0x00000000080061a0       0x8e Middlewares/Third_Party/FatFs/src/ff.o
 .text.ld_clust
                0x000000000800622e       0x3e Middlewares/Third_Party/FatFs/src/ff.o
 .text.st_clust
                0x000000000800626c       0x40 Middlewares/Third_Party/FatFs/src/ff.o
 .text.dir_find
                0x00000000080062ac       0xaa Middlewares/Third_Party/FatFs/src/ff.o
 .text.dir_register
                0x0000000008006356       0x64 Middlewares/Third_Party/FatFs/src/ff.o
 *fill*         0x00000000080063ba        0x2 
 .text.create_name
                0x00000000080063bc      0x128 Middlewares/Third_Party/FatFs/src/ff.o
 .text.follow_path
                0x00000000080064e4       0xec Middlewares/Third_Party/FatFs/src/ff.o
 .text.get_ldnumber
                0x00000000080065d0       0x88 Middlewares/Third_Party/FatFs/src/ff.o
 .text.check_fs
                0x0000000008006658       0xac Middlewares/Third_Party/FatFs/src/ff.o
 .text.find_volume
                0x0000000008006704      0x508 Middlewares/Third_Party/FatFs/src/ff.o
 .text.validate
                0x0000000008006c0c       0x6a Middlewares/Third_Party/FatFs/src/ff.o
 *fill*         0x0000000008006c76        0x2 
 .text.f_mount  0x0000000008006c78       0x8c Middlewares/Third_Party/FatFs/src/ff.o
                0x0000000008006c78                f_mount
 .text.f_open   0x0000000008006d04      0x398 Middlewares/Third_Party/FatFs/src/ff.o
                0x0000000008006d04                f_open
 .text.f_write  0x000000000800709c      0x328 Middlewares/Third_Party/FatFs/src/ff.o
                0x000000000800709c                f_write
 .text.f_sync   0x00000000080073c4       0xfc Middlewares/Third_Party/FatFs/src/ff.o
                0x00000000080073c4                f_sync
 .text.f_close  0x00000000080074c0       0x54 Middlewares/Third_Party/FatFs/src/ff.o
                0x00000000080074c0                f_close
 .text.f_lseek  0x0000000008007514      0x448 Middlewares/Third_Party/FatFs/src/ff.o
                0x0000000008007514                f_lseek
 .text.FATFS_LinkDriverEx
                0x000000000800795c       0x98 Middlewares/Third_Party/FatFs/src/ff_gen_drv.o
                0x000000000800795c                FATFS_LinkDriverEx
 .text.FATFS_LinkDriver
                0x00000000080079f4       0x1e Middlewares/Third_Party/FatFs/src/ff_gen_drv.o
                0x00000000080079f4                FATFS_LinkDriver
 *fill*         0x0000000008007a12        0x2 
 .text.__libc_init_array
                0x0000000008007a14       0x48 /opt/st/stm32cubeide_1.3.0/plugins/com.st.stm32cube.ide.mcu.externaltools.gnu-tools-for-stm32.7-2018-q2-update.linux64_1.0.0.201904181610/tools/bin/../lib/gcc/arm-none-eabi/7.3.1/../../../../arm-none-eabi/lib/thumb/v7e-m/fpv4-sp/hard/libc_nano.a(lib_a-init.o)
                0x0000000008007a14                __libc_init_array
 .text.memset   0x0000000008007a5c       0x10 /opt/st/stm32cubeide_1.3.0/plugins/com.st.stm32cube.ide.mcu.externaltools.gnu-tools-for-stm32.7-2018-q2-update.linux64_1.0.0.201904181610/tools/bin/../lib/gcc/arm-none-eabi/7.3.1/../../../../arm-none-eabi/lib/thumb/v7e-m/fpv4-sp/hard/libc_nano.a(lib_a-memset.o)
                0x0000000008007a5c                memset
 *(.glue_7)
 .glue_7        0x0000000008007a6c        0x0 linker stubs
 *(.glue_7t)
 .glue_7t       0x0000000008007a6c        0x0 linker stubs
 *(.eh_frame)
 .eh_frame      0x0000000008007a6c        0x0 /opt/st/stm32cubeide_1.3.0/plugins/com.st.stm32cube.ide.mcu.externaltools.gnu-tools-for-stm32.7-2018-q2-update.linux64_1.0.0.201904181610/tools/bin/../lib/gcc/arm-none-eabi/7.3.1/thumb/v7e-m/fpv4-sp/hard/crtbegin.o
 *(.init)
 .init          0x0000000008007a6c        0x4 /opt/st/stm32cubeide_1.3.0/plugins/com.st.stm32cube.ide.mcu.externaltools.gnu-tools-for-stm32.7-2018-q2-update.linux64_1.0.0.201904181610/tools/bin/../lib/gcc/arm-none-eabi/7.3.1/thumb/v7e-m/fpv4-sp/hard/crti.o
                0x0000000008007a6c                _init
 .init          0x0000000008007a70        0x8 /opt/st/stm32cubeide_1.3.0/plugins/com.st.stm32cube.ide.mcu.externaltools.gnu-tools-for-stm32.7-2018-q2-update.linux64_1.0.0.201904181610/tools/bin/../lib/gcc/arm-none-eabi/7.3.1/thumb/v7e-m/fpv4-sp/hard/crtn.o
 *(.fini)
 .fini          0x0000000008007a78        0x4 /opt/st/stm32cubeide_1.3.0/plugins/com.st.stm32cube.ide.mcu.externaltools.gnu-tools-for-stm32.7-2018-q2-update.linux64_1.0.0.201904181610/tools/bin/../lib/gcc/arm-none-eabi/7.3.1/thumb/v7e-m/fpv4-sp/hard/crti.o
                0x0000000008007a78                _fini
 .fini          0x0000000008007a7c        0x8 /opt/st/stm32cubeide_1.3.0/plugins/com.st.stm32cube.ide.mcu.externaltools.gnu-tools-for-stm32.7-2018-q2-update.linux64_1.0.0.201904181610/tools/bin/../lib/gcc/arm-none-eabi/7.3.1/thumb/v7e-m/fpv4-sp/hard/crtn.o
                0x0000000008007a84                . = ALIGN (0x4)
                0x0000000008007a84                _etext = .

.vfp11_veneer   0x0000000008007a84        0x0
 .vfp11_veneer  0x0000000008007a84        0x0 linker stubs

.v4_bx          0x0000000008007a84        0x0
 .v4_bx         0x0000000008007a84        0x0 linker stubs

.iplt           0x0000000008007a84        0x0
 .iplt          0x0000000008007a84        0x0 /opt/st/stm32cubeide_1.3.0/plugins/com.st.stm32cube.ide.mcu.externaltools.gnu-tools-for-stm32.7-2018-q2-update.linux64_1.0.0.201904181610/tools/bin/../lib/gcc/arm-none-eabi/7.3.1/thumb/v7e-m/fpv4-sp/hard/crtbegin.o

.rodata         0x0000000008007a84      0x118
                0x0000000008007a84                . = ALIGN (0x4)
 *(.rodata)
 .rodata        0x0000000008007a84       0x44 Middlewares/Third_Party/FatFs/src/ff.o
 *(.rodata*)
 .rodata.AHBPrescTable
                0x0000000008007ac8       0x10 Core/Src/system_stm32l4xx.o
                0x0000000008007ac8                AHBPrescTable
 .rodata.MSIRangeTable
                0x0000000008007ad8       0x30 Core/Src/system_stm32l4xx.o
                0x0000000008007ad8                MSIRangeTable
 .rodata.SD_Driver
                0x0000000008007b08       0x14 FATFS/Target/sd_diskio.o
                0x0000000008007b08                SD_Driver
 .rodata.ExCvt  0x0000000008007b1c       0x80 Middlewares/Third_Party/FatFs/src/ff.o
                0x0000000008007b9c                . = ALIGN (0x4)

.rel.dyn        0x0000000008007b9c        0x0
 .rel.iplt      0x0000000008007b9c        0x0 /opt/st/stm32cubeide_1.3.0/plugins/com.st.stm32cube.ide.mcu.externaltools.gnu-tools-for-stm32.7-2018-q2-update.linux64_1.0.0.201904181610/tools/bin/../lib/gcc/arm-none-eabi/7.3.1/thumb/v7e-m/fpv4-sp/hard/crtbegin.o

.ARM.extab      0x0000000008007b9c        0x0
                0x0000000008007b9c                . = ALIGN (0x4)
 *(.ARM.extab* .gnu.linkonce.armextab.*)
                0x0000000008007b9c                . = ALIGN (0x4)

.ARM            0x0000000008007b9c        0x0
                0x0000000008007b9c                . = ALIGN (0x4)
                0x0000000008007b9c                __exidx_start = .
 *(.ARM.exidx*)
                0x0000000008007b9c                __exidx_end = .
                0x0000000008007b9c                . = ALIGN (0x4)

.preinit_array  0x0000000008007b9c        0x0
                0x0000000008007b9c                . = ALIGN (0x4)
                0x0000000008007b9c                PROVIDE (__preinit_array_start = .)
 *(.preinit_array*)
                0x0000000008007b9c                PROVIDE (__preinit_array_end = .)
                0x0000000008007b9c                . = ALIGN (0x4)

.init_array     0x0000000008007b9c        0x4
                0x0000000008007b9c                . = ALIGN (0x4)
                0x0000000008007b9c                PROVIDE (__init_array_start = .)
 *(SORT_BY_NAME(.init_array.*))
 *(.init_array*)
 .init_array    0x0000000008007b9c        0x4 /opt/st/stm32cubeide_1.3.0/plugins/com.st.stm32cube.ide.mcu.externaltools.gnu-tools-for-stm32.7-2018-q2-update.linux64_1.0.0.201904181610/tools/bin/../lib/gcc/arm-none-eabi/7.3.1/thumb/v7e-m/fpv4-sp/hard/crtbegin.o
                0x0000000008007ba0                PROVIDE (__init_array_end = .)
                0x0000000008007ba0                . = ALIGN (0x4)

.fini_array     0x0000000008007ba0        0x4
                0x0000000008007ba0                . = ALIGN (0x4)
                [!provide]                        PROVIDE (__fini_array_start = .)
 *(SORT_BY_NAME(.fini_array.*))
 *(.fini_array*)
 .fini_array    0x0000000008007ba0        0x4 /opt/st/stm32cubeide_1.3.0/plugins/com.st.stm32cube.ide.mcu.externaltools.gnu-tools-for-stm32.7-2018-q2-update.linux64_1.0.0.201904181610/tools/bin/../lib/gcc/arm-none-eabi/7.3.1/thumb/v7e-m/fpv4-sp/hard/crtbegin.o
                [!provide]                        PROVIDE (__fini_array_end = .)
                0x0000000008007ba4                . = ALIGN (0x4)
                0x0000000008007ba4                _sidata = LOADADDR (.data)

.data           0x0000000020000000       0x80 load address 0x0000000008007ba4
                0x0000000020000000                . = ALIGN (0x4)
                0x0000000020000000                _sdata = .
 *(.data)
 *(.data*)
 .data.filename
                0x0000000020000000        0x9 Core/Src/main.o
                0x0000000020000000                filename
 *fill*         0x0000000020000009        0x3 
 .data.wrtext1  0x000000002000000c       0x11 Core/Src/main.o
                0x000000002000000c                wrtext1
 *fill*         0x000000002000001d        0x3 
 .data.wrtext2  0x0000000020000020       0x26 Core/Src/main.o
                0x0000000020000020                wrtext2
 *fill*         0x0000000020000046        0x2 
 .data.wrtext3  0x0000000020000048       0x25 Core/Src/main.o
                0x0000000020000048                wrtext3
 *fill*         0x000000002000006d        0x3 
 .data.SystemCoreClock
                0x0000000020000070        0x4 Core/Src/system_stm32l4xx.o
                0x0000000020000070                SystemCoreClock
 .data.uwTickPrio
                0x0000000020000074        0x4 Drivers/STM32L4xx_HAL_Driver/Src/stm32l4xx_hal.o
                0x0000000020000074                uwTickPrio
 .data.uwTickFreq
                0x0000000020000078        0x4 Drivers/STM32L4xx_HAL_Driver/Src/stm32l4xx_hal.o
                0x0000000020000078                uwTickFreq
 .data.Stat     0x000000002000007c        0x1 FATFS/Target/sd_diskio.o
                0x0000000020000080                . = ALIGN (0x4)
 *fill*         0x000000002000007d        0x3 
                0x0000000020000080                _edata = .

.igot.plt       0x0000000020000080        0x0 load address 0x0000000008007c24
 .igot.plt      0x0000000020000080        0x0 /opt/st/stm32cubeide_1.3.0/plugins/com.st.stm32cube.ide.mcu.externaltools.gnu-tools-for-stm32.7-2018-q2-update.linux64_1.0.0.201904181610/tools/bin/../lib/gcc/arm-none-eabi/7.3.1/thumb/v7e-m/fpv4-sp/hard/crtbegin.o
                0x0000000020000080                . = ALIGN (0x4)

.bss            0x0000000020000080     0x2228 load address 0x0000000008007c24
                0x0000000020000080                _sbss = .
                0x0000000020000080                __bss_start__ = _sbss
 *(.bss)
 .bss           0x0000000020000080       0x1c /opt/st/stm32cubeide_1.3.0/plugins/com.st.stm32cube.ide.mcu.externaltools.gnu-tools-for-stm32.7-2018-q2-update.linux64_1.0.0.201904181610/tools/bin/../lib/gcc/arm-none-eabi/7.3.1/thumb/v7e-m/fpv4-sp/hard/crtbegin.o
 *(.bss*)
 .bss.hdma_rx.8334
                0x000000002000009c       0x48 Core/Src/bsp_driver_sd_f.o
 .bss.hdma_tx.8339
                0x00000000200000e4       0x48 Core/Src/bsp_driver_sd_f.o
 .bss.WriteStatus
                0x000000002000012c        0x4 FATFS/Target/sd_diskio.o
 .bss.ReadStatus
                0x0000000020000130        0x4 FATFS/Target/sd_diskio.o
 .bss.FatFs     0x0000000020000134        0x4 Middlewares/Third_Party/FatFs/src/ff.o
 .bss.Fsid      0x0000000020000138        0x2 Middlewares/Third_Party/FatFs/src/ff.o
 *fill*         0x000000002000013a        0x2 
 .bss.Files     0x000000002000013c       0x20 Middlewares/Third_Party/FatFs/src/ff.o
 .bss.disk      0x000000002000015c        0xc Middlewares/Third_Party/FatFs/src/ff_gen_drv.o
                0x000000002000015c                disk
 *(COMMON)
 COMMON         0x0000000020000168        0x4 Core/Src/main.o
                0x0000000020000168                byteswrite
 COMMON         0x000000002000016c       0xcc Core/Src/sdmmc.o
                0x000000002000016c                hsd1
                0x00000000200001f0                hdma_sdmmc1
 COMMON         0x0000000020000238        0x4 Drivers/STM32L4xx_HAL_Driver/Src/stm32l4xx_hal.o
                0x0000000020000238                uwTick
 COMMON         0x000000002000023c     0x206c FATFS/App/fatfs.o
                0x000000002000023c                retSD
                0x0000000020000240                SDPath
                0x0000000020000244                SDFile
                0x0000000020001274                SDFatFS
                0x00000000200022a8                . = ALIGN (0x4)
                0x00000000200022a8                _ebss = .
                0x00000000200022a8                __bss_end__ = _ebss

._user_heap_stack
                0x00000000200022a8     0x6000 load address 0x0000000008007c24
                0x00000000200022a8                . = ALIGN (0x8)
                0x00000000200022a8                PROVIDE (end = .)
                [!provide]                        PROVIDE (_end = .)
                0x00000000200042a8                . = (. + _Min_Heap_Size)
 *fill*         0x00000000200022a8     0x2000 
                0x00000000200082a8                . = (. + _Min_Stack_Size)
 *fill*         0x00000000200042a8     0x4000 
                0x00000000200082a8                . = ALIGN (0x8)

/DISCARD/
 libc.a(*)
 libm.a(*)
 libgcc.a(*)

.ARM.attributes
                0x0000000000000000       0x30
 *(.ARM.attributes)
 .ARM.attributes
                0x0000000000000000       0x22 /opt/st/stm32cubeide_1.3.0/plugins/com.st.stm32cube.ide.mcu.externaltools.gnu-tools-for-stm32.7-2018-q2-update.linux64_1.0.0.201904181610/tools/bin/../lib/gcc/arm-none-eabi/7.3.1/thumb/v7e-m/fpv4-sp/hard/crti.o
 .ARM.attributes
                0x0000000000000022       0x34 /opt/st/stm32cubeide_1.3.0/plugins/com.st.stm32cube.ide.mcu.externaltools.gnu-tools-for-stm32.7-2018-q2-update.linux64_1.0.0.201904181610/tools/bin/../lib/gcc/arm-none-eabi/7.3.1/thumb/v7e-m/fpv4-sp/hard/crtbegin.o
 .ARM.attributes
                0x0000000000000056       0x39 Core/Src/bsp_driver_sd_f.o
 .ARM.attributes
                0x000000000000008f       0x39 Core/Src/dma.o
 .ARM.attributes
                0x00000000000000c8       0x39 Core/Src/gpio.o
 .ARM.attributes
                0x0000000000000101       0x39 Core/Src/main.o
 .ARM.attributes
                0x000000000000013a       0x39 Core/Src/sdmmc.o
 .ARM.attributes
                0x0000000000000173       0x39 Core/Src/stm32l4xx_hal_msp.o
 .ARM.attributes
                0x00000000000001ac       0x39 Core/Src/stm32l4xx_it.o
 .ARM.attributes
                0x00000000000001e5       0x39 Core/Src/system_stm32l4xx.o
 .ARM.attributes
                0x000000000000021e       0x21 Core/Startup/startup_stm32l476vgtx.o
 .ARM.attributes
                0x000000000000023f       0x39 Drivers/STM32L4xx_HAL_Driver/Src/stm32l4xx_hal.o
 .ARM.attributes
                0x0000000000000278       0x39 Drivers/STM32L4xx_HAL_Driver/Src/stm32l4xx_hal_cortex.o
 .ARM.attributes
                0x00000000000002b1       0x39 Drivers/STM32L4xx_HAL_Driver/Src/stm32l4xx_hal_dma.o
 .ARM.attributes
                0x00000000000002ea       0x39 Drivers/STM32L4xx_HAL_Driver/Src/stm32l4xx_hal_gpio.o
 .ARM.attributes
                0x0000000000000323       0x39 Drivers/STM32L4xx_HAL_Driver/Src/stm32l4xx_hal_pwr_ex.o
 .ARM.attributes
                0x000000000000035c       0x39 Drivers/STM32L4xx_HAL_Driver/Src/stm32l4xx_hal_rcc.o
 .ARM.attributes
                0x0000000000000395       0x39 Drivers/STM32L4xx_HAL_Driver/Src/stm32l4xx_hal_rcc_ex.o
 .ARM.attributes
                0x00000000000003ce       0x39 Drivers/STM32L4xx_HAL_Driver/Src/stm32l4xx_hal_sd.o
 .ARM.attributes
                0x0000000000000407       0x39 Drivers/STM32L4xx_HAL_Driver/Src/stm32l4xx_ll_sdmmc.o
 .ARM.attributes
                0x0000000000000440       0x39 FATFS/App/fatfs.o
 .ARM.attributes
                0x0000000000000479       0x39 FATFS/Target/bsp_driver_sd.o
 .ARM.attributes
                0x00000000000004b2       0x39 FATFS/Target/fatfs_platform.o
 .ARM.attributes
                0x00000000000004eb       0x39 FATFS/Target/sd_diskio.o
 .ARM.attributes
                0x0000000000000524       0x39 Middlewares/Third_Party/FatFs/src/diskio.o
 .ARM.attributes
                0x000000000000055d       0x39 Middlewares/Third_Party/FatFs/src/ff.o
 .ARM.attributes
                0x0000000000000596       0x39 Middlewares/Third_Party/FatFs/src/ff_gen_drv.o
 .ARM.attributes
                0x00000000000005cf       0x34 /opt/st/stm32cubeide_1.3.0/plugins/com.st.stm32cube.ide.mcu.externaltools.gnu-tools-for-stm32.7-2018-q2-update.linux64_1.0.0.201904181610/tools/bin/../lib/gcc/arm-none-eabi/7.3.1/../../../../arm-none-eabi/lib/thumb/v7e-m/fpv4-sp/hard/libc_nano.a(lib_a-init.o)
 .ARM.attributes
                0x0000000000000603       0x34 /opt/st/stm32cubeide_1.3.0/plugins/com.st.stm32cube.ide.mcu.externaltools.gnu-tools-for-stm32.7-2018-q2-update.linux64_1.0.0.201904181610/tools/bin/../lib/gcc/arm-none-eabi/7.3.1/../../../../arm-none-eabi/lib/thumb/v7e-m/fpv4-sp/hard/libc_nano.a(lib_a-memset.o)
 .ARM.attributes
                0x0000000000000637       0x22 /opt/st/stm32cubeide_1.3.0/plugins/com.st.stm32cube.ide.mcu.externaltools.gnu-tools-for-stm32.7-2018-q2-update.linux64_1.0.0.201904181610/tools/bin/../lib/gcc/arm-none-eabi/7.3.1/thumb/v7e-m/fpv4-sp/hard/crtn.o
OUTPUT(sd_card_l4_noRTOS.elf elf32-littlearm)

.debug_info     0x0000000000000000    0x14896
 .debug_info    0x0000000000000000      0xd01 Core/Src/bsp_driver_sd_f.o
 .debug_info    0x0000000000000d01      0x6d6 Core/Src/dma.o
 .debug_info    0x00000000000013d7      0x610 Core/Src/gpio.o
 .debug_info    0x00000000000019e7     0x1906 Core/Src/main.o
 .debug_info    0x00000000000032ed      0xe10 Core/Src/sdmmc.o
 .debug_info    0x00000000000040fd      0x4c8 Core/Src/stm32l4xx_hal_msp.o
 .debug_info    0x00000000000045c5      0x8bf Core/Src/stm32l4xx_it.o
 .debug_info    0x0000000000004e84      0x6f6 Core/Src/system_stm32l4xx.o
 .debug_info    0x000000000000557a       0x22 Core/Startup/startup_stm32l476vgtx.o
 .debug_info    0x000000000000559c      0xbe0 Drivers/STM32L4xx_HAL_Driver/Src/stm32l4xx_hal.o
 .debug_info    0x000000000000617c      0xf3c Drivers/STM32L4xx_HAL_Driver/Src/stm32l4xx_hal_cortex.o
 .debug_info    0x00000000000070b8      0x8c1 Drivers/STM32L4xx_HAL_Driver/Src/stm32l4xx_hal_dma.o
 .debug_info    0x0000000000007979      0x982 Drivers/STM32L4xx_HAL_Driver/Src/stm32l4xx_hal_gpio.o
 .debug_info    0x00000000000082fb      0xb04 Drivers/STM32L4xx_HAL_Driver/Src/stm32l4xx_hal_pwr_ex.o
 .debug_info    0x0000000000008dff      0xcfe Drivers/STM32L4xx_HAL_Driver/Src/stm32l4xx_hal_rcc.o
 .debug_info    0x0000000000009afd      0xf10 Drivers/STM32L4xx_HAL_Driver/Src/stm32l4xx_hal_rcc_ex.o
 .debug_info    0x000000000000aa0d     0x1979 Drivers/STM32L4xx_HAL_Driver/Src/stm32l4xx_hal_sd.o
 .debug_info    0x000000000000c386     0x1253 Drivers/STM32L4xx_HAL_Driver/Src/stm32l4xx_ll_sdmmc.o
 .debug_info    0x000000000000d5d9      0xea0 FATFS/App/fatfs.o
 .debug_info    0x000000000000e479      0xae7 FATFS/Target/bsp_driver_sd.o
 .debug_info    0x000000000000ef60      0x38d FATFS/Target/fatfs_platform.o
 .debug_info    0x000000000000f2ed      0xecc FATFS/Target/sd_diskio.o
 .debug_info    0x00000000000101b9      0xdea Middlewares/Third_Party/FatFs/src/diskio.o
 .debug_info    0x0000000000010fa3     0x2b71 Middlewares/Third_Party/FatFs/src/ff.o
 .debug_info    0x0000000000013b14      0xd82 Middlewares/Third_Party/FatFs/src/ff_gen_drv.o

.debug_abbrev   0x0000000000000000     0x2e4c
 .debug_abbrev  0x0000000000000000      0x25e Core/Src/bsp_driver_sd_f.o
 .debug_abbrev  0x000000000000025e      0x123 Core/Src/dma.o
 .debug_abbrev  0x0000000000000381      0x134 Core/Src/gpio.o
 .debug_abbrev  0x00000000000004b5      0x24b Core/Src/main.o
 .debug_abbrev  0x0000000000000700      0x1b3 Core/Src/sdmmc.o
 .debug_abbrev  0x00000000000008b3      0x125 Core/Src/stm32l4xx_hal_msp.o
 .debug_abbrev  0x00000000000009d8      0x19c Core/Src/stm32l4xx_it.o
 .debug_abbrev  0x0000000000000b74      0x150 Core/Src/system_stm32l4xx.o
 .debug_abbrev  0x0000000000000cc4       0x12 Core/Startup/startup_stm32l476vgtx.o
 .debug_abbrev  0x0000000000000cd6      0x1fb Drivers/STM32L4xx_HAL_Driver/Src/stm32l4xx_hal.o
 .debug_abbrev  0x0000000000000ed1      0x2fa Drivers/STM32L4xx_HAL_Driver/Src/stm32l4xx_hal_cortex.o
 .debug_abbrev  0x00000000000011cb      0x1d9 Drivers/STM32L4xx_HAL_Driver/Src/stm32l4xx_hal_dma.o
 .debug_abbrev  0x00000000000013a4      0x1c0 Drivers/STM32L4xx_HAL_Driver/Src/stm32l4xx_hal_gpio.o
 .debug_abbrev  0x0000000000001564      0x1cb Drivers/STM32L4xx_HAL_Driver/Src/stm32l4xx_hal_pwr_ex.o
 .debug_abbrev  0x000000000000172f      0x245 Drivers/STM32L4xx_HAL_Driver/Src/stm32l4xx_hal_rcc.o
 .debug_abbrev  0x0000000000001974      0x238 Drivers/STM32L4xx_HAL_Driver/Src/stm32l4xx_hal_rcc_ex.o
 .debug_abbrev  0x0000000000001bac      0x23d Drivers/STM32L4xx_HAL_Driver/Src/stm32l4xx_hal_sd.o
 .debug_abbrev  0x0000000000001de9      0x1c4 Drivers/STM32L4xx_HAL_Driver/Src/stm32l4xx_ll_sdmmc.o
 .debug_abbrev  0x0000000000001fad      0x1df FATFS/App/fatfs.o
 .debug_abbrev  0x000000000000218c      0x245 FATFS/Target/bsp_driver_sd.o
 .debug_abbrev  0x00000000000023d1      0x113 FATFS/Target/fatfs_platform.o
 .debug_abbrev  0x00000000000024e4      0x284 FATFS/Target/sd_diskio.o
 .debug_abbrev  0x0000000000002768      0x209 Middlewares/Third_Party/FatFs/src/diskio.o
 .debug_abbrev  0x0000000000002971      0x2a5 Middlewares/Third_Party/FatFs/src/ff.o
 .debug_abbrev  0x0000000000002c16      0x236 Middlewares/Third_Party/FatFs/src/ff_gen_drv.o

.debug_aranges  0x0000000000000000      0xe80
 .debug_aranges
                0x0000000000000000       0x90 Core/Src/bsp_driver_sd_f.o
 .debug_aranges
                0x0000000000000090       0x20 Core/Src/dma.o
 .debug_aranges
                0x00000000000000b0       0x20 Core/Src/gpio.o
 .debug_aranges
                0x00000000000000d0       0x30 Core/Src/main.o
 .debug_aranges
                0x0000000000000100       0x30 Core/Src/sdmmc.o
 .debug_aranges
                0x0000000000000130       0x20 Core/Src/stm32l4xx_hal_msp.o
 .debug_aranges
                0x0000000000000150       0x70 Core/Src/stm32l4xx_it.o
 .debug_aranges
                0x00000000000001c0       0x28 Core/Src/system_stm32l4xx.o
 .debug_aranges
                0x00000000000001e8       0x28 Core/Startup/startup_stm32l476vgtx.o
 .debug_aranges
                0x0000000000000210      0x130 Drivers/STM32L4xx_HAL_Driver/Src/stm32l4xx_hal.o
 .debug_aranges
                0x0000000000000340      0x118 Drivers/STM32L4xx_HAL_Driver/Src/stm32l4xx_hal_cortex.o
 .debug_aranges
                0x0000000000000458       0x80 Drivers/STM32L4xx_HAL_Driver/Src/stm32l4xx_hal_dma.o
 .debug_aranges
                0x00000000000004d8       0x58 Drivers/STM32L4xx_HAL_Driver/Src/stm32l4xx_hal_gpio.o
 .debug_aranges
                0x0000000000000530      0x150 Drivers/STM32L4xx_HAL_Driver/Src/stm32l4xx_hal_pwr_ex.o
 .debug_aranges
                0x0000000000000680       0x88 Drivers/STM32L4xx_HAL_Driver/Src/stm32l4xx_hal_rcc.o
 .debug_aranges
                0x0000000000000708       0xc0 Drivers/STM32L4xx_HAL_Driver/Src/stm32l4xx_hal_rcc_ex.o
 .debug_aranges
                0x00000000000007c8      0x168 Drivers/STM32L4xx_HAL_Driver/Src/stm32l4xx_hal_sd.o
 .debug_aranges
                0x0000000000000930      0x180 Drivers/STM32L4xx_HAL_Driver/Src/stm32l4xx_ll_sdmmc.o
 .debug_aranges
                0x0000000000000ab0       0x28 FATFS/App/fatfs.o
 .debug_aranges
                0x0000000000000ad8       0x98 FATFS/Target/bsp_driver_sd.o
 .debug_aranges
                0x0000000000000b70       0x20 FATFS/Target/fatfs_platform.o
 .debug_aranges
                0x0000000000000b90       0x60 FATFS/Target/sd_diskio.o
 .debug_aranges
                0x0000000000000bf0       0x48 Middlewares/Third_Party/FatFs/src/diskio.o
 .debug_aranges
                0x0000000000000c38      0x208 Middlewares/Third_Party/FatFs/src/ff.o
 .debug_aranges
                0x0000000000000e40       0x40 Middlewares/Third_Party/FatFs/src/ff_gen_drv.o

.debug_ranges   0x0000000000000000      0xcf8
 .debug_ranges  0x0000000000000000       0x80 Core/Src/bsp_driver_sd_f.o
 .debug_ranges  0x0000000000000080       0x10 Core/Src/dma.o
 .debug_ranges  0x0000000000000090       0x10 Core/Src/gpio.o
 .debug_ranges  0x00000000000000a0       0x20 Core/Src/main.o
 .debug_ranges  0x00000000000000c0       0x20 Core/Src/sdmmc.o
 .debug_ranges  0x00000000000000e0       0x10 Core/Src/stm32l4xx_hal_msp.o
 .debug_ranges  0x00000000000000f0       0x60 Core/Src/stm32l4xx_it.o
 .debug_ranges  0x0000000000000150       0x18 Core/Src/system_stm32l4xx.o
 .debug_ranges  0x0000000000000168       0x20 Core/Startup/startup_stm32l476vgtx.o
 .debug_ranges  0x0000000000000188      0x120 Drivers/STM32L4xx_HAL_Driver/Src/stm32l4xx_hal.o
 .debug_ranges  0x00000000000002a8      0x108 Drivers/STM32L4xx_HAL_Driver/Src/stm32l4xx_hal_cortex.o
 .debug_ranges  0x00000000000003b0       0x70 Drivers/STM32L4xx_HAL_Driver/Src/stm32l4xx_hal_dma.o
 .debug_ranges  0x0000000000000420       0x48 Drivers/STM32L4xx_HAL_Driver/Src/stm32l4xx_hal_gpio.o
 .debug_ranges  0x0000000000000468      0x140 Drivers/STM32L4xx_HAL_Driver/Src/stm32l4xx_hal_pwr_ex.o
 .debug_ranges  0x00000000000005a8       0x78 Drivers/STM32L4xx_HAL_Driver/Src/stm32l4xx_hal_rcc.o
 .debug_ranges  0x0000000000000620       0xb0 Drivers/STM32L4xx_HAL_Driver/Src/stm32l4xx_hal_rcc_ex.o
 .debug_ranges  0x00000000000006d0      0x158 Drivers/STM32L4xx_HAL_Driver/Src/stm32l4xx_hal_sd.o
 .debug_ranges  0x0000000000000828      0x170 Drivers/STM32L4xx_HAL_Driver/Src/stm32l4xx_ll_sdmmc.o
 .debug_ranges  0x0000000000000998       0x18 FATFS/App/fatfs.o
 .debug_ranges  0x00000000000009b0       0x88 FATFS/Target/bsp_driver_sd.o
 .debug_ranges  0x0000000000000a38       0x10 FATFS/Target/fatfs_platform.o
 .debug_ranges  0x0000000000000a48       0x50 FATFS/Target/sd_diskio.o
 .debug_ranges  0x0000000000000a98       0x38 Middlewares/Third_Party/FatFs/src/diskio.o
 .debug_ranges  0x0000000000000ad0      0x1f8 Middlewares/Third_Party/FatFs/src/ff.o
 .debug_ranges  0x0000000000000cc8       0x30 Middlewares/Third_Party/FatFs/src/ff_gen_drv.o

.debug_macro    0x0000000000000000    0x2805d
 .debug_macro   0x0000000000000000      0x204 Core/Src/bsp_driver_sd_f.o
 .debug_macro   0x0000000000000204      0xa5a Core/Src/bsp_driver_sd_f.o
 .debug_macro   0x0000000000000c5e       0xba Core/Src/bsp_driver_sd_f.o
 .debug_macro   0x0000000000000d18       0x2e Core/Src/bsp_driver_sd_f.o
 .debug_macro   0x0000000000000d46       0x28 Core/Src/bsp_driver_sd_f.o
 .debug_macro   0x0000000000000d6e       0x22 Core/Src/bsp_driver_sd_f.o
 .debug_macro   0x0000000000000d90       0x8e Core/Src/bsp_driver_sd_f.o
 .debug_macro   0x0000000000000e1e       0x51 Core/Src/bsp_driver_sd_f.o
 .debug_macro   0x0000000000000e6f       0xef Core/Src/bsp_driver_sd_f.o
 .debug_macro   0x0000000000000f5e       0x6a Core/Src/bsp_driver_sd_f.o
 .debug_macro   0x0000000000000fc8      0x1df Core/Src/bsp_driver_sd_f.o
 .debug_macro   0x00000000000011a7       0x1c Core/Src/bsp_driver_sd_f.o
 .debug_macro   0x00000000000011c3       0x22 Core/Src/bsp_driver_sd_f.o
 .debug_macro   0x00000000000011e5       0xdf Core/Src/bsp_driver_sd_f.o
 .debug_macro   0x00000000000012c4     0x102d Core/Src/bsp_driver_sd_f.o
 .debug_macro   0x00000000000022f1      0x11f Core/Src/bsp_driver_sd_f.o
 .debug_macro   0x0000000000002410    0x1a13d Core/Src/bsp_driver_sd_f.o
 .debug_macro   0x000000000001c54d       0x43 Core/Src/bsp_driver_sd_f.o
 .debug_macro   0x000000000001c590     0x3890 Core/Src/bsp_driver_sd_f.o
 .debug_macro   0x000000000001fe20      0x174 Core/Src/bsp_driver_sd_f.o
 .debug_macro   0x000000000001ff94       0x5c Core/Src/bsp_driver_sd_f.o
 .debug_macro   0x000000000001fff0     0x155f Core/Src/bsp_driver_sd_f.o
 .debug_macro   0x000000000002154f      0x59e Core/Src/bsp_driver_sd_f.o
 .debug_macro   0x0000000000021aed      0x241 Core/Src/bsp_driver_sd_f.o
 .debug_macro   0x0000000000021d2e      0x13d Core/Src/bsp_driver_sd_f.o
 .debug_macro   0x0000000000021e6b      0x18b Core/Src/bsp_driver_sd_f.o
 .debug_macro   0x0000000000021ff6      0x26b Core/Src/bsp_driver_sd_f.o
 .debug_macro   0x0000000000022261      0x23d Core/Src/bsp_driver_sd_f.o
 .debug_macro   0x000000000002249e      0x37c Core/Src/bsp_driver_sd_f.o
 .debug_macro   0x000000000002281a       0xd6 Core/Src/bsp_driver_sd_f.o
 .debug_macro   0x00000000000228f0      0x22c Core/Src/bsp_driver_sd_f.o
 .debug_macro   0x0000000000022b1c       0x5e Core/Src/bsp_driver_sd_f.o
 .debug_macro   0x0000000000022b7a       0xa5 Core/Src/bsp_driver_sd_f.o
 .debug_macro   0x0000000000022c1f      0x122 Core/Src/bsp_driver_sd_f.o
 .debug_macro   0x0000000000022d41      0x3e9 Core/Src/bsp_driver_sd_f.o
 .debug_macro   0x000000000002312a      0x773 Core/Src/bsp_driver_sd_f.o
 .debug_macro   0x000000000002389d      0x1d5 Core/Src/bsp_driver_sd_f.o
 .debug_macro   0x0000000000023a72      0x34a Core/Src/bsp_driver_sd_f.o
 .debug_macro   0x0000000000023dbc       0x1c Core/Src/bsp_driver_sd_f.o
 .debug_macro   0x0000000000023dd8       0x40 Core/Src/bsp_driver_sd_f.o
 .debug_macro   0x0000000000023e18      0x1ee Core/Src/dma.o
 .debug_macro   0x0000000000024006      0x1ee Core/Src/gpio.o
 .debug_macro   0x00000000000241f4      0x33a Core/Src/main.o
 .debug_macro   0x000000000002452e       0xe5 Core/Src/main.o
 .debug_macro   0x0000000000024613       0x18 Core/Src/main.o
 .debug_macro   0x000000000002462b       0x46 Core/Src/main.o
 .debug_macro   0x0000000000024671       0x3c Core/Src/main.o
 .debug_macro   0x00000000000246ad       0x34 Core/Src/main.o
 .debug_macro   0x00000000000246e1       0x16 Core/Src/main.o
 .debug_macro   0x00000000000246f7       0x35 Core/Src/main.o
 .debug_macro   0x000000000002472c       0x52 Core/Src/main.o
 .debug_macro   0x000000000002477e       0x1f Core/Src/main.o
 .debug_macro   0x000000000002479d       0x43 Core/Src/main.o
 .debug_macro   0x00000000000247e0       0x20 Core/Src/main.o
 .debug_macro   0x0000000000024800      0x1a3 Core/Src/main.o
 .debug_macro   0x00000000000249a3      0x32a Core/Src/main.o
 .debug_macro   0x0000000000024ccd       0x16 Core/Src/main.o
 .debug_macro   0x0000000000024ce3       0x29 Core/Src/main.o
 .debug_macro   0x0000000000024d0c       0x12 Core/Src/main.o
 .debug_macro   0x0000000000024d1e       0xe2 Core/Src/main.o
 .debug_macro   0x0000000000024e00       0x8e Core/Src/main.o
 .debug_macro   0x0000000000024e8e      0x1ee Core/Src/sdmmc.o
 .debug_macro   0x000000000002507c      0x1e4 Core/Src/stm32l4xx_hal_msp.o
 .debug_macro   0x0000000000025260      0x1ee Core/Src/stm32l4xx_it.o
 .debug_macro   0x000000000002544e      0x1e0 Core/Src/system_stm32l4xx.o
 .debug_macro   0x000000000002562e      0x228 Drivers/STM32L4xx_HAL_Driver/Src/stm32l4xx_hal.o
 .debug_macro   0x0000000000025856      0x1da Drivers/STM32L4xx_HAL_Driver/Src/stm32l4xx_hal_cortex.o
 .debug_macro   0x0000000000025a30      0x1da Drivers/STM32L4xx_HAL_Driver/Src/stm32l4xx_hal_dma.o
 .debug_macro   0x0000000000025c0a      0x219 Drivers/STM32L4xx_HAL_Driver/Src/stm32l4xx_hal_gpio.o
 .debug_macro   0x0000000000025e23      0x1fe Drivers/STM32L4xx_HAL_Driver/Src/stm32l4xx_hal_pwr_ex.o
 .debug_macro   0x0000000000026021      0x21c Drivers/STM32L4xx_HAL_Driver/Src/stm32l4xx_hal_rcc.o
 .debug_macro   0x000000000002623d      0x210 Drivers/STM32L4xx_HAL_Driver/Src/stm32l4xx_hal_rcc_ex.o
 .debug_macro   0x000000000002644d      0x1db Drivers/STM32L4xx_HAL_Driver/Src/stm32l4xx_hal_sd.o
 .debug_macro   0x0000000000026628      0x1db Drivers/STM32L4xx_HAL_Driver/Src/stm32l4xx_ll_sdmmc.o
 .debug_macro   0x0000000000026803      0x314 FATFS/App/fatfs.o
 .debug_macro   0x0000000000026b17      0x1f2 FATFS/Target/bsp_driver_sd.o
 .debug_macro   0x0000000000026d09      0x1e3 FATFS/Target/fatfs_platform.o
 .debug_macro   0x0000000000026eec      0x347 FATFS/Target/sd_diskio.o
 .debug_macro   0x0000000000027233       0x16 FATFS/Target/sd_diskio.o
 .debug_macro   0x0000000000027249       0x7c FATFS/Target/sd_diskio.o
 .debug_macro   0x00000000000272c5       0x16 FATFS/Target/sd_diskio.o
 .debug_macro   0x00000000000272db       0x20 FATFS/Target/sd_diskio.o
 .debug_macro   0x00000000000272fb      0x301 Middlewares/Third_Party/FatFs/src/diskio.o
 .debug_macro   0x00000000000275fc      0x708 Middlewares/Third_Party/FatFs/src/ff.o
 .debug_macro   0x0000000000027d04       0x58 Middlewares/Third_Party/FatFs/src/ff.o
 .debug_macro   0x0000000000027d5c      0x301 Middlewares/Third_Party/FatFs/src/ff_gen_drv.o

.debug_line     0x0000000000000000     0xeb0b
 .debug_line    0x0000000000000000      0x851 Core/Src/bsp_driver_sd_f.o
 .debug_line    0x0000000000000851      0x6ae Core/Src/dma.o
 .debug_line    0x0000000000000eff      0x6ba Core/Src/gpio.o
 .debug_line    0x00000000000015b9      0x934 Core/Src/main.o
 .debug_line    0x0000000000001eed      0x708 Core/Src/sdmmc.o
 .debug_line    0x00000000000025f5      0x6b3 Core/Src/stm32l4xx_hal_msp.o
 .debug_line    0x0000000000002ca8      0x794 Core/Src/stm32l4xx_it.o
 .debug_line    0x000000000000343c      0x6de Core/Src/system_stm32l4xx.o
 .debug_line    0x0000000000003b1a       0x85 Core/Startup/startup_stm32l476vgtx.o
 .debug_line    0x0000000000003b9f      0x951 Drivers/STM32L4xx_HAL_Driver/Src/stm32l4xx_hal.o
 .debug_line    0x00000000000044f0      0x9da Drivers/STM32L4xx_HAL_Driver/Src/stm32l4xx_hal_cortex.o
 .debug_line    0x0000000000004eca      0x8d7 Drivers/STM32L4xx_HAL_Driver/Src/stm32l4xx_hal_dma.o
 .debug_line    0x00000000000057a1      0x871 Drivers/STM32L4xx_HAL_Driver/Src/stm32l4xx_hal_gpio.o
 .debug_line    0x0000000000006012      0xa68 Drivers/STM32L4xx_HAL_Driver/Src/stm32l4xx_hal_pwr_ex.o
 .debug_line    0x0000000000006a7a      0x9cb Drivers/STM32L4xx_HAL_Driver/Src/stm32l4xx_hal_rcc.o
 .debug_line    0x0000000000007445      0xc61 Drivers/STM32L4xx_HAL_Driver/Src/stm32l4xx_hal_rcc_ex.o
 .debug_line    0x00000000000080a6      0xfcd Drivers/STM32L4xx_HAL_Driver/Src/stm32l4xx_hal_sd.o
 .debug_line    0x0000000000009073      0xb74 Drivers/STM32L4xx_HAL_Driver/Src/stm32l4xx_ll_sdmmc.o
 .debug_line    0x0000000000009be7      0x8a7 FATFS/App/fatfs.o
 .debug_line    0x000000000000a48e      0x7f2 FATFS/Target/bsp_driver_sd.o
 .debug_line    0x000000000000ac80      0x6bf FATFS/Target/fatfs_platform.o
 .debug_line    0x000000000000b33f      0x9b0 FATFS/Target/sd_diskio.o
 .debug_line    0x000000000000bcef      0x8d1 Middlewares/Third_Party/FatFs/src/diskio.o
 .debug_line    0x000000000000c5c0     0x1c7a Middlewares/Third_Party/FatFs/src/ff.o
 .debug_line    0x000000000000e23a      0x8d1 Middlewares/Third_Party/FatFs/src/ff_gen_drv.o

.debug_str      0x0000000000000000    0xea1b5
 .debug_str     0x0000000000000000    0xe2871 Core/Src/bsp_driver_sd_f.o
                                      0xe2c8a (size before relaxing)
 .debug_str     0x00000000000e2871      0x168 Core/Src/dma.o
                                      0xe265d (size before relaxing)
 .debug_str     0x00000000000e29d9       0xbe Core/Src/gpio.o
                                      0xe2221 (size before relaxing)
 .debug_str     0x00000000000e2a97     0x3b09 Core/Src/main.o
                                      0xe621b (size before relaxing)
 .debug_str     0x00000000000e65a0       0x5b Core/Src/sdmmc.o
                                      0xe2b2e (size before relaxing)
 .debug_str     0x00000000000e65fb       0x2c Core/Src/stm32l4xx_hal_msp.o
                                      0xe2181 (size before relaxing)
 .debug_str     0x00000000000e6627       0xd6 Core/Src/stm32l4xx_it.o
                                      0xe252a (size before relaxing)
 .debug_str     0x00000000000e66fd       0xcd Core/Src/system_stm32l4xx.o
                                      0xe2217 (size before relaxing)
 .debug_str     0x00000000000e67ca       0x36 Core/Startup/startup_stm32l476vgtx.o
                                         0x7d (size before relaxing)
 .debug_str     0x00000000000e6800      0x59c Drivers/STM32L4xx_HAL_Driver/Src/stm32l4xx_hal.o
                                      0xe2cee (size before relaxing)
 .debug_str     0x00000000000e6d9c      0x392 Drivers/STM32L4xx_HAL_Driver/Src/stm32l4xx_hal_cortex.o
                                      0xe2a6a (size before relaxing)
 .debug_str     0x00000000000e712e      0x25d Drivers/STM32L4xx_HAL_Driver/Src/stm32l4xx_hal_dma.o
                                      0xe246f (size before relaxing)
 .debug_str     0x00000000000e738b      0x236 Drivers/STM32L4xx_HAL_Driver/Src/stm32l4xx_hal_gpio.o
                                      0xe2496 (size before relaxing)
 .debug_str     0x00000000000e75c1      0x4b4 Drivers/STM32L4xx_HAL_Driver/Src/stm32l4xx_hal_pwr_ex.o
                                      0xe2732 (size before relaxing)
 .debug_str     0x00000000000e7a75      0x3b5 Drivers/STM32L4xx_HAL_Driver/Src/stm32l4xx_hal_rcc.o
                                      0xe27d9 (size before relaxing)
 .debug_str     0x00000000000e7e2a      0x3a6 Drivers/STM32L4xx_HAL_Driver/Src/stm32l4xx_hal_rcc_ex.o
                                      0xe296a (size before relaxing)
 .debug_str     0x00000000000e81d0      0x6d6 Drivers/STM32L4xx_HAL_Driver/Src/stm32l4xx_hal_sd.o
                                      0xe2bf7 (size before relaxing)
 .debug_str     0x00000000000e88a6      0x465 Drivers/STM32L4xx_HAL_Driver/Src/stm32l4xx_ll_sdmmc.o
                                      0xe2646 (size before relaxing)
 .debug_str     0x00000000000e8d0b       0x2f FATFS/App/fatfs.o
                                      0xe596e (size before relaxing)
 .debug_str     0x00000000000e8d3a       0x63 FATFS/Target/bsp_driver_sd.o
                                      0xe2758 (size before relaxing)
 .debug_str     0x00000000000e8d9d       0x38 FATFS/Target/fatfs_platform.o
                                      0xe210e (size before relaxing)
 .debug_str     0x00000000000e8dd5      0x14c FATFS/Target/sd_diskio.o
                                      0xe5a32 (size before relaxing)
 .debug_str     0x00000000000e8f21       0x57 Middlewares/Third_Party/FatFs/src/diskio.o
                                      0xe5894 (size before relaxing)
 .debug_str     0x00000000000e8f78     0x119b Middlewares/Third_Party/FatFs/src/ff.o
                                      0xe6abd (size before relaxing)
 .debug_str     0x00000000000ea113       0xa2 Middlewares/Third_Party/FatFs/src/ff_gen_drv.o
                                      0xe58e5 (size before relaxing)

.comment        0x0000000000000000       0x7b
 .comment       0x0000000000000000       0x7b Core/Src/bsp_driver_sd_f.o
                                         0x7c (size before relaxing)
 .comment       0x000000000000007b       0x7c Core/Src/dma.o
 .comment       0x000000000000007b       0x7c Core/Src/gpio.o
 .comment       0x000000000000007b       0x7c Core/Src/main.o
 .comment       0x000000000000007b       0x7c Core/Src/sdmmc.o
 .comment       0x000000000000007b       0x7c Core/Src/stm32l4xx_hal_msp.o
 .comment       0x000000000000007b       0x7c Core/Src/stm32l4xx_it.o
 .comment       0x000000000000007b       0x7c Core/Src/system_stm32l4xx.o
 .comment       0x000000000000007b       0x7c Drivers/STM32L4xx_HAL_Driver/Src/stm32l4xx_hal.o
 .comment       0x000000000000007b       0x7c Drivers/STM32L4xx_HAL_Driver/Src/stm32l4xx_hal_cortex.o
 .comment       0x000000000000007b       0x7c Drivers/STM32L4xx_HAL_Driver/Src/stm32l4xx_hal_dma.o
 .comment       0x000000000000007b       0x7c Drivers/STM32L4xx_HAL_Driver/Src/stm32l4xx_hal_gpio.o
 .comment       0x000000000000007b       0x7c Drivers/STM32L4xx_HAL_Driver/Src/stm32l4xx_hal_pwr_ex.o
 .comment       0x000000000000007b       0x7c Drivers/STM32L4xx_HAL_Driver/Src/stm32l4xx_hal_rcc.o
 .comment       0x000000000000007b       0x7c Drivers/STM32L4xx_HAL_Driver/Src/stm32l4xx_hal_rcc_ex.o
 .comment       0x000000000000007b       0x7c Drivers/STM32L4xx_HAL_Driver/Src/stm32l4xx_hal_sd.o
 .comment       0x000000000000007b       0x7c Drivers/STM32L4xx_HAL_Driver/Src/stm32l4xx_ll_sdmmc.o
 .comment       0x000000000000007b       0x7c FATFS/App/fatfs.o
 .comment       0x000000000000007b       0x7c FATFS/Target/bsp_driver_sd.o
 .comment       0x000000000000007b       0x7c FATFS/Target/fatfs_platform.o
 .comment       0x000000000000007b       0x7c FATFS/Target/sd_diskio.o
 .comment       0x000000000000007b       0x7c Middlewares/Third_Party/FatFs/src/diskio.o
 .comment       0x000000000000007b       0x7c Middlewares/Third_Party/FatFs/src/ff.o
 .comment       0x000000000000007b       0x7c Middlewares/Third_Party/FatFs/src/ff_gen_drv.o

.debug_frame    0x0000000000000000     0x379c
 .debug_frame   0x0000000000000000      0x168 Core/Src/bsp_driver_sd_f.o
 .debug_frame   0x0000000000000168       0x34 Core/Src/dma.o
 .debug_frame   0x000000000000019c       0x34 Core/Src/gpio.o
 .debug_frame   0x00000000000001d0       0x78 Core/Src/main.o
 .debug_frame   0x0000000000000248       0x78 Core/Src/sdmmc.o
 .debug_frame   0x00000000000002c0       0x38 Core/Src/stm32l4xx_hal_msp.o
 .debug_frame   0x00000000000002f8      0x144 Core/Src/stm32l4xx_it.o
 .debug_frame   0x000000000000043c       0x58 Core/Src/system_stm32l4xx.o
 .debug_frame   0x0000000000000494      0x498 Drivers/STM32L4xx_HAL_Driver/Src/stm32l4xx_hal.o
 .debug_frame   0x000000000000092c      0x498 Drivers/STM32L4xx_HAL_Driver/Src/stm32l4xx_hal_cortex.o
 .debug_frame   0x0000000000000dc4      0x204 Drivers/STM32L4xx_HAL_Driver/Src/stm32l4xx_hal_dma.o
 .debug_frame   0x0000000000000fc8      0x14c Drivers/STM32L4xx_HAL_Driver/Src/stm32l4xx_hal_gpio.o
 .debug_frame   0x0000000000001114      0x544 Drivers/STM32L4xx_HAL_Driver/Src/stm32l4xx_hal_pwr_ex.o
 .debug_frame   0x0000000000001658      0x1f4 Drivers/STM32L4xx_HAL_Driver/Src/stm32l4xx_hal_rcc.o
 .debug_frame   0x000000000000184c      0x2fc Drivers/STM32L4xx_HAL_Driver/Src/stm32l4xx_hal_rcc_ex.o
 .debug_frame   0x0000000000001b48      0x650 Drivers/STM32L4xx_HAL_Driver/Src/stm32l4xx_hal_sd.o
 .debug_frame   0x0000000000002198      0x6b4 Drivers/STM32L4xx_HAL_Driver/Src/stm32l4xx_ll_sdmmc.o
 .debug_frame   0x000000000000284c       0x4c FATFS/App/fatfs.o
 .debug_frame   0x0000000000002898      0x238 FATFS/Target/bsp_driver_sd.o
 .debug_frame   0x0000000000002ad0       0x34 FATFS/Target/fatfs_platform.o
 .debug_frame   0x0000000000002b04      0x14c FATFS/Target/sd_diskio.o
 .debug_frame   0x0000000000002c50       0xec Middlewares/Third_Party/FatFs/src/diskio.o
 .debug_frame   0x0000000000002d3c      0x94c Middlewares/Third_Party/FatFs/src/ff.o
 .debug_frame   0x0000000000003688       0xc8 Middlewares/Third_Party/FatFs/src/ff_gen_drv.o
 .debug_frame   0x0000000000003750       0x2c /opt/st/stm32cubeide_1.3.0/plugins/com.st.stm32cube.ide.mcu.externaltools.gnu-tools-for-stm32.7-2018-q2-update.linux64_1.0.0.201904181610/tools/bin/../lib/gcc/arm-none-eabi/7.3.1/../../../../arm-none-eabi/lib/thumb/v7e-m/fpv4-sp/hard/libc_nano.a(lib_a-init.o)
 .debug_frame   0x000000000000377c       0x20 /opt/st/stm32cubeide_1.3.0/plugins/com.st.stm32cube.ide.mcu.externaltools.gnu-tools-for-stm32.7-2018-q2-update.linux64_1.0.0.201904181610/tools/bin/../lib/gcc/arm-none-eabi/7.3.1/../../../../arm-none-eabi/lib/thumb/v7e-m/fpv4-sp/hard/libc_nano.a(lib_a-memset.o)
