bsp_driver_sd_f.c:60:11:BSP_SD_Init	8	static
bsp_driver_sd_f.c:91:11:BSP_SD_ITConfig	0	static
bsp_driver_sd_f.c:125:11:BSP_SD_ReadBlocks	16	static
bsp_driver_sd_f.c:148:11:BSP_SD_WriteBlocks	16	static
bsp_driver_sd_f.c:170:11:BSP_SD_ReadBlocks_DMA	24	static
bsp_driver_sd_f.c:207:11:BSP_SD_WriteBlocks_DMA	24	static
bsp_driver_sd_f.c:242:11:BSP_SD_Erase	8	static
bsp_driver_sd_f.c:259:6:BSP_SD_IRQHandler	0	static
bsp_driver_sd_f.c:268:6:BSP_SD_DMA_Tx_IRQHandler	0	static
bsp_driver_sd_f.c:277:6:BSP_SD_DMA_Rx_IRQHandler	0	static
bsp_driver_sd_f.c:291:11:BSP_SD_GetCardState	8	static
bsp_driver_sd_f.c:301:8:BSP_SD_GetCardInfo	0	static
bsp_driver_sd_f.c:346:8:BSP_SD_AbortCallback	0	static
bsp_driver_sd_f.c:398:26:SD_DMAConfigRx	16	static
bsp_driver_sd_f.c:438:26:SD_DMAConfigTx	16	static
