Archive member included to satisfy reference by file (symbol)

/opt/st/stm32cubeide_1.3.0/plugins/com.st.stm32cube.ide.mcu.externaltools.gnu-tools-for-stm32.7-2018-q2-update.linux64_1.0.0.201904181610/tools/bin/../lib/gcc/arm-none-eabi/7.3.1/../../../../arm-none-eabi/lib/thumb/v7e-m/fpv4-sp/hard/libc_nano.a(lib_a-errno.o)
                              Core/Src/syscalls.o (__errno)
/opt/st/stm32cubeide_1.3.0/plugins/com.st.stm32cube.ide.mcu.externaltools.gnu-tools-for-stm32.7-2018-q2-update.linux64_1.0.0.201904181610/tools/bin/../lib/gcc/arm-none-eabi/7.3.1/../../../../arm-none-eabi/lib/thumb/v7e-m/fpv4-sp/hard/libc_nano.a(lib_a-exit.o)
                              /opt/st/stm32cubeide_1.3.0/plugins/com.st.stm32cube.ide.mcu.externaltools.gnu-tools-for-stm32.7-2018-q2-update.linux64_1.0.0.201904181610/tools/bin/../lib/gcc/arm-none-eabi/7.3.1/../../../../arm-none-eabi/lib/thumb/v7e-m/fpv4-sp/hard/crt0.o (exit)
/opt/st/stm32cubeide_1.3.0/plugins/com.st.stm32cube.ide.mcu.externaltools.gnu-tools-for-stm32.7-2018-q2-update.linux64_1.0.0.201904181610/tools/bin/../lib/gcc/arm-none-eabi/7.3.1/../../../../arm-none-eabi/lib/thumb/v7e-m/fpv4-sp/hard/libc_nano.a(lib_a-impure.o)
                              /opt/st/stm32cubeide_1.3.0/plugins/com.st.stm32cube.ide.mcu.externaltools.gnu-tools-for-stm32.7-2018-q2-update.linux64_1.0.0.201904181610/tools/bin/../lib/gcc/arm-none-eabi/7.3.1/../../../../arm-none-eabi/lib/thumb/v7e-m/fpv4-sp/hard/libc_nano.a(lib_a-exit.o) (_global_impure_ptr)
/opt/st/stm32cubeide_1.3.0/plugins/com.st.stm32cube.ide.mcu.externaltools.gnu-tools-for-stm32.7-2018-q2-update.linux64_1.0.0.201904181610/tools/bin/../lib/gcc/arm-none-eabi/7.3.1/../../../../arm-none-eabi/lib/thumb/v7e-m/fpv4-sp/hard/libc_nano.a(lib_a-init.o)
                              /opt/st/stm32cubeide_1.3.0/plugins/com.st.stm32cube.ide.mcu.externaltools.gnu-tools-for-stm32.7-2018-q2-update.linux64_1.0.0.201904181610/tools/bin/../lib/gcc/arm-none-eabi/7.3.1/../../../../arm-none-eabi/lib/thumb/v7e-m/fpv4-sp/hard/crt0.o (__libc_init_array)
/opt/st/stm32cubeide_1.3.0/plugins/com.st.stm32cube.ide.mcu.externaltools.gnu-tools-for-stm32.7-2018-q2-update.linux64_1.0.0.201904181610/tools/bin/../lib/gcc/arm-none-eabi/7.3.1/../../../../arm-none-eabi/lib/thumb/v7e-m/fpv4-sp/hard/libc_nano.a(lib_a-memset.o)
                              /opt/st/stm32cubeide_1.3.0/plugins/com.st.stm32cube.ide.mcu.externaltools.gnu-tools-for-stm32.7-2018-q2-update.linux64_1.0.0.201904181610/tools/bin/../lib/gcc/arm-none-eabi/7.3.1/../../../../arm-none-eabi/lib/thumb/v7e-m/fpv4-sp/hard/crt0.o (memset)
/opt/st/stm32cubeide_1.3.0/plugins/com.st.stm32cube.ide.mcu.externaltools.gnu-tools-for-stm32.7-2018-q2-update.linux64_1.0.0.201904181610/tools/bin/../lib/gcc/arm-none-eabi/7.3.1/../../../../arm-none-eabi/lib/thumb/v7e-m/fpv4-sp/hard/libc_nano.a(lib_a-nano-vfprintf_float.o)
                              (_printf_float)
/opt/st/stm32cubeide_1.3.0/plugins/com.st.stm32cube.ide.mcu.externaltools.gnu-tools-for-stm32.7-2018-q2-update.linux64_1.0.0.201904181610/tools/bin/../lib/gcc/arm-none-eabi/7.3.1/../../../../arm-none-eabi/lib/thumb/v7e-m/fpv4-sp/hard/libc_nano.a(lib_a-nano-vfprintf_i.o)
                              /opt/st/stm32cubeide_1.3.0/plugins/com.st.stm32cube.ide.mcu.externaltools.gnu-tools-for-stm32.7-2018-q2-update.linux64_1.0.0.201904181610/tools/bin/../lib/gcc/arm-none-eabi/7.3.1/../../../../arm-none-eabi/lib/thumb/v7e-m/fpv4-sp/hard/libc_nano.a(lib_a-nano-vfprintf_float.o) (_printf_common)
/opt/st/stm32cubeide_1.3.0/plugins/com.st.stm32cube.ide.mcu.externaltools.gnu-tools-for-stm32.7-2018-q2-update.linux64_1.0.0.201904181610/tools/bin/../lib/gcc/arm-none-eabi/7.3.1/../../../../arm-none-eabi/lib/thumb/v7e-m/fpv4-sp/hard/libc_nano.a(lib_a-strlen.o)
                              /opt/st/stm32cubeide_1.3.0/plugins/com.st.stm32cube.ide.mcu.externaltools.gnu-tools-for-stm32.7-2018-q2-update.linux64_1.0.0.201904181610/tools/bin/../lib/gcc/arm-none-eabi/7.3.1/../../../../arm-none-eabi/lib/thumb/v7e-m/fpv4-sp/hard/libc_nano.a(lib_a-nano-vfprintf_float.o) (strlen)
/opt/st/stm32cubeide_1.3.0/plugins/com.st.stm32cube.ide.mcu.externaltools.gnu-tools-for-stm32.7-2018-q2-update.linux64_1.0.0.201904181610/tools/bin/../lib/gcc/arm-none-eabi/7.3.1/../../../../arm-none-eabi/lib/thumb/v7e-m/fpv4-sp/hard/libc_nano.a(lib_a-vsprintf.o)
                              Core/Src/main.o (vsprintf)
/opt/st/stm32cubeide_1.3.0/plugins/com.st.stm32cube.ide.mcu.externaltools.gnu-tools-for-stm32.7-2018-q2-update.linux64_1.0.0.201904181610/tools/bin/../lib/gcc/arm-none-eabi/7.3.1/../../../../arm-none-eabi/lib/thumb/v7e-m/fpv4-sp/hard/libc_nano.a(lib_a-dtoa.o)
                              /opt/st/stm32cubeide_1.3.0/plugins/com.st.stm32cube.ide.mcu.externaltools.gnu-tools-for-stm32.7-2018-q2-update.linux64_1.0.0.201904181610/tools/bin/../lib/gcc/arm-none-eabi/7.3.1/../../../../arm-none-eabi/lib/thumb/v7e-m/fpv4-sp/hard/libc_nano.a(lib_a-nano-vfprintf_float.o) (_dtoa_r)
[...]
Memory Configuration

Name             Origin             Length             Attributes
RAM              0x0000000020000000 0x0000000000018000 xrw
RAM2             0x0000000010000000 0x0000000000008000 xrw
FLASH            0x0000000008000000 0x0000000000100000 xr
*default*        0x0000000000000000 0xffffffffffffffff

Linker script and memory map

LOAD /opt/st/stm32cubeide_1.3.0/plugins/com.st.stm32cube.ide.mcu.externaltools.gnu-tools-for-stm32.7-2018-q2-update.linux64_1.0.0.201904181610/tools/bin/../lib/gcc/arm-none-eabi/7.3.1/thumb/v7e-m/fpv4-sp/hard/crti.o
LOAD /opt/st/stm32cubeide_1.3.0/plugins/com.st.stm32cube.ide.mcu.externaltools.gnu-tools-for-stm32.7-2018-q2-update.linux64_1.0.0.201904181610/tools/bin/../lib/gcc/arm-none-eabi/7.3.1/thumb/v7e-m/fpv4-sp/hard/crtbegin.o
LOAD /opt/st/stm32cubeide_1.3.0/plugins/com.st.stm32cube.ide.mcu.externaltools.gnu-tools-for-stm32.7-2018-q2-update.linux64_1.0.0.201904181610/tools/bin/../lib/gcc/arm-none-eabi/7.3.1/../../../../arm-none-eabi/lib/thumb/v7e-m/fpv4-sp/hard/crt0.o
LOAD Core/Src/dma.o
LOAD Core/Src/gpio.o
LOAD Core/Src/i2c.o
LOAD Core/Src/main.o
LOAD Core/Src/stm32l4xx_hal_msp.o
LOAD Core/Src/stm32l4xx_it.o
LOAD Core/Src/syscalls.o
LOAD Core/Src/sysmem.o
LOAD Core/Src/system_stm32l4xx.o
LOAD Core/Startup/startup_stm32l476vgtx.o
LOAD Drivers/STM32L4xx_HAL_Driver/Src/stm32l4xx_hal.o
LOAD Drivers/STM32L4xx_HAL_Driver/Src/stm32l4xx_hal_cortex.o
LOAD Drivers/STM32L4xx_HAL_Driver/Src/stm32l4xx_hal_dma.o
LOAD Drivers/STM32L4xx_HAL_Driver/Src/stm32l4xx_hal_dma_ex.o
LOAD Drivers/STM32L4xx_HAL_Driver/Src/stm32l4xx_hal_exti.o
LOAD Drivers/STM32L4xx_HAL_Driver/Src/stm32l4xx_hal_flash.o
LOAD Drivers/STM32L4xx_HAL_Driver/Src/stm32l4xx_hal_flash_ex.o
LOAD Drivers/STM32L4xx_HAL_Driver/Src/stm32l4xx_hal_flash_ramfunc.o
LOAD Drivers/STM32L4xx_HAL_Driver/Src/stm32l4xx_hal_gpio.o
LOAD Drivers/STM32L4xx_HAL_Driver/Src/stm32l4xx_hal_i2c.o
LOAD Drivers/STM32L4xx_HAL_Driver/Src/stm32l4xx_hal_i2c_ex.o
LOAD Drivers/STM32L4xx_HAL_Driver/Src/stm32l4xx_hal_pwr.o
LOAD Drivers/STM32L4xx_HAL_Driver/Src/stm32l4xx_hal_pwr_ex.o
LOAD Drivers/STM32L4xx_HAL_Driver/Src/stm32l4xx_hal_rcc.o
LOAD Drivers/STM32L4xx_HAL_Driver/Src/stm32l4xx_hal_rcc_ex.o
LOAD Drivers/STM32L4xx_HAL_Driver/Src/stm32l4xx_hal_tim.o
LOAD Drivers/STM32L4xx_HAL_Driver/Src/stm32l4xx_hal_tim_ex.o
START GROUP
LOAD /opt/st/stm32cubeide_1.3.0/plugins/com.st.stm32cube.ide.mcu.externaltools.gnu-tools-for-stm32.7-2018-q2-update.linux64_1.0.0.201904181610/tools/bin/../lib/gcc/arm-none-eabi/7.3.1/../../../../arm-none-eabi/lib/thumb/v7e-m/fpv4-sp/hard/libc_nano.a
LOAD /opt/st/stm32cubeide_1.3.0/plugins/com.st.stm32cube.ide.mcu.externaltools.gnu-tools-for-stm32.7-2018-q2-update.linux64_1.0.0.201904181610/tools/bin/../lib/gcc/arm-none-eabi/7.3.1/../../../../arm-none-eabi/lib/thumb/v7e-m/fpv4-sp/hard/libm.a
END GROUP
START GROUP
LOAD /opt/st/stm32cubeide_1.3.0/plugins/com.st.stm32cube.ide.mcu.externaltools.gnu-tools-for-stm32.7-2018-q2-update.linux64_1.0.0.201904181610/tools/bin/../lib/gcc/arm-none-eabi/7.3.1/thumb/v7e-m/fpv4-sp/hard/libgcc.a
LOAD /opt/st/stm32cubeide_1.3.0/plugins/com.st.stm32cube.ide.mcu.externaltools.gnu-tools-for-stm32.7-2018-q2-update.linux64_1.0.0.201904181610/tools/bin/../lib/gcc/arm-none-eabi/7.3.1/../../../../arm-none-eabi/lib/thumb/v7e-m/fpv4-sp/hard/libc_nano.a
END GROUP
START GROUP
LOAD /opt/st/stm32cubeide_1.3.0/plugins/com.st.stm32cube.ide.mcu.externaltools.gnu-tools-for-stm32.7-2018-q2-update.linux64_1.0.0.201904181610/tools/bin/../lib/gcc/arm-none-eabi/7.3.1/thumb/v7e-m/fpv4-sp/hard/libgcc.a
LOAD /opt/st/stm32cubeide_1.3.0/plugins/com.st.stm32cube.ide.mcu.externaltools.gnu-tools-for-stm32.7-2018-q2-update.linux64_1.0.0.201904181610/tools/bin/../lib/gcc/arm-none-eabi/7.3.1/../../../../arm-none-eabi/lib/thumb/v7e-m/fpv4-sp/hard/libc_nano.a
LOAD /opt/st/stm32cubeide_1.3.0/plugins/com.st.stm32cube.ide.mcu.externaltools.gnu-tools-for-stm32.7-2018-q2-update.linux64_1.0.0.201904181610/tools/bin/../lib/gcc/arm-none-eabi/7.3.1/../../../../arm-none-eabi/lib/thumb/v7e-m/fpv4-sp/hard/libnosys.a
END GROUP
START GROUP
LOAD /opt/st/stm32cubeide_1.3.0/plugins/com.st.stm32cube.ide.mcu.externaltools.gnu-tools-for-stm32.7-2018-q2-update.linux64_1.0.0.201904181610/tools/bin/../lib/gcc/arm-none-eabi/7.3.1/thumb/v7e-m/fpv4-sp/hard/libgcc.a
LOAD /opt/st/stm32cubeide_1.3.0/plugins/com.st.stm32cube.ide.mcu.externaltools.gnu-tools-for-stm32.7-2018-q2-update.linux64_1.0.0.201904181610/tools/bin/../lib/gcc/arm-none-eabi/7.3.1/../../../../arm-none-eabi/lib/thumb/v7e-m/fpv4-sp/hard/libc_nano.a
LOAD /opt/st/stm32cubeide_1.3.0/plugins/com.st.stm32cube.ide.mcu.externaltools.gnu-tools-for-stm32.7-2018-q2-update.linux64_1.0.0.201904181610/tools/bin/../lib/gcc/arm-none-eabi/7.3.1/../../../../arm-none-eabi/lib/thumb/v7e-m/fpv4-sp/hard/libnosys.a
END GROUP
LOAD /opt/st/stm32cubeide_1.3.0/plugins/com.st.stm32cube.ide.mcu.externaltools.gnu-tools-for-stm32.7-2018-q2-update.linux64_1.0.0.201904181610/tools/bin/../lib/gcc/arm-none-eabi/7.3.1/thumb/v7e-m/fpv4-sp/hard/crtend.o
LOAD /opt/st/stm32cubeide_1.3.0/plugins/com.st.stm32cube.ide.mcu.externaltools.gnu-tools-for-stm32.7-2018-q2-update.linux64_1.0.0.201904181610/tools/bin/../lib/gcc/arm-none-eabi/7.3.1/thumb/v7e-m/fpv4-sp/hard/crtn.o
                0x0000000020018000                _estack = (ORIGIN (RAM) + LENGTH (RAM))
                0x0000000000000400                _Min_Heap_Size = 0x400
                0x0000000000000800                _Min_Stack_Size = 0x800

.isr_vector     0x0000000008000000      0x188
                0x0000000008000000                . = ALIGN (0x4)
 *(.isr_vector)
 .isr_vector    0x0000000008000000      0x188 Core/Startup/startup_stm32l476vgtx.o
                0x0000000008000000                g_pfnVectors
                0x0000000008000188                . = ALIGN (0x4)

.text           0x0000000008000190     0x7430
                0x0000000008000190                . = ALIGN (0x4)
 *(.text)
 .text          0x0000000008000190       0x40 /opt/st/stm32cubeide_1.3.0/plugins/com.st.stm32cube.ide.mcu.externaltools.gnu-tools-for-stm32.7-2018-q2-update.linux64_1.0.0.201904181610/tools/bin/../lib/gcc/arm-none-eabi/7.3.1/thumb/v7e-m/fpv4-sp/hard/crtbegin.o
 .text          0x00000000080001d0       0x10 /opt/st/stm32cubeide_1.3.0/plugins/com.st.stm32cube.ide.mcu.externaltools.gnu-tools-for-stm32.7-2018-q2-update.linux64_1.0.0.201904181610/tools/bin/../lib/gcc/arm-none-eabi/7.3.1/../../../../arm-none-eabi/lib/thumb/v7e-m/fpv4-sp/hard/libc_nano.a(lib_a-strlen.o)
                0x00000000080001d0                strlen
 .text          0x00000000080001e0       0xa0 /opt/st/stm32cubeide_1.3.0/plugins/com.st.stm32cube.ide.mcu.externaltools.gnu-tools-for-stm32.7-2018-q2-update.linux64_1.0.0.201904181610/tools/bin/../lib/gcc/arm-none-eabi/7.3.1/../../../../arm-none-eabi/lib/thumb/v7e-m/fpv4-sp/hard/libc_nano.a(lib_a-memchr.o)
                0x00000000080001e0                memchr
 .text          0x0000000008000280      0x378 /opt/st/stm32cubeide_1.3.0/plugins/com.st.stm32cube.ide.mcu.externaltools.gnu-tools-for-stm32.7-2018-q2-update.linux64_1.0.0.201904181610/tools/bin/../lib/gcc/arm-none-eabi/7.3.1/thumb/v7e-m/fpv4-sp/hard/libgcc.a(_arm_addsubdf3.o)
                0x0000000008000280                __aeabi_drsub
                0x0000000008000288                __aeabi_dsub
                0x0000000008000288                __subdf3
                0x000000000800028c                __adddf3
                0x000000000800028c                __aeabi_dadd
                0x0000000008000504                __aeabi_ui2d
                0x0000000008000504                __floatunsidf
                0x0000000008000524                __floatsidf
                0x0000000008000524                __aeabi_i2d
                0x0000000008000548                __extendsfdf2
                0x0000000008000548                __aeabi_f2d
                0x000000000800058c                __aeabi_ul2d
                0x000000000800058c                __floatundidf
                0x000000000800059c                __floatdidf
                0x000000000800059c                __aeabi_l2d
 .text          0x00000000080005f8      0x424 /opt/st/stm32cubeide_1.3.0/plugins/com.st.stm32cube.ide.mcu.externaltools.gnu-tools-for-stm32.7-2018-q2-update.linux64_1.0.0.201904181610/tools/bin/../lib/gcc/arm-none-eabi/7.3.1/thumb/v7e-m/fpv4-sp/hard/libgcc.a(_arm_muldivdf3.o)
                0x00000000080005f8                __aeabi_dmul
                0x00000000080005f8                __muldf3
                0x000000000800084c                __aeabi_ddiv
                0x000000000800084c                __divdf3
 .text          0x0000000008000a1c      0x110 /opt/st/stm32cubeide_1.3.0/plugins/com.st.stm32cube.ide.mcu.externaltools.gnu-tools-for-stm32.7-2018-q2-update.linux64_1.0.0.201904181610/tools/bin/../lib/gcc/arm-none-eabi/7.3.1/thumb/v7e-m/fpv4-sp/hard/libgcc.a(_arm_cmpdf2.o)
                0x0000000008000a1c                __gtdf2
                0x0000000008000a1c                __gedf2
                0x0000000008000a24                __ltdf2
                0x0000000008000a24                __ledf2
                0x0000000008000a2c                __cmpdf2
                0x0000000008000a2c                __eqdf2
                0x0000000008000a2c                __nedf2
                0x0000000008000aa8                __aeabi_cdrcmple
                0x0000000008000ab8                __aeabi_cdcmple
                0x0000000008000ab8                __aeabi_cdcmpeq
                0x0000000008000ac8                __aeabi_dcmpeq
                0x0000000008000adc                __aeabi_dcmplt
                0x0000000008000af0                __aeabi_dcmple
                0x0000000008000b04                __aeabi_dcmpge
                0x0000000008000b18                __aeabi_dcmpgt
 .text          0x0000000008000b2c       0x2c /opt/st/stm32cubeide_1.3.0/plugins/com.st.stm32cube.ide.mcu.externaltools.gnu-tools-for-stm32.7-2018-q2-update.linux64_1.0.0.201904181610/tools/bin/../lib/gcc/arm-none-eabi/7.3.1/thumb/v7e-m/fpv4-sp/hard/libgcc.a(_arm_unorddf2.o)
                0x0000000008000b2c                __aeabi_dcmpun
                0x0000000008000b2c                __unorddf2
 .text          0x0000000008000b58       0x50 /opt/st/stm32cubeide_1.3.0/plugins/com.st.stm32cube.ide.mcu.externaltools.gnu-tools-for-stm32.7-2018-q2-update.linux64_1.0.0.201904181610/tools/bin/../lib/gcc/arm-none-eabi/7.3.1/thumb/v7e-m/fpv4-sp/hard/libgcc.a(_arm_fixdfsi.o)
                0x0000000008000b58                __fixdfsi
                0x0000000008000b58                __aeabi_d2iz
 *(.text*)
 .text.MX_DMA_Init
                0x0000000008000ba8       0x3c Core/Src/dma.o
                0x0000000008000ba8                MX_DMA_Init
 .text.MX_GPIO_Init
                0x0000000008000be4      0x110 Core/Src/gpio.o
                0x0000000008000be4                MX_GPIO_Init
 .text.MX_I2C2_Init
                0x0000000008000cf4       0x80 Core/Src/i2c.o
                0x0000000008000cf4                MX_I2C2_Init
 .text.HAL_I2C_MspInit
                0x0000000008000d74      0x104 Core/Src/i2c.o
                0x0000000008000d74                HAL_I2C_MspInit
 .text.vspfunc  0x0000000008000e78       0x30 Core/Src/main.o
                0x0000000008000e78                vspfunc
 .text.main     0x0000000008000ea8       0xdc Core/Src/main.o
                0x0000000008000ea8                main
 .text.SystemClock_Config
                0x0000000008000f84       0xee Core/Src/main.o
                0x0000000008000f84                SystemClock_Config
 .text.twoComplement
                0x0000000008001072       0x36 Core/Src/main.o
                0x0000000008001072                twoComplement
 .text.HAL_I2C_MasterRxCpltCallback
                0x00000000080010a8       0xa8 Core/Src/main.o
                0x00000000080010a8                HAL_I2C_MasterRxCpltCallback
 .text.data_conv
                0x0000000008001150       0x88 Core/Src/main.o
                0x0000000008001150                data_conv
 .text.Error_Handler
                0x00000000080011d8        0xe Core/Src/main.o
                0x00000000080011d8                Error_Handler
 *fill*         0x00000000080011e6        0x2 
 .text.HAL_MspInit
                0x00000000080011e8       0x48 Core/Src/stm32l4xx_hal_msp.o
                0x00000000080011e8                HAL_MspInit
 .text.NMI_Handler
                0x0000000008001230        0xe Core/Src/stm32l4xx_it.o
                0x0000000008001230                NMI_Handler
 .text.HardFault_Handler
                0x000000000800123e        0x6 Core/Src/stm32l4xx_it.o
                0x000000000800123e                HardFault_Handler
 .text.MemManage_Handler
                0x0000000008001244        0x6 Core/Src/stm32l4xx_it.o
                0x0000000008001244                MemManage_Handler
 .text.BusFault_Handler
                0x000000000800124a        0x6 Core/Src/stm32l4xx_it.o
                0x000000000800124a                BusFault_Handler
 .text.UsageFault_Handler
                0x0000000008001250        0x6 Core/Src/stm32l4xx_it.o
                0x0000000008001250                UsageFault_Handler
 .text.SVC_Handler
                0x0000000008001256        0xe Core/Src/stm32l4xx_it.o
                0x0000000008001256                SVC_Handler
 .text.DebugMon_Handler
                0x0000000008001264        0xe Core/Src/stm32l4xx_it.o
                0x0000000008001264                DebugMon_Handler
 .text.PendSV_Handler
                0x0000000008001272        0xe Core/Src/stm32l4xx_it.o
                0x0000000008001272                PendSV_Handler
 .text.SysTick_Handler
                0x0000000008001280        0xc Core/Src/stm32l4xx_it.o
                0x0000000008001280                SysTick_Handler
 .text.DMA1_Channel5_IRQHandler
                0x000000000800128c       0x14 Core/Src/stm32l4xx_it.o
                0x000000000800128c                DMA1_Channel5_IRQHandler
 .text.I2C2_EV_IRQHandler
                0x00000000080012a0       0x14 Core/Src/stm32l4xx_it.o
                0x00000000080012a0                I2C2_EV_IRQHandler
 .text.I2C2_ER_IRQHandler
                0x00000000080012b4       0x14 Core/Src/stm32l4xx_it.o
                0x00000000080012b4                I2C2_ER_IRQHandler
 .text.EXTI15_10_IRQHandler
                0x00000000080012c8       0x10 Core/Src/stm32l4xx_it.o
                0x00000000080012c8                EXTI15_10_IRQHandler
 .text._sbrk    0x00000000080012d8       0x58 Core/Src/sysmem.o
                0x00000000080012d8                _sbrk
 .text.SystemInit
                0x0000000008001330       0x6c Core/Src/system_stm32l4xx.o
                0x0000000008001330                SystemInit
 .text.Reset_Handler
                0x000000000800139c       0x50 Core/Startup/startup_stm32l476vgtx.o
                0x000000000800139c                Reset_Handler
 .text.Default_Handler
                0x00000000080013ec        0x2 Core/Startup/startup_stm32l476vgtx.o
                0x00000000080013ec                RTC_Alarm_IRQHandler
                0x00000000080013ec                EXTI2_IRQHandler
                0x00000000080013ec                TIM8_TRG_COM_IRQHandler
                0x00000000080013ec                TIM8_CC_IRQHandler
                0x00000000080013ec                TIM1_CC_IRQHandler
                0x00000000080013ec                TSC_IRQHandler
                0x00000000080013ec                TAMP_STAMP_IRQHandler
                0x00000000080013ec                EXTI3_IRQHandler
                0x00000000080013ec                LPTIM2_IRQHandler
                0x00000000080013ec                DFSDM1_FLT1_IRQHandler
                0x00000000080013ec                I2C3_ER_IRQHandler
                0x00000000080013ec                DFSDM1_FLT2_IRQHandler
                0x00000000080013ec                EXTI0_IRQHandler
                0x00000000080013ec                CAN1_RX0_IRQHandler
                0x00000000080013ec                FPU_IRQHandler
                0x00000000080013ec                TIM1_UP_TIM16_IRQHandler
                0x00000000080013ec                ADC1_2_IRQHandler
                0x00000000080013ec                SPI1_IRQHandler
                0x00000000080013ec                TIM6_DAC_IRQHandler
                0x00000000080013ec                TIM8_UP_IRQHandler
                0x00000000080013ec                DMA2_Channel2_IRQHandler
                0x00000000080013ec                DMA1_Channel4_IRQHandler
                0x00000000080013ec                SAI2_IRQHandler
                0x00000000080013ec                DFSDM1_FLT3_IRQHandler
                0x00000000080013ec                USART3_IRQHandler
                0x00000000080013ec                DMA1_Channel7_IRQHandler
                0x00000000080013ec                CAN1_RX1_IRQHandler
                0x00000000080013ec                LCD_IRQHandler
                0x00000000080013ec                UART5_IRQHandler
                0x00000000080013ec                ADC3_IRQHandler
                0x00000000080013ec                TIM4_IRQHandler
                0x00000000080013ec                DMA2_Channel1_IRQHandler
                0x00000000080013ec                QUADSPI_IRQHandler
                0x00000000080013ec                I2C1_EV_IRQHandler
                0x00000000080013ec                DMA1_Channel6_IRQHandler
                0x00000000080013ec                UART4_IRQHandler
                0x00000000080013ec                DMA2_Channel4_IRQHandler
                0x00000000080013ec                TIM3_IRQHandler
                0x00000000080013ec                RCC_IRQHandler
                0x00000000080013ec                DMA1_Channel1_IRQHandler
                0x00000000080013ec                Default_Handler
                0x00000000080013ec                DMA2_Channel7_IRQHandler
                0x00000000080013ec                TIM7_IRQHandler
                0x00000000080013ec                SDMMC1_IRQHandler
                0x00000000080013ec                TIM5_IRQHandler
                0x00000000080013ec                I2C3_EV_IRQHandler
                0x00000000080013ec                EXTI9_5_IRQHandler
                0x00000000080013ec                RTC_WKUP_IRQHandler
                0x00000000080013ec                PVD_PVM_IRQHandler
                0x00000000080013ec                SPI2_IRQHandler
                0x00000000080013ec                CAN1_TX_IRQHandler
                0x00000000080013ec                DMA2_Channel5_IRQHandler
                0x00000000080013ec                EXTI4_IRQHandler
                0x00000000080013ec                RNG_IRQHandler
                0x00000000080013ec                TIM1_TRG_COM_TIM17_IRQHandler
                0x00000000080013ec                DMA1_Channel3_IRQHandler
                0x00000000080013ec                COMP_IRQHandler
                0x00000000080013ec                WWDG_IRQHandler
                0x00000000080013ec                LPUART1_IRQHandler
                0x00000000080013ec                DMA2_Channel6_IRQHandler
                0x00000000080013ec                TIM2_IRQHandler
                0x00000000080013ec                EXTI1_IRQHandler
                0x00000000080013ec                USART2_IRQHandler
                0x00000000080013ec                DFSDM1_FLT0_IRQHandler
                0x00000000080013ec                DMA1_Channel2_IRQHandler
                0x00000000080013ec                TIM8_BRK_IRQHandler
                0x00000000080013ec                CAN1_SCE_IRQHandler
                0x00000000080013ec                FLASH_IRQHandler
                0x00000000080013ec                USART1_IRQHandler
                0x00000000080013ec                OTG_FS_IRQHandler
                0x00000000080013ec                SPI3_IRQHandler
                0x00000000080013ec                I2C1_ER_IRQHandler
                0x00000000080013ec                FMC_IRQHandler
                0x00000000080013ec                SWPMI1_IRQHandler
                0x00000000080013ec                LPTIM1_IRQHandler
                0x00000000080013ec                SAI1_IRQHandler
                0x00000000080013ec                DMA2_Channel3_IRQHandler
                0x00000000080013ec                TIM1_BRK_TIM15_IRQHandler
 .text.HAL_Init
                0x00000000080013ee       0x30 Drivers/STM32L4xx_HAL_Driver/Src/stm32l4xx_hal.o
                0x00000000080013ee                HAL_Init
 *fill*         0x000000000800141e        0x2 
 .text.HAL_InitTick
                0x0000000008001420       0x74 Drivers/STM32L4xx_HAL_Driver/Src/stm32l4xx_hal.o
                0x0000000008001420                HAL_InitTick
 .text.HAL_IncTick
                0x0000000008001494       0x24 Drivers/STM32L4xx_HAL_Driver/Src/stm32l4xx_hal.o
                0x0000000008001494                HAL_IncTick
 .text.HAL_GetTick
                0x00000000080014b8       0x18 Drivers/STM32L4xx_HAL_Driver/Src/stm32l4xx_hal.o
                0x00000000080014b8                HAL_GetTick
 .text.__NVIC_SetPriorityGrouping
                0x00000000080014d0       0x48 Drivers/STM32L4xx_HAL_Driver/Src/stm32l4xx_hal_cortex.o
 .text.__NVIC_GetPriorityGrouping
                0x0000000008001518       0x1c Drivers/STM32L4xx_HAL_Driver/Src/stm32l4xx_hal_cortex.o
 .text.__NVIC_EnableIRQ
                0x0000000008001534       0x3c Drivers/STM32L4xx_HAL_Driver/Src/stm32l4xx_hal_cortex.o
 .text.__NVIC_SetPriority
                0x0000000008001570       0x54 Drivers/STM32L4xx_HAL_Driver/Src/stm32l4xx_hal_cortex.o
 .text.NVIC_EncodePriority
                0x00000000080015c4       0x66 Drivers/STM32L4xx_HAL_Driver/Src/stm32l4xx_hal_cortex.o
 *fill*         0x000000000800162a        0x2 
 .text.SysTick_Config
                0x000000000800162c       0x44 Drivers/STM32L4xx_HAL_Driver/Src/stm32l4xx_hal_cortex.o
 .text.HAL_NVIC_SetPriorityGrouping
                0x0000000008001670       0x16 Drivers/STM32L4xx_HAL_Driver/Src/stm32l4xx_hal_cortex.o
                0x0000000008001670                HAL_NVIC_SetPriorityGrouping
 .text.HAL_NVIC_SetPriority
                0x0000000008001686       0x38 Drivers/STM32L4xx_HAL_Driver/Src/stm32l4xx_hal_cortex.o
                0x0000000008001686                HAL_NVIC_SetPriority
 .text.HAL_NVIC_EnableIRQ
                0x00000000080016be       0x1c Drivers/STM32L4xx_HAL_Driver/Src/stm32l4xx_hal_cortex.o
                0x00000000080016be                HAL_NVIC_EnableIRQ
 .text.HAL_SYSTICK_Config
                0x00000000080016da       0x18 Drivers/STM32L4xx_HAL_Driver/Src/stm32l4xx_hal_cortex.o
                0x00000000080016da                HAL_SYSTICK_Config
 *fill*         0x00000000080016f2        0x2 
 .text.HAL_DMA_Init
                0x00000000080016f4      0x170 Drivers/STM32L4xx_HAL_Driver/Src/stm32l4xx_hal_dma.o
                0x00000000080016f4                HAL_DMA_Init
 .text.HAL_DMA_Start_IT
                0x0000000008001864       0xc0 Drivers/STM32L4xx_HAL_Driver/Src/stm32l4xx_hal_dma.o
                0x0000000008001864                HAL_DMA_Start_IT
 .text.HAL_DMA_Abort_IT
                0x0000000008001924       0x82 Drivers/STM32L4xx_HAL_Driver/Src/stm32l4xx_hal_dma.o
                0x0000000008001924                HAL_DMA_Abort_IT
 .text.HAL_DMA_IRQHandler
                0x00000000080019a6      0x15e Drivers/STM32L4xx_HAL_Driver/Src/stm32l4xx_hal_dma.o
                0x00000000080019a6                HAL_DMA_IRQHandler
 .text.HAL_DMA_GetState
                0x0000000008001b04       0x1c Drivers/STM32L4xx_HAL_Driver/Src/stm32l4xx_hal_dma.o
                0x0000000008001b04                HAL_DMA_GetState
 .text.DMA_SetConfig
                0x0000000008001b20       0x60 Drivers/STM32L4xx_HAL_Driver/Src/stm32l4xx_hal_dma.o
 .text.HAL_GPIO_Init
                0x0000000008001b80      0x350 Drivers/STM32L4xx_HAL_Driver/Src/stm32l4xx_hal_gpio.o
                0x0000000008001b80                HAL_GPIO_Init
 .text.HAL_GPIO_WritePin
                0x0000000008001ed0       0x30 Drivers/STM32L4xx_HAL_Driver/Src/stm32l4xx_hal_gpio.o
                0x0000000008001ed0                HAL_GPIO_WritePin
 .text.HAL_GPIO_TogglePin
                0x0000000008001f00       0x32 Drivers/STM32L4xx_HAL_Driver/Src/stm32l4xx_hal_gpio.o
                0x0000000008001f00                HAL_GPIO_TogglePin
 *fill*         0x0000000008001f32        0x2 
 .text.HAL_GPIO_EXTI_IRQHandler
                0x0000000008001f34       0x30 Drivers/STM32L4xx_HAL_Driver/Src/stm32l4xx_hal_gpio.o
                0x0000000008001f34                HAL_GPIO_EXTI_IRQHandler
 .text.HAL_GPIO_EXTI_Callback
                0x0000000008001f64       0x16 Drivers/STM32L4xx_HAL_Driver/Src/stm32l4xx_hal_gpio.o
                0x0000000008001f64                HAL_GPIO_EXTI_Callback
 .text.HAL_I2C_Init
                0x0000000008001f7a      0x11e Drivers/STM32L4xx_HAL_Driver/Src/stm32l4xx_hal_i2c.o
                0x0000000008001f7a                HAL_I2C_Init
 .text.HAL_I2C_Master_Transmit
                0x0000000008002098      0x1e8 Drivers/STM32L4xx_HAL_Driver/Src/stm32l4xx_hal_i2c.o
                0x0000000008002098                HAL_I2C_Master_Transmit
 .text.HAL_I2C_Master_Receive_DMA
                0x0000000008002280      0x1e0 Drivers/STM32L4xx_HAL_Driver/Src/stm32l4xx_hal_i2c.o
                0x0000000008002280                HAL_I2C_Master_Receive_DMA
 .text.HAL_I2C_IsDeviceReady
                0x0000000008002460      0x20e Drivers/STM32L4xx_HAL_Driver/Src/stm32l4xx_hal_i2c.o
                0x0000000008002460                HAL_I2C_IsDeviceReady
 .text.HAL_I2C_EV_IRQHandler
                0x000000000800266e       0x34 Drivers/STM32L4xx_HAL_Driver/Src/stm32l4xx_hal_i2c.o
                0x000000000800266e                HAL_I2C_EV_IRQHandler
 .text.HAL_I2C_ER_IRQHandler
                0x00000000080026a2       0xc2 Drivers/STM32L4xx_HAL_Driver/Src/stm32l4xx_hal_i2c.o
                0x00000000080026a2                HAL_I2C_ER_IRQHandler
 .text.HAL_I2C_MasterTxCpltCallback
                0x0000000008002764       0x14 Drivers/STM32L4xx_HAL_Driver/Src/stm32l4xx_hal_i2c.o
                0x0000000008002764                HAL_I2C_MasterTxCpltCallback
 .text.HAL_I2C_SlaveTxCpltCallback
                0x0000000008002778       0x14 Drivers/STM32L4xx_HAL_Driver/Src/stm32l4xx_hal_i2c.o
                0x0000000008002778                HAL_I2C_SlaveTxCpltCallback
 .text.HAL_I2C_SlaveRxCpltCallback
                0x000000000800278c       0x14 Drivers/STM32L4xx_HAL_Driver/Src/stm32l4xx_hal_i2c.o
                0x000000000800278c                HAL_I2C_SlaveRxCpltCallback
 .text.HAL_I2C_AddrCallback
                0x00000000080027a0       0x1c Drivers/STM32L4xx_HAL_Driver/Src/stm32l4xx_hal_i2c.o
                0x00000000080027a0                HAL_I2C_AddrCallback
 .text.HAL_I2C_ListenCpltCallback
                0x00000000080027bc       0x14 Drivers/STM32L4xx_HAL_Driver/Src/stm32l4xx_hal_i2c.o
                0x00000000080027bc                HAL_I2C_ListenCpltCallback
 .text.HAL_I2C_MemTxCpltCallback
                0x00000000080027d0       0x14 Drivers/STM32L4xx_HAL_Driver/Src/stm32l4xx_hal_i2c.o
                0x00000000080027d0                HAL_I2C_MemTxCpltCallback
 .text.HAL_I2C_MemRxCpltCallback
                0x00000000080027e4       0x14 Drivers/STM32L4xx_HAL_Driver/Src/stm32l4xx_hal_i2c.o
                0x00000000080027e4                HAL_I2C_MemRxCpltCallback
 .text.HAL_I2C_ErrorCallback
                0x00000000080027f8       0x14 Drivers/STM32L4xx_HAL_Driver/Src/stm32l4xx_hal_i2c.o
                0x00000000080027f8                HAL_I2C_ErrorCallback
 .text.HAL_I2C_AbortCpltCallback
                0x000000000800280c       0x14 Drivers/STM32L4xx_HAL_Driver/Src/stm32l4xx_hal_i2c.o
                0x000000000800280c                HAL_I2C_AbortCpltCallback
 .text.I2C_Master_ISR_IT
                0x0000000008002820      0x252 Drivers/STM32L4xx_HAL_Driver/Src/stm32l4xx_hal_i2c.o
 .text.I2C_Slave_ISR_IT
                0x0000000008002a72      0x206 Drivers/STM32L4xx_HAL_Driver/Src/stm32l4xx_hal_i2c.o
 .text.I2C_Master_ISR_DMA
                0x0000000008002c78      0x1e6 Drivers/STM32L4xx_HAL_Driver/Src/stm32l4xx_hal_i2c.o
 .text.I2C_Slave_ISR_DMA
                0x0000000008002e5e      0x1c0 Drivers/STM32L4xx_HAL_Driver/Src/stm32l4xx_hal_i2c.o
 .text.I2C_ITAddrCplt
                0x000000000800301e      0x108 Drivers/STM32L4xx_HAL_Driver/Src/stm32l4xx_hal_i2c.o
 .text.I2C_ITMasterSeqCplt
                0x0000000008003126       0x7a Drivers/STM32L4xx_HAL_Driver/Src/stm32l4xx_hal_i2c.o
 .text.I2C_ITSlaveSeqCplt
                0x00000000080031a0       0xbc Drivers/STM32L4xx_HAL_Driver/Src/stm32l4xx_hal_i2c.o
 .text.I2C_ITMasterCplt
                0x000000000800325c      0x194 Drivers/STM32L4xx_HAL_Driver/Src/stm32l4xx_hal_i2c.o
 .text.I2C_ITSlaveCplt
                0x00000000080033f0      0x214 Drivers/STM32L4xx_HAL_Driver/Src/stm32l4xx_hal_i2c.o
 .text.I2C_ITListenCplt
                0x0000000008003604       0xac Drivers/STM32L4xx_HAL_Driver/Src/stm32l4xx_hal_i2c.o
 .text.I2C_ITError
                0x00000000080036b0      0x1a0 Drivers/STM32L4xx_HAL_Driver/Src/stm32l4xx_hal_i2c.o
 .text.I2C_TreatErrorCallback
                0x0000000008003850       0x4e Drivers/STM32L4xx_HAL_Driver/Src/stm32l4xx_hal_i2c.o
 .text.I2C_Flush_TXDR
                0x000000000800389e       0x48 Drivers/STM32L4xx_HAL_Driver/Src/stm32l4xx_hal_i2c.o
 .text.I2C_DMAMasterReceiveCplt
                0x00000000080038e6       0x96 Drivers/STM32L4xx_HAL_Driver/Src/stm32l4xx_hal_i2c.o
 .text.I2C_DMAError
                0x000000000800397c       0x2e Drivers/STM32L4xx_HAL_Driver/Src/stm32l4xx_hal_i2c.o
 .text.I2C_DMAAbort
                0x00000000080039aa       0x3c Drivers/STM32L4xx_HAL_Driver/Src/stm32l4xx_hal_i2c.o
 .text.I2C_WaitOnFlagUntilTimeout
                0x00000000080039e6       0x80 Drivers/STM32L4xx_HAL_Driver/Src/stm32l4xx_hal_i2c.o
 .text.I2C_WaitOnTXISFlagUntilTimeout
                0x0000000008003a66       0x80 Drivers/STM32L4xx_HAL_Driver/Src/stm32l4xx_hal_i2c.o
 .text.I2C_WaitOnSTOPFlagUntilTimeout
                0x0000000008003ae6       0x78 Drivers/STM32L4xx_HAL_Driver/Src/stm32l4xx_hal_i2c.o
 *fill*         0x0000000008003b5e        0x2 
 .text.I2C_IsAcknowledgeFailed
                0x0000000008003b60       0xcc Drivers/STM32L4xx_HAL_Driver/Src/stm32l4xx_hal_i2c.o
 .text.I2C_TransferConfig
                0x0000000008003c2c       0x5c Drivers/STM32L4xx_HAL_Driver/Src/stm32l4xx_hal_i2c.o
 .text.I2C_Enable_IRQ
                0x0000000008003c88       0xc8 Drivers/STM32L4xx_HAL_Driver/Src/stm32l4xx_hal_i2c.o
 .text.I2C_Disable_IRQ
                0x0000000008003d50       0xbc Drivers/STM32L4xx_HAL_Driver/Src/stm32l4xx_hal_i2c.o
 .text.HAL_I2CEx_ConfigAnalogFilter
                0x0000000008003e0c       0x96 Drivers/STM32L4xx_HAL_Driver/Src/stm32l4xx_hal_i2c_ex.o
                0x0000000008003e0c                HAL_I2CEx_ConfigAnalogFilter
 .text.HAL_I2CEx_ConfigDigitalFilter
                0x0000000008003ea2       0x98 Drivers/STM32L4xx_HAL_Driver/Src/stm32l4xx_hal_i2c_ex.o
                0x0000000008003ea2                HAL_I2CEx_ConfigDigitalFilter
 *fill*         0x0000000008003f3a        0x2 
 .text.HAL_PWREx_GetVoltageRange
                0x0000000008003f3c       0x1c Drivers/STM32L4xx_HAL_Driver/Src/stm32l4xx_hal_pwr_ex.o
                0x0000000008003f3c                HAL_PWREx_GetVoltageRange
 .text.HAL_PWREx_ControlVoltageScaling
                0x0000000008003f58       0xac Drivers/STM32L4xx_HAL_Driver/Src/stm32l4xx_hal_pwr_ex.o
                0x0000000008003f58                HAL_PWREx_ControlVoltageScaling
 .text.HAL_RCC_OscConfig
                0x0000000008004004      0x7cc Drivers/STM32L4xx_HAL_Driver/Src/stm32l4xx_hal_rcc.o
                0x0000000008004004                HAL_RCC_OscConfig
 .text.HAL_RCC_ClockConfig
                0x00000000080047d0      0x1c4 Drivers/STM32L4xx_HAL_Driver/Src/stm32l4xx_hal_rcc.o
                0x00000000080047d0                HAL_RCC_ClockConfig
 .text.HAL_RCC_GetSysClockFreq
                0x0000000008004994      0x114 Drivers/STM32L4xx_HAL_Driver/Src/stm32l4xx_hal_rcc.o
                0x0000000008004994                HAL_RCC_GetSysClockFreq
 .text.RCC_SetFlashLatencyFromMSIRange
                0x0000000008004aa8       0xc0 Drivers/STM32L4xx_HAL_Driver/Src/stm32l4xx_hal_rcc.o
 .text.HAL_RCCEx_PeriphCLKConfig
                0x0000000008004b68      0x5cc Drivers/STM32L4xx_HAL_Driver/Src/stm32l4xx_hal_rcc_ex.o
                0x0000000008004b68                HAL_RCCEx_PeriphCLKConfig
 .text.RCCEx_PLLSAI1_Config
                0x0000000008005134      0x1e0 Drivers/STM32L4xx_HAL_Driver/Src/stm32l4xx_hal_rcc_ex.o
 .text.RCCEx_PLLSAI2_Config
                0x0000000008005314      0x1b4 Drivers/STM32L4xx_HAL_Driver/Src/stm32l4xx_hal_rcc_ex.o
 .text.__errno  0x00000000080054c8        0xc /opt/st/stm32cubeide_1.3.0/plugins/com.st.stm32cube.ide.mcu.externaltools.gnu-tools-for-stm32.7-2018-q2-update.linux64_1.0.0.201904181610/tools/bin/../lib/gcc/arm-none-eabi/7.3.1/../../../../arm-none-eabi/lib/thumb/v7e-m/fpv4-sp/hard/libc_nano.a(lib_a-errno.o)
                0x00000000080054c8                __errno
 .text.__libc_init_array
                0x00000000080054d4       0x48 /opt/st/stm32cubeide_1.3.0/plugins/com.st.stm32cube.ide.mcu.externaltools.gnu-tools-for-stm32.7-2018-q2-update.linux64_1.0.0.201904181610/tools/bin/../lib/gcc/arm-none-eabi/7.3.1/../../../../arm-none-eabi/lib/thumb/v7e-m/fpv4-sp/hard/libc_nano.a(lib_a-init.o)
                0x00000000080054d4                __libc_init_array
 .text.memset   0x000000000800551c       0x10 /opt/st/stm32cubeide_1.3.0/plugins/com.st.stm32cube.ide.mcu.externaltools.gnu-tools-for-stm32.7-2018-q2-update.linux64_1.0.0.201904181610/tools/bin/../lib/gcc/arm-none-eabi/7.3.1/../../../../arm-none-eabi/lib/thumb/v7e-m/fpv4-sp/hard/libc_nano.a(lib_a-memset.o)
                0x000000000800551c                memset
 .text.__cvt    0x000000000800552c       0xc2 /opt/st/stm32cubeide_1.3.0/plugins/com.st.stm32cube.ide.mcu.externaltools.gnu-tools-for-stm32.7-2018-q2-update.linux64_1.0.0.201904181610/tools/bin/../lib/gcc/arm-none-eabi/7.3.1/../../../../arm-none-eabi/lib/thumb/v7e-m/fpv4-sp/hard/libc_nano.a(lib_a-nano-vfprintf_float.o)
                0x000000000800552c                __cvt
 .text.__exponent
                0x00000000080055ee       0x66 /opt/st/stm32cubeide_1.3.0/plugins/com.st.stm32cube.ide.mcu.externaltools.gnu-tools-for-stm32.7-2018-q2-update.linux64_1.0.0.201904181610/tools/bin/../lib/gcc/arm-none-eabi/7.3.1/../../../../arm-none-eabi/lib/thumb/v7e-m/fpv4-sp/hard/libc_nano.a(lib_a-nano-vfprintf_float.o)
                0x00000000080055ee                __exponent
 .text._printf_float
                0x0000000008005654      0x480 /opt/st/stm32cubeide_1.3.0/plugins/com.st.stm32cube.ide.mcu.externaltools.gnu-tools-for-stm32.7-2018-q2-update.linux64_1.0.0.201904181610/tools/bin/../lib/gcc/arm-none-eabi/7.3.1/../../../../arm-none-eabi/lib/thumb/v7e-m/fpv4-sp/hard/libc_nano.a(lib_a-nano-vfprintf_float.o)
                0x0000000008005654                _printf_float
 .text._printf_common
                0x0000000008005ad4       0xea /opt/st/stm32cubeide_1.3.0/plugins/com.st.stm32cube.ide.mcu.externaltools.gnu-tools-for-stm32.7-2018-q2-update.linux64_1.0.0.201904181610/tools/bin/../lib/gcc/arm-none-eabi/7.3.1/../../../../arm-none-eabi/lib/thumb/v7e-m/fpv4-sp/hard/libc_nano.a(lib_a-nano-vfprintf_i.o)
                0x0000000008005ad4                _printf_common
 *fill*         0x0000000008005bbe        0x2 
 .text._printf_i
                0x0000000008005bc0      0x224 /opt/st/stm32cubeide_1.3.0/plugins/com.st.stm32cube.ide.mcu.externaltools.gnu-tools-for-stm32.7-2018-q2-update.linux64_1.0.0.201904181610/tools/bin/../lib/gcc/arm-none-eabi/7.3.1/../../../../arm-none-eabi/lib/thumb/v7e-m/fpv4-sp/hard/libc_nano.a(lib_a-nano-vfprintf_i.o)
                0x0000000008005bc0                _printf_i
 .text._vsprintf_r
                0x0000000008005de4       0x2c /opt/st/stm32cubeide_1.3.0/plugins/com.st.stm32cube.ide.mcu.externaltools.gnu-tools-for-stm32.7-2018-q2-update.linux64_1.0.0.201904181610/tools/bin/../lib/gcc/arm-none-eabi/7.3.1/../../../../arm-none-eabi/lib/thumb/v7e-m/fpv4-sp/hard/libc_nano.a(lib_a-vsprintf.o)
                0x0000000008005de4                _vsiprintf_r
                0x0000000008005de4                _vsprintf_r
 .text.vsprintf
                0x0000000008005e10       0x14 /opt/st/stm32cubeide_1.3.0/plugins/com.st.stm32cube.ide.mcu.externaltools.gnu-tools-for-stm32.7-2018-q2-update.linux64_1.0.0.201904181610/tools/bin/../lib/gcc/arm-none-eabi/7.3.1/../../../../arm-none-eabi/lib/thumb/v7e-m/fpv4-sp/hard/libc_nano.a(lib_a-vsprintf.o)
                0x0000000008005e10                vsprintf
                0x0000000008005e10                vsiprintf
 .text.quorem   0x0000000008005e24      0x118 /opt/st/stm32cubeide_1.3.0/plugins/com.st.stm32cube.ide.mcu.externaltools.gnu-tools-for-stm32.7-2018-q2-update.linux64_1.0.0.201904181610/tools/bin/../lib/gcc/arm-none-eabi/7.3.1/../../../../arm-none-eabi/lib/thumb/v7e-m/fpv4-sp/hard/libc_nano.a(lib_a-dtoa.o)
 *fill*         0x0000000008005f3c        0x4 
 .text._dtoa_r  0x0000000008005f40      0xb70 /opt/st/stm32cubeide_1.3.0/plugins/com.st.stm32cube.ide.mcu.externaltools.gnu-tools-for-stm32.7-2018-q2-update.linux64_1.0.0.201904181610/tools/bin/../lib/gcc/arm-none-eabi/7.3.1/../../../../arm-none-eabi/lib/thumb/v7e-m/fpv4-sp/hard/libc_nano.a(lib_a-dtoa.o)
                0x0000000008005f40                _dtoa_r
 .text._localeconv_r
                0x0000000008006ab0       0x1c /opt/st/stm32cubeide_1.3.0/plugins/com.st.stm32cube.ide.mcu.externaltools.gnu-tools-for-stm32.7-2018-q2-update.linux64_1.0.0.201904181610/tools/bin/../lib/gcc/arm-none-eabi/7.3.1/../../../../arm-none-eabi/lib/thumb/v7e-m/fpv4-sp/hard/libc_nano.a(lib_a-localeconv.o)
                0x0000000008006ab0                _localeconv_r
 .text.malloc   0x0000000008006acc       0x10 /opt/st/stm32cubeide_1.3.0/plugins/com.st.stm32cube.ide.mcu.externaltools.gnu-tools-for-stm32.7-2018-q2-update.linux64_1.0.0.201904181610/tools/bin/../lib/gcc/arm-none-eabi/7.3.1/../../../../arm-none-eabi/lib/thumb/v7e-m/fpv4-sp/hard/libc_nano.a(lib_a-malloc.o)
                0x0000000008006acc                malloc
 .text.memcpy   0x0000000008006adc       0x16 /opt/st/stm32cubeide_1.3.0/plugins/com.st.stm32cube.ide.mcu.externaltools.gnu-tools-for-stm32.7-2018-q2-update.linux64_1.0.0.201904181610/tools/bin/../lib/gcc/arm-none-eabi/7.3.1/../../../../arm-none-eabi/lib/thumb/v7e-m/fpv4-sp/hard/libc_nano.a(lib_a-memcpy-stub.o)
                0x0000000008006adc                memcpy
 .text._Balloc  0x0000000008006af2       0x68 /opt/st/stm32cubeide_1.3.0/plugins/com.st.stm32cube.ide.mcu.externaltools.gnu-tools-for-stm32.7-2018-q2-update.linux64_1.0.0.201904181610/tools/bin/../lib/gcc/arm-none-eabi/7.3.1/../../../../arm-none-eabi/lib/thumb/v7e-m/fpv4-sp/hard/libc_nano.a(lib_a-mprec.o)
                0x0000000008006af2                _Balloc
 .text._Bfree   0x0000000008006b5a       0x2e /opt/st/stm32cubeide_1.3.0/plugins/com.st.stm32cube.ide.mcu.externaltools.gnu-tools-for-stm32.7-2018-q2-update.linux64_1.0.0.201904181610/tools/bin/../lib/gcc/arm-none-eabi/7.3.1/../../../../arm-none-eabi/lib/thumb/v7e-m/fpv4-sp/hard/libc_nano.a(lib_a-mprec.o)
                0x0000000008006b5a                _Bfree
 .text.__multadd
                0x0000000008006b88       0x76 /opt/st/stm32cubeide_1.3.0/plugins/com.st.stm32cube.ide.mcu.externaltools.gnu-tools-for-stm32.7-2018-q2-update.linux64_1.0.0.201904181610/tools/bin/../lib/gcc/arm-none-eabi/7.3.1/../../../../arm-none-eabi/lib/thumb/v7e-m/fpv4-sp/hard/libc_nano.a(lib_a-mprec.o)
                0x0000000008006b88                __multadd
 .text.__hi0bits
                0x0000000008006bfe       0x3e /opt/st/stm32cubeide_1.3.0/plugins/com.st.stm32cube.ide.mcu.externaltools.gnu-tools-for-stm32.7-2018-q2-update.linux64_1.0.0.201904181610/tools/bin/../lib/gcc/arm-none-eabi/7.3.1/../../../../arm-none-eabi/lib/thumb/v7e-m/fpv4-sp/hard/libc_nano.a(lib_a-mprec.o)
                0x0000000008006bfe                __hi0bits
 .text.__lo0bits
                0x0000000008006c3c       0x5e /opt/st/stm32cubeide_1.3.0/plugins/com.st.stm32cube.ide.mcu.externaltools.gnu-tools-for-stm32.7-2018-q2-update.linux64_1.0.0.201904181610/tools/bin/../lib/gcc/arm-none-eabi/7.3.1/../../../../arm-none-eabi/lib/thumb/v7e-m/fpv4-sp/hard/libc_nano.a(lib_a-mprec.o)
                0x0000000008006c3c                __lo0bits
 .text.__i2b    0x0000000008006c9a       0x12 /opt/st/stm32cubeide_1.3.0/plugins/com.st.stm32cube.ide.mcu.externaltools.gnu-tools-for-stm32.7-2018-q2-update.linux64_1.0.0.201904181610/tools/bin/../lib/gcc/arm-none-eabi/7.3.1/../../../../arm-none-eabi/lib/thumb/v7e-m/fpv4-sp/hard/libc_nano.a(lib_a-mprec.o)
                0x0000000008006c9a                __i2b
 .text.__multiply
                0x0000000008006cac      0x12c /opt/st/stm32cubeide_1.3.0/plugins/com.st.stm32cube.ide.mcu.externaltools.gnu-tools-for-stm32.7-2018-q2-update.linux64_1.0.0.201904181610/tools/bin/../lib/gcc/arm-none-eabi/7.3.1/../../../../arm-none-eabi/lib/thumb/v7e-m/fpv4-sp/hard/libc_nano.a(lib_a-mprec.o)
                0x0000000008006cac                __multiply
 .text.__pow5mult
                0x0000000008006dd8       0x9c /opt/st/stm32cubeide_1.3.0/plugins/com.st.stm32cube.ide.mcu.externaltools.gnu-tools-for-stm32.7-2018-q2-update.linux64_1.0.0.201904181610/tools/bin/../lib/gcc/arm-none-eabi/7.3.1/../../../../arm-none-eabi/lib/thumb/v7e-m/fpv4-sp/hard/libc_nano.a(lib_a-mprec.o)
                0x0000000008006dd8                __pow5mult
 .text.__lshift
                0x0000000008006e74       0xa8 /opt/st/stm32cubeide_1.3.0/plugins/com.st.stm32cube.ide.mcu.externaltools.gnu-tools-for-stm32.7-2018-q2-update.linux64_1.0.0.201904181610/tools/bin/../lib/gcc/arm-none-eabi/7.3.1/../../../../arm-none-eabi/lib/thumb/v7e-m/fpv4-sp/hard/libc_nano.a(lib_a-mprec.o)
                0x0000000008006e74                __lshift
 .text.__mcmp   0x0000000008006f1c       0x34 /opt/st/stm32cubeide_1.3.0/plugins/com.st.stm32cube.ide.mcu.externaltools.gnu-tools-for-stm32.7-2018-q2-update.linux64_1.0.0.201904181610/tools/bin/../lib/gcc/arm-none-eabi/7.3.1/../../../../arm-none-eabi/lib/thumb/v7e-m/fpv4-sp/hard/libc_nano.a(lib_a-mprec.o)
                0x0000000008006f1c                __mcmp
 .text.__mdiff  0x0000000008006f50       0xba /opt/st/stm32cubeide_1.3.0/plugins/com.st.stm32cube.ide.mcu.externaltools.gnu-tools-for-stm32.7-2018-q2-update.linux64_1.0.0.201904181610/tools/bin/../lib/gcc/arm-none-eabi/7.3.1/../../../../arm-none-eabi/lib/thumb/v7e-m/fpv4-sp/hard/libc_nano.a(lib_a-mprec.o)
                0x0000000008006f50                __mdiff
 .text.__d2b    0x000000000800700a       0x9e /opt/st/stm32cubeide_1.3.0/plugins/com.st.stm32cube.ide.mcu.externaltools.gnu-tools-for-stm32.7-2018-q2-update.linux64_1.0.0.201904181610/tools/bin/../lib/gcc/arm-none-eabi/7.3.1/../../../../arm-none-eabi/lib/thumb/v7e-m/fpv4-sp/hard/libc_nano.a(lib_a-mprec.o)
                0x000000000800700a                __d2b
 .text._calloc_r
                0x00000000080070a8       0x1c /opt/st/stm32cubeide_1.3.0/plugins/com.st.stm32cube.ide.mcu.externaltools.gnu-tools-for-stm32.7-2018-q2-update.linux64_1.0.0.201904181610/tools/bin/../lib/gcc/arm-none-eabi/7.3.1/../../../../arm-none-eabi/lib/thumb/v7e-m/fpv4-sp/hard/libc_nano.a(lib_a-nano-callocr.o)
                0x00000000080070a8                _calloc_r
 .text._free_r  0x00000000080070c4       0x9c /opt/st/stm32cubeide_1.3.0/plugins/com.st.stm32cube.ide.mcu.externaltools.gnu-tools-for-stm32.7-2018-q2-update.linux64_1.0.0.201904181610/tools/bin/../lib/gcc/arm-none-eabi/7.3.1/../../../../arm-none-eabi/lib/thumb/v7e-m/fpv4-sp/hard/libc_nano.a(lib_a-nano-freer.o)
                0x00000000080070c4                _free_r
 .text._malloc_r
                0x0000000008007160       0xb4 /opt/st/stm32cubeide_1.3.0/plugins/com.st.stm32cube.ide.mcu.externaltools.gnu-tools-for-stm32.7-2018-q2-update.linux64_1.0.0.201904181610/tools/bin/../lib/gcc/arm-none-eabi/7.3.1/../../../../arm-none-eabi/lib/thumb/v7e-m/fpv4-sp/hard/libc_nano.a(lib_a-nano-mallocr.o)
                0x0000000008007160                _malloc_r
 .text.__ssputs_r
                0x0000000008007214       0xb4 /opt/st/stm32cubeide_1.3.0/plugins/com.st.stm32cube.ide.mcu.externaltools.gnu-tools-for-stm32.7-2018-q2-update.linux64_1.0.0.201904181610/tools/bin/../lib/gcc/arm-none-eabi/7.3.1/../../../../arm-none-eabi/lib/thumb/v7e-m/fpv4-sp/hard/libc_nano.a(lib_a-nano-svfprintf.o)
                0x0000000008007214                __ssputs_r
 .text._svfprintf_r
                0x00000000080072c8      0x1f0 /opt/st/stm32cubeide_1.3.0/plugins/com.st.stm32cube.ide.mcu.externaltools.gnu-tools-for-stm32.7-2018-q2-update.linux64_1.0.0.201904181610/tools/bin/../lib/gcc/arm-none-eabi/7.3.1/../../../../arm-none-eabi/lib/thumb/v7e-m/fpv4-sp/hard/libc_nano.a(lib_a-nano-svfprintf.o)
                0x00000000080072c8                _svfprintf_r
                0x00000000080072c8                _svfiprintf_r
 .text._sbrk_r  0x00000000080074b8       0x20 /opt/st/stm32cubeide_1.3.0/plugins/com.st.stm32cube.ide.mcu.externaltools.gnu-tools-for-stm32.7-2018-q2-update.linux64_1.0.0.201904181610/tools/bin/../lib/gcc/arm-none-eabi/7.3.1/../../../../arm-none-eabi/lib/thumb/v7e-m/fpv4-sp/hard/libc_nano.a(lib_a-sbrkr.o)
                0x00000000080074b8                _sbrk_r
 .text.__ascii_mbtowc
                0x00000000080074d8       0x24 /opt/st/stm32cubeide_1.3.0/plugins/com.st.stm32cube.ide.mcu.externaltools.gnu-tools-for-stm32.7-2018-q2-update.linux64_1.0.0.201904181610/tools/bin/../lib/gcc/arm-none-eabi/7.3.1/../../../../arm-none-eabi/lib/thumb/v7e-m/fpv4-sp/hard/libc_nano.a(lib_a-mbtowc_r.o)
                0x00000000080074d8                __ascii_mbtowc
 .text.memmove  0x00000000080074fc       0x32 /opt/st/stm32cubeide_1.3.0/plugins/com.st.stm32cube.ide.mcu.externaltools.gnu-tools-for-stm32.7-2018-q2-update.linux64_1.0.0.201904181610/tools/bin/../lib/gcc/arm-none-eabi/7.3.1/../../../../arm-none-eabi/lib/thumb/v7e-m/fpv4-sp/hard/libc_nano.a(lib_a-memmove.o)
                0x00000000080074fc                memmove
 .text.__malloc_lock
                0x000000000800752e        0x2 /opt/st/stm32cubeide_1.3.0/plugins/com.st.stm32cube.ide.mcu.externaltools.gnu-tools-for-stm32.7-2018-q2-update.linux64_1.0.0.201904181610/tools/bin/../lib/gcc/arm-none-eabi/7.3.1/../../../../arm-none-eabi/lib/thumb/v7e-m/fpv4-sp/hard/libc_nano.a(lib_a-mlock.o)
                0x000000000800752e                __malloc_lock
 .text.__malloc_unlock
                0x0000000008007530        0x2 /opt/st/stm32cubeide_1.3.0/plugins/com.st.stm32cube.ide.mcu.externaltools.gnu-tools-for-stm32.7-2018-q2-update.linux64_1.0.0.201904181610/tools/bin/../lib/gcc/arm-none-eabi/7.3.1/../../../../arm-none-eabi/lib/thumb/v7e-m/fpv4-sp/hard/libc_nano.a(lib_a-mlock.o)
                0x0000000008007530                __malloc_unlock
 .text._realloc_r
                0x0000000008007532       0x4c /opt/st/stm32cubeide_1.3.0/plugins/com.st.stm32cube.ide.mcu.externaltools.gnu-tools-for-stm32.7-2018-q2-update.linux64_1.0.0.201904181610/tools/bin/../lib/gcc/arm-none-eabi/7.3.1/../../../../arm-none-eabi/lib/thumb/v7e-m/fpv4-sp/hard/libc_nano.a(lib_a-nano-reallocr.o)
                0x0000000008007532                _realloc_r
 .text.__ascii_wctomb
                0x000000000800757e       0x1a /opt/st/stm32cubeide_1.3.0/plugins/com.st.stm32cube.ide.mcu.externaltools.gnu-tools-for-stm32.7-2018-q2-update.linux64_1.0.0.201904181610/tools/bin/../lib/gcc/arm-none-eabi/7.3.1/../../../../arm-none-eabi/lib/thumb/v7e-m/fpv4-sp/hard/libc_nano.a(lib_a-wctomb_r.o)
                0x000000000800757e                __ascii_wctomb
 .text._malloc_usable_size_r
                0x0000000008007598       0x10 /opt/st/stm32cubeide_1.3.0/plugins/com.st.stm32cube.ide.mcu.externaltools.gnu-tools-for-stm32.7-2018-q2-update.linux64_1.0.0.201904181610/tools/bin/../lib/gcc/arm-none-eabi/7.3.1/../../../../arm-none-eabi/lib/thumb/v7e-m/fpv4-sp/hard/libc_nano.a(lib_a-nano-msizer.o)
                0x0000000008007598                _malloc_usable_size_r
 *(.glue_7)
 .glue_7        0x00000000080075a8        0x0 linker stubs
 *(.glue_7t)
 .glue_7t       0x00000000080075a8        0x0 linker stubs
 *(.eh_frame)
 .eh_frame      0x00000000080075a8        0x0 /opt/st/stm32cubeide_1.3.0/plugins/com.st.stm32cube.ide.mcu.externaltools.gnu-tools-for-stm32.7-2018-q2-update.linux64_1.0.0.201904181610/tools/bin/../lib/gcc/arm-none-eabi/7.3.1/thumb/v7e-m/fpv4-sp/hard/crtbegin.o
 *(.init)
 .init          0x00000000080075a8        0x4 /opt/st/stm32cubeide_1.3.0/plugins/com.st.stm32cube.ide.mcu.externaltools.gnu-tools-for-stm32.7-2018-q2-update.linux64_1.0.0.201904181610/tools/bin/../lib/gcc/arm-none-eabi/7.3.1/thumb/v7e-m/fpv4-sp/hard/crti.o
                0x00000000080075a8                _init
 .init          0x00000000080075ac        0x8 /opt/st/stm32cubeide_1.3.0/plugins/com.st.stm32cube.ide.mcu.externaltools.gnu-tools-for-stm32.7-2018-q2-update.linux64_1.0.0.201904181610/tools/bin/../lib/gcc/arm-none-eabi/7.3.1/thumb/v7e-m/fpv4-sp/hard/crtn.o
 *(.fini)
 .fini          0x00000000080075b4        0x4 /opt/st/stm32cubeide_1.3.0/plugins/com.st.stm32cube.ide.mcu.externaltools.gnu-tools-for-stm32.7-2018-q2-update.linux64_1.0.0.201904181610/tools/bin/../lib/gcc/arm-none-eabi/7.3.1/thumb/v7e-m/fpv4-sp/hard/crti.o
                0x00000000080075b4                _fini
 .fini          0x00000000080075b8        0x8 /opt/st/stm32cubeide_1.3.0/plugins/com.st.stm32cube.ide.mcu.externaltools.gnu-tools-for-stm32.7-2018-q2-update.linux64_1.0.0.201904181610/tools/bin/../lib/gcc/arm-none-eabi/7.3.1/thumb/v7e-m/fpv4-sp/hard/crtn.o
                0x00000000080075c0                . = ALIGN (0x4)
                0x00000000080075c0                _etext = .

.vfp11_veneer   0x00000000080075c0        0x0
 .vfp11_veneer  0x00000000080075c0        0x0 linker stubs

.v4_bx          0x00000000080075c0        0x0
 .v4_bx         0x00000000080075c0        0x0 linker stubs

.iplt           0x00000000080075c0        0x0
 .iplt          0x00000000080075c0        0x0 /opt/st/stm32cubeide_1.3.0/plugins/com.st.stm32cube.ide.mcu.externaltools.gnu-tools-for-stm32.7-2018-q2-update.linux64_1.0.0.201904181610/tools/bin/../lib/gcc/arm-none-eabi/7.3.1/thumb/v7e-m/fpv4-sp/hard/crtbegin.o

.rodata         0x00000000080075c0      0x2a8
                0x00000000080075c0                . = ALIGN (0x4)
 *(.rodata)
 .rodata        0x00000000080075c0        0x6 Core/Src/main.o
 *(.rodata*)
 *fill*         0x00000000080075c6        0x2 
 .rodata.AHBPrescTable
                0x00000000080075c8       0x10 Core/Src/system_stm32l4xx.o
                0x00000000080075c8                AHBPrescTable
 .rodata.MSIRangeTable
                0x00000000080075d8       0x30 Core/Src/system_stm32l4xx.o
                0x00000000080075d8                MSIRangeTable
 .rodata._printf_float.str1.1
                0x0000000008007608       0x12 /opt/st/stm32cubeide_1.3.0/plugins/com.st.stm32cube.ide.mcu.externaltools.gnu-tools-for-stm32.7-2018-q2-update.linux64_1.0.0.201904181610/tools/bin/../lib/gcc/arm-none-eabi/7.3.1/../../../../arm-none-eabi/lib/thumb/v7e-m/fpv4-sp/hard/libc_nano.a(lib_a-nano-vfprintf_float.o)
 .rodata._printf_i.str1.1
                0x000000000800761a       0x22 /opt/st/stm32cubeide_1.3.0/plugins/com.st.stm32cube.ide.mcu.externaltools.gnu-tools-for-stm32.7-2018-q2-update.linux64_1.0.0.201904181610/tools/bin/../lib/gcc/arm-none-eabi/7.3.1/../../../../arm-none-eabi/lib/thumb/v7e-m/fpv4-sp/hard/libc_nano.a(lib_a-nano-vfprintf_i.o)
 .rodata._dtoa_r.str1.1
                0x000000000800763c        0xd /opt/st/stm32cubeide_1.3.0/plugins/com.st.stm32cube.ide.mcu.externaltools.gnu-tools-for-stm32.7-2018-q2-update.linux64_1.0.0.201904181610/tools/bin/../lib/gcc/arm-none-eabi/7.3.1/../../../../arm-none-eabi/lib/thumb/v7e-m/fpv4-sp/hard/libc_nano.a(lib_a-dtoa.o)
                                          0xf (size before relaxing)
 *fill*         0x0000000008007649        0x7 
 .rodata.__mprec_bigtens
                0x0000000008007650       0x28 /opt/st/stm32cubeide_1.3.0/plugins/com.st.stm32cube.ide.mcu.externaltools.gnu-tools-for-stm32.7-2018-q2-update.linux64_1.0.0.201904181610/tools/bin/../lib/gcc/arm-none-eabi/7.3.1/../../../../arm-none-eabi/lib/thumb/v7e-m/fpv4-sp/hard/libc_nano.a(lib_a-mprec.o)
                0x0000000008007650                __mprec_bigtens
 .rodata.__mprec_tens
                0x0000000008007678       0xc8 /opt/st/stm32cubeide_1.3.0/plugins/com.st.stm32cube.ide.mcu.externaltools.gnu-tools-for-stm32.7-2018-q2-update.linux64_1.0.0.201904181610/tools/bin/../lib/gcc/arm-none-eabi/7.3.1/../../../../arm-none-eabi/lib/thumb/v7e-m/fpv4-sp/hard/libc_nano.a(lib_a-mprec.o)
                0x0000000008007678                __mprec_tens
 .rodata.p05.7359
                0x0000000008007740        0xc /opt/st/stm32cubeide_1.3.0/plugins/com.st.stm32cube.ide.mcu.externaltools.gnu-tools-for-stm32.7-2018-q2-update.linux64_1.0.0.201904181610/tools/bin/../lib/gcc/arm-none-eabi/7.3.1/../../../../arm-none-eabi/lib/thumb/v7e-m/fpv4-sp/hard/libc_nano.a(lib_a-mprec.o)
 .rodata._svfprintf_r.str1.1
                0x000000000800774c       0x11 /opt/st/stm32cubeide_1.3.0/plugins/com.st.stm32cube.ide.mcu.externaltools.gnu-tools-for-stm32.7-2018-q2-update.linux64_1.0.0.201904181610/tools/bin/../lib/gcc/arm-none-eabi/7.3.1/../../../../arm-none-eabi/lib/thumb/v7e-m/fpv4-sp/hard/libc_nano.a(lib_a-nano-svfprintf.o)
 .rodata._setlocale_r.str1.1
                0x000000000800775d        0x8 /opt/st/stm32cubeide_1.3.0/plugins/com.st.stm32cube.ide.mcu.externaltools.gnu-tools-for-stm32.7-2018-q2-update.linux64_1.0.0.201904181610/tools/bin/../lib/gcc/arm-none-eabi/7.3.1/../../../../arm-none-eabi/lib/thumb/v7e-m/fpv4-sp/hard/libc_nano.a(lib_a-locale.o)
                                          0x9 (size before relaxing)
 .rodata.str1.1
                0x0000000008007765        0x2 /opt/st/stm32cubeide_1.3.0/plugins/com.st.stm32cube.ide.mcu.externaltools.gnu-tools-for-stm32.7-2018-q2-update.linux64_1.0.0.201904181610/tools/bin/../lib/gcc/arm-none-eabi/7.3.1/../../../../arm-none-eabi/lib/thumb/v7e-m/fpv4-sp/hard/libc_nano.a(lib_a-locale.o)
 .rodata._ctype_
                0x0000000008007767      0x101 /opt/st/stm32cubeide_1.3.0/plugins/com.st.stm32cube.ide.mcu.externaltools.gnu-tools-for-stm32.7-2018-q2-update.linux64_1.0.0.201904181610/tools/bin/../lib/gcc/arm-none-eabi/7.3.1/../../../../arm-none-eabi/lib/thumb/v7e-m/fpv4-sp/hard/libc_nano.a(lib_a-ctype_.o)
                0x0000000008007767                _ctype_
                0x0000000008007868                . = ALIGN (0x4)

.rel.dyn        0x0000000008007868        0x0
 .rel.iplt      0x0000000008007868        0x0 /opt/st/stm32cubeide_1.3.0/plugins/com.st.stm32cube.ide.mcu.externaltools.gnu-tools-for-stm32.7-2018-q2-update.linux64_1.0.0.201904181610/tools/bin/../lib/gcc/arm-none-eabi/7.3.1/thumb/v7e-m/fpv4-sp/hard/crtbegin.o

.ARM.extab      0x0000000008007868        0x0
                0x0000000008007868                . = ALIGN (0x4)
 *(.ARM.extab* .gnu.linkonce.armextab.*)
                0x0000000008007868                . = ALIGN (0x4)

.ARM            0x0000000008007868        0x0
                0x0000000008007868                . = ALIGN (0x4)
                0x0000000008007868                __exidx_start = .
 *(.ARM.exidx*)
                0x0000000008007868                __exidx_end = .
                0x0000000008007868                . = ALIGN (0x4)

.preinit_array  0x0000000008007868        0x0
                0x0000000008007868                . = ALIGN (0x4)
                0x0000000008007868                PROVIDE (__preinit_array_start = .)
 *(.preinit_array*)
                0x0000000008007868                PROVIDE (__preinit_array_end = .)
                0x0000000008007868                . = ALIGN (0x4)

.init_array     0x0000000008007868        0x4
                0x0000000008007868                . = ALIGN (0x4)
                0x0000000008007868                PROVIDE (__init_array_start = .)
 *(SORT_BY_NAME(.init_array.*))
 *(.init_array*)
 .init_array    0x0000000008007868        0x4 /opt/st/stm32cubeide_1.3.0/plugins/com.st.stm32cube.ide.mcu.externaltools.gnu-tools-for-stm32.7-2018-q2-update.linux64_1.0.0.201904181610/tools/bin/../lib/gcc/arm-none-eabi/7.3.1/thumb/v7e-m/fpv4-sp/hard/crtbegin.o
                0x000000000800786c                PROVIDE (__init_array_end = .)
                0x000000000800786c                . = ALIGN (0x4)

.fini_array     0x000000000800786c        0x4
                0x000000000800786c                . = ALIGN (0x4)
                [!provide]                        PROVIDE (__fini_array_start = .)
 *(SORT_BY_NAME(.fini_array.*))
 *(.fini_array*)
 .fini_array    0x000000000800786c        0x4 /opt/st/stm32cubeide_1.3.0/plugins/com.st.stm32cube.ide.mcu.externaltools.gnu-tools-for-stm32.7-2018-q2-update.linux64_1.0.0.201904181610/tools/bin/../lib/gcc/arm-none-eabi/7.3.1/thumb/v7e-m/fpv4-sp/hard/crtbegin.o
                [!provide]                        PROVIDE (__fini_array_end = .)
                0x0000000008007870                . = ALIGN (0x4)
                0x0000000008007870                _sidata = LOADADDR (.data)

.data           0x0000000020000000      0x1dc load address 0x0000000008007870
                0x0000000020000000                . = ALIGN (0x4)
                0x0000000020000000                _sdata = .
 *(.data)
 *(.data*)
 .data.SystemCoreClock
                0x0000000020000000        0x4 Core/Src/system_stm32l4xx.o
                0x0000000020000000                SystemCoreClock
 .data.uwTickPrio
                0x0000000020000004        0x4 Drivers/STM32L4xx_HAL_Driver/Src/stm32l4xx_hal.o
                0x0000000020000004                uwTickPrio
 .data.uwTickFreq
                0x0000000020000008        0x4 Drivers/STM32L4xx_HAL_Driver/Src/stm32l4xx_hal.o
                0x0000000020000008                uwTickFreq
 .data._impure_ptr
                0x000000002000000c        0x4 /opt/st/stm32cubeide_1.3.0/plugins/com.st.stm32cube.ide.mcu.externaltools.gnu-tools-for-stm32.7-2018-q2-update.linux64_1.0.0.201904181610/tools/bin/../lib/gcc/arm-none-eabi/7.3.1/../../../../arm-none-eabi/lib/thumb/v7e-m/fpv4-sp/hard/libc_nano.a(lib_a-impure.o)
                0x000000002000000c                _impure_ptr
 .data.impure_data
                0x0000000020000010       0x60 /opt/st/stm32cubeide_1.3.0/plugins/com.st.stm32cube.ide.mcu.externaltools.gnu-tools-for-stm32.7-2018-q2-update.linux64_1.0.0.201904181610/tools/bin/../lib/gcc/arm-none-eabi/7.3.1/../../../../arm-none-eabi/lib/thumb/v7e-m/fpv4-sp/hard/libc_nano.a(lib_a-impure.o)
 .data.__global_locale
                0x0000000020000070      0x16c /opt/st/stm32cubeide_1.3.0/plugins/com.st.stm32cube.ide.mcu.externaltools.gnu-tools-for-stm32.7-2018-q2-update.linux64_1.0.0.201904181610/tools/bin/../lib/gcc/arm-none-eabi/7.3.1/../../../../arm-none-eabi/lib/thumb/v7e-m/fpv4-sp/hard/libc_nano.a(lib_a-locale.o)
                0x0000000020000070                __global_locale
                0x00000000200001dc                . = ALIGN (0x4)
                0x00000000200001dc                _edata = .

.igot.plt       0x00000000200001dc        0x0 load address 0x0000000008007a4c
 .igot.plt      0x00000000200001dc        0x0 /opt/st/stm32cubeide_1.3.0/plugins/com.st.stm32cube.ide.mcu.externaltools.gnu-tools-for-stm32.7-2018-q2-update.linux64_1.0.0.201904181610/tools/bin/../lib/gcc/arm-none-eabi/7.3.1/thumb/v7e-m/fpv4-sp/hard/crtbegin.o
                0x00000000200001dc                . = ALIGN (0x4)

.bss            0x00000000200001dc       0xe4 load address 0x0000000008007a4c
                0x00000000200001dc                _sbss = .
                0x00000000200001dc                __bss_start__ = _sbss
 *(.bss)
 .bss           0x00000000200001dc       0x1c /opt/st/stm32cubeide_1.3.0/plugins/com.st.stm32cube.ide.mcu.externaltools.gnu-tools-for-stm32.7-2018-q2-update.linux64_1.0.0.201904181610/tools/bin/../lib/gcc/arm-none-eabi/7.3.1/thumb/v7e-m/fpv4-sp/hard/crtbegin.o
 *(.bss*)
 .bss.acc_x_temp
                0x00000000200001f8        0x2 Core/Src/main.o
                0x00000000200001f8                acc_x_temp
 .bss.acc_y_temp
                0x00000000200001fa        0x2 Core/Src/main.o
                0x00000000200001fa                acc_y_temp
 .bss.acc_x_mg  0x00000000200001fc        0x4 Core/Src/main.o
                0x00000000200001fc                acc_x_mg
 .bss.acc_y_mg  0x0000000020000200        0x4 Core/Src/main.o
                0x0000000020000200                acc_y_mg
 .bss.heap_end.6424
                0x0000000020000204        0x4 Core/Src/sysmem.o
 .bss.__malloc_free_list
                0x0000000020000208        0x4 /opt/st/stm32cubeide_1.3.0/plugins/com.st.stm32cube.ide.mcu.externaltools.gnu-tools-for-stm32.7-2018-q2-update.linux64_1.0.0.201904181610/tools/bin/../lib/gcc/arm-none-eabi/7.3.1/../../../../arm-none-eabi/lib/thumb/v7e-m/fpv4-sp/hard/libc_nano.a(lib_a-nano-mallocr.o)
                0x0000000020000208                __malloc_free_list
 .bss.__malloc_sbrk_start
                0x000000002000020c        0x4 /opt/st/stm32cubeide_1.3.0/plugins/com.st.stm32cube.ide.mcu.externaltools.gnu-tools-for-stm32.7-2018-q2-update.linux64_1.0.0.201904181610/tools/bin/../lib/gcc/arm-none-eabi/7.3.1/../../../../arm-none-eabi/lib/thumb/v7e-m/fpv4-sp/hard/libc_nano.a(lib_a-nano-mallocr.o)
                0x000000002000020c                __malloc_sbrk_start
 *(COMMON)
 COMMON         0x0000000020000210       0x94 Core/Src/i2c.o
                0x0000000020000210                hi2c2
                0x000000002000025c                hdma_i2c2_rx
 COMMON         0x00000000200002a4       0x11 Core/Src/main.o
                0x00000000200002a4                buffer
                0x00000000200002b0                i2cBuf
 *fill*         0x00000000200002b5        0x3 
 COMMON         0x00000000200002b8        0x4 Drivers/STM32L4xx_HAL_Driver/Src/stm32l4xx_hal.o
                0x00000000200002b8                uwTick
 COMMON         0x00000000200002bc        0x4 /opt/st/stm32cubeide_1.3.0/plugins/com.st.stm32cube.ide.mcu.externaltools.gnu-tools-for-stm32.7-2018-q2-update.linux64_1.0.0.201904181610/tools/bin/../lib/gcc/arm-none-eabi/7.3.1/../../../../arm-none-eabi/lib/thumb/v7e-m/fpv4-sp/hard/libc_nano.a(lib_a-reent.o)
                0x00000000200002bc                errno
                0x00000000200002c0                . = ALIGN (0x4)
                0x00000000200002c0                _ebss = .
                0x00000000200002c0                __bss_end__ = _ebss

._user_heap_stack
                0x00000000200002c0      0xc00 load address 0x0000000008007a4c
                0x00000000200002c0                . = ALIGN (0x8)
                0x00000000200002c0                PROVIDE (end = .)
                [!provide]                        PROVIDE (_end = .)
                0x00000000200006c0                . = (. + _Min_Heap_Size)
 *fill*         0x00000000200002c0      0x400 
                0x0000000020000ec0                . = (. + _Min_Stack_Size)
 *fill*         0x00000000200006c0      0x800 
                0x0000000020000ec0                . = ALIGN (0x8)

/DISCARD/
 libc.a(*)
 libm.a(*)
 libgcc.a(*)

.ARM.attributes
                0x0000000000000000       0x30
 *(.ARM.attributes)
 .ARM.attributes
                0x0000000000000000       0x22 /opt/st/stm32cubeide_1.3.0/plugins/com.st.stm32cube.ide.mcu.externaltools.gnu-tools-for-stm32.7-2018-q2-update.linux64_1.0.0.201904181610/tools/bin/../lib/gcc/arm-none-eabi/7.3.1/thumb/v7e-m/fpv4-sp/hard/crti.o
 .ARM.attributes
                0x0000000000000022       0x34 /opt/st/stm32cubeide_1.3.0/plugins/com.st.stm32cube.ide.mcu.externaltools.gnu-tools-for-stm32.7-2018-q2-update.linux64_1.0.0.201904181610/tools/bin/../lib/gcc/arm-none-eabi/7.3.1/thumb/v7e-m/fpv4-sp/hard/crtbegin.o
 .ARM.attributes
                0x0000000000000056       0x39 Core/Src/dma.o
 .ARM.attributes
                0x000000000000008f       0x39 Core/Src/gpio.o
 .ARM.attributes
                0x00000000000000c8       0x39 Core/Src/i2c.o
 .ARM.attributes
                0x0000000000000101       0x39 Core/Src/main.o
 .ARM.attributes
                0x000000000000013a       0x39 Core/Src/stm32l4xx_hal_msp.o
 .ARM.attributes
                0x0000000000000173       0x39 Core/Src/stm32l4xx_it.o
 .ARM.attributes
                0x00000000000001ac       0x39 Core/Src/sysmem.o
 .ARM.attributes
                0x00000000000001e5       0x39 Core/Src/system_stm32l4xx.o
 .ARM.attributes
                0x000000000000021e       0x21 Core/Startup/startup_stm32l476vgtx.o
 .ARM.attributes
                0x000000000000023f       0x39 Drivers/STM32L4xx_HAL_Driver/Src/stm32l4xx_hal.o
 .ARM.attributes
                0x0000000000000278       0x39 Drivers/STM32L4xx_HAL_Driver/Src/stm32l4xx_hal_cortex.o
 .ARM.attributes
                0x00000000000002b1       0x39 Drivers/STM32L4xx_HAL_Driver/Src/stm32l4xx_hal_dma.o
 .ARM.attributes
                0x00000000000002ea       0x39 Drivers/STM32L4xx_HAL_Driver/Src/stm32l4xx_hal_gpio.o
 .ARM.attributes
                0x0000000000000323       0x39 Drivers/STM32L4xx_HAL_Driver/Src/stm32l4xx_hal_i2c.o
 .ARM.attributes
                0x000000000000035c       0x39 Drivers/STM32L4xx_HAL_Driver/Src/stm32l4xx_hal_i2c_ex.o
 .ARM.attributes
                0x0000000000000395       0x39 Drivers/STM32L4xx_HAL_Driver/Src/stm32l4xx_hal_pwr_ex.o
 .ARM.attributes
                0x00000000000003ce       0x39 Drivers/STM32L4xx_HAL_Driver/Src/stm32l4xx_hal_rcc.o
 .ARM.attributes
                0x0000000000000407       0x39 Drivers/STM32L4xx_HAL_Driver/Src/stm32l4xx_hal_rcc_ex.o
 .ARM.attributes
                0x0000000000000440       0x34 /opt/st/stm32cubeide_1.3.0/plugins/com.st.stm32cube.ide.mcu.externaltools.gnu-tools-for-stm32.7-2018-q2-update.linux64_1.0.0.201904181610/tools/bin/../lib/gcc/arm-none-eabi/7.3.1/../../../../arm-none-eabi/lib/thumb/v7e-m/fpv4-sp/hard/libc_nano.a(lib_a-errno.o)
 .ARM.attributes
                0x0000000000000474       0x34 /opt/st/stm32cubeide_1.3.0/plugins/com.st.stm32cube.ide.mcu.externaltools.gnu-tools-for-stm32.7-2018-q2-update.linux64_1.0.0.201904181610/tools/bin/../lib/gcc/arm-none-eabi/7.3.1/../../../../arm-none-eabi/lib/thumb/v7e-m/fpv4-sp/hard/libc_nano.a(lib_a-impure.o)
 .ARM.attributes
                0x00000000000004a8       0x34 /opt/st/stm32cubeide_1.3.0/plugins/com.st.stm32cube.ide.mcu.externaltools.gnu-tools-for-stm32.7-2018-q2-update.linux64_1.0.0.201904181610/tools/bin/../lib/gcc/arm-none-eabi/7.3.1/../../../../arm-none-eabi/lib/thumb/v7e-m/fpv4-sp/hard/libc_nano.a(lib_a-init.o)
 .ARM.attributes
                0x00000000000004dc       0x34 /opt/st/stm32cubeide_1.3.0/plugins/com.st.stm32cube.ide.mcu.externaltools.gnu-tools-for-stm32.7-2018-q2-update.linux64_1.0.0.201904181610/tools/bin/../lib/gcc/arm-none-eabi/7.3.1/../../../../arm-none-eabi/lib/thumb/v7e-m/fpv4-sp/hard/libc_nano.a(lib_a-memset.o)
 .ARM.attributes
                0x0000000000000510       0x34 /opt/st/stm32cubeide_1.3.0/plugins/com.st.stm32cube.ide.mcu.externaltools.gnu-tools-for-stm32.7-2018-q2-update.linux64_1.0.0.201904181610/tools/bin/../lib/gcc/arm-none-eabi/7.3.1/../../../../arm-none-eabi/lib/thumb/v7e-m/fpv4-sp/hard/libc_nano.a(lib_a-nano-vfprintf_float.o)
 .ARM.attributes
                0x0000000000000544       0x34 /opt/st/stm32cubeide_1.3.0/plugins/com.st.stm32cube.ide.mcu.externaltools.gnu-tools-for-stm32.7-2018-q2-update.linux64_1.0.0.201904181610/tools/bin/../lib/gcc/arm-none-eabi/7.3.1/../../../../arm-none-eabi/lib/thumb/v7e-m/fpv4-sp/hard/libc_nano.a(lib_a-nano-vfprintf_i.o)
 .ARM.attributes
                0x0000000000000578       0x1b /opt/st/stm32cubeide_1.3.0/plugins/com.st.stm32cube.ide.mcu.externaltools.gnu-tools-for-stm32.7-2018-q2-update.linux64_1.0.0.201904181610/tools/bin/../lib/gcc/arm-none-eabi/7.3.1/../../../../arm-none-eabi/lib/thumb/v7e-m/fpv4-sp/hard/libc_nano.a(lib_a-strlen.o)
 .ARM.attributes
                0x0000000000000593       0x34 /opt/st/stm32cubeide_1.3.0/plugins/com.st.stm32cube.ide.mcu.externaltools.gnu-tools-for-stm32.7-2018-q2-update.linux64_1.0.0.201904181610/tools/bin/../lib/gcc/arm-none-eabi/7.3.1/../../../../arm-none-eabi/lib/thumb/v7e-m/fpv4-sp/hard/libc_nano.a(lib_a-vsprintf.o)
 .ARM.attributes
                0x00000000000005c7       0x34 /opt/st/stm32cubeide_1.3.0/plugins/com.st.stm32cube.ide.mcu.externaltools.gnu-tools-for-stm32.7-2018-q2-update.linux64_1.0.0.201904181610/tools/bin/../lib/gcc/arm-none-eabi/7.3.1/../../../../arm-none-eabi/lib/thumb/v7e-m/fpv4-sp/hard/libc_nano.a(lib_a-dtoa.o)
 .ARM.attributes
                0x00000000000005fb       0x34 /opt/st/stm32cubeide_1.3.0/plugins/com.st.stm32cube.ide.mcu.externaltools.gnu-tools-for-stm32.7-2018-q2-update.linux64_1.0.0.201904181610/tools/bin/../lib/gcc/arm-none-eabi/7.3.1/../../../../arm-none-eabi/lib/thumb/v7e-m/fpv4-sp/hard/libc_nano.a(lib_a-localeconv.o)
 .ARM.attributes
                0x000000000000062f       0x34 /opt/st/stm32cubeide_1.3.0/plugins/com.st.stm32cube.ide.mcu.externaltools.gnu-tools-for-stm32.7-2018-q2-update.linux64_1.0.0.201904181610/tools/bin/../lib/gcc/arm-none-eabi/7.3.1/../../../../arm-none-eabi/lib/thumb/v7e-m/fpv4-sp/hard/libc_nano.a(lib_a-malloc.o)
 .ARM.attributes
                0x0000000000000663       0x20 /opt/st/stm32cubeide_1.3.0/plugins/com.st.stm32cube.ide.mcu.externaltools.gnu-tools-for-stm32.7-2018-q2-update.linux64_1.0.0.201904181610/tools/bin/../lib/gcc/arm-none-eabi/7.3.1/../../../../arm-none-eabi/lib/thumb/v7e-m/fpv4-sp/hard/libc_nano.a(lib_a-memchr.o)
 .ARM.attributes
                0x0000000000000683       0x34 /opt/st/stm32cubeide_1.3.0/plugins/com.st.stm32cube.ide.mcu.externaltools.gnu-tools-for-stm32.7-2018-q2-update.linux64_1.0.0.201904181610/tools/bin/../lib/gcc/arm-none-eabi/7.3.1/../../../../arm-none-eabi/lib/thumb/v7e-m/fpv4-sp/hard/libc_nano.a(lib_a-memcpy-stub.o)
 .ARM.attributes
                0x00000000000006b7       0x34 /opt/st/stm32cubeide_1.3.0/plugins/com.st.stm32cube.ide.mcu.externaltools.gnu-tools-for-stm32.7-2018-q2-update.linux64_1.0.0.201904181610/tools/bin/../lib/gcc/arm-none-eabi/7.3.1/../../../../arm-none-eabi/lib/thumb/v7e-m/fpv4-sp/hard/libc_nano.a(lib_a-mprec.o)
 .ARM.attributes
                0x00000000000006eb       0x34 /opt/st/stm32cubeide_1.3.0/plugins/com.st.stm32cube.ide.mcu.externaltools.gnu-tools-for-stm32.7-2018-q2-update.linux64_1.0.0.201904181610/tools/bin/../lib/gcc/arm-none-eabi/7.3.1/../../../../arm-none-eabi/lib/thumb/v7e-m/fpv4-sp/hard/libc_nano.a(lib_a-nano-callocr.o)
 .ARM.attributes
                0x000000000000071f       0x34 /opt/st/stm32cubeide_1.3.0/plugins/com.st.stm32cube.ide.mcu.externaltools.gnu-tools-for-stm32.7-2018-q2-update.linux64_1.0.0.201904181610/tools/bin/../lib/gcc/arm-none-eabi/7.3.1/../../../../arm-none-eabi/lib/thumb/v7e-m/fpv4-sp/hard/libc_nano.a(lib_a-nano-freer.o)
 .ARM.attributes
                0x0000000000000753       0x34 /opt/st/stm32cubeide_1.3.0/plugins/com.st.stm32cube.ide.mcu.externaltools.gnu-tools-for-stm32.7-2018-q2-update.linux64_1.0.0.201904181610/tools/bin/../lib/gcc/arm-none-eabi/7.3.1/../../../../arm-none-eabi/lib/thumb/v7e-m/fpv4-sp/hard/libc_nano.a(lib_a-nano-mallocr.o)
 .ARM.attributes
                0x0000000000000787       0x34 /opt/st/stm32cubeide_1.3.0/plugins/com.st.stm32cube.ide.mcu.externaltools.gnu-tools-for-stm32.7-2018-q2-update.linux64_1.0.0.201904181610/tools/bin/../lib/gcc/arm-none-eabi/7.3.1/../../../../arm-none-eabi/lib/thumb/v7e-m/fpv4-sp/hard/libc_nano.a(lib_a-nano-svfprintf.o)
 .ARM.attributes
                0x00000000000007bb       0x34 /opt/st/stm32cubeide_1.3.0/plugins/com.st.stm32cube.ide.mcu.externaltools.gnu-tools-for-stm32.7-2018-q2-update.linux64_1.0.0.201904181610/tools/bin/../lib/gcc/arm-none-eabi/7.3.1/../../../../arm-none-eabi/lib/thumb/v7e-m/fpv4-sp/hard/libc_nano.a(lib_a-sbrkr.o)
 .ARM.attributes
                0x00000000000007ef       0x34 /opt/st/stm32cubeide_1.3.0/plugins/com.st.stm32cube.ide.mcu.externaltools.gnu-tools-for-stm32.7-2018-q2-update.linux64_1.0.0.201904181610/tools/bin/../lib/gcc/arm-none-eabi/7.3.1/../../../../arm-none-eabi/lib/thumb/v7e-m/fpv4-sp/hard/libc_nano.a(lib_a-locale.o)
 .ARM.attributes
                0x0000000000000823       0x34 /opt/st/stm32cubeide_1.3.0/plugins/com.st.stm32cube.ide.mcu.externaltools.gnu-tools-for-stm32.7-2018-q2-update.linux64_1.0.0.201904181610/tools/bin/../lib/gcc/arm-none-eabi/7.3.1/../../../../arm-none-eabi/lib/thumb/v7e-m/fpv4-sp/hard/libc_nano.a(lib_a-mbtowc_r.o)
 .ARM.attributes
                0x0000000000000857       0x34 /opt/st/stm32cubeide_1.3.0/plugins/com.st.stm32cube.ide.mcu.externaltools.gnu-tools-for-stm32.7-2018-q2-update.linux64_1.0.0.201904181610/tools/bin/../lib/gcc/arm-none-eabi/7.3.1/../../../../arm-none-eabi/lib/thumb/v7e-m/fpv4-sp/hard/libc_nano.a(lib_a-memmove.o)
 .ARM.attributes
                0x000000000000088b       0x34 /opt/st/stm32cubeide_1.3.0/plugins/com.st.stm32cube.ide.mcu.externaltools.gnu-tools-for-stm32.7-2018-q2-update.linux64_1.0.0.201904181610/tools/bin/../lib/gcc/arm-none-eabi/7.3.1/../../../../arm-none-eabi/lib/thumb/v7e-m/fpv4-sp/hard/libc_nano.a(lib_a-mlock.o)
 .ARM.attributes
                0x00000000000008bf       0x34 /opt/st/stm32cubeide_1.3.0/plugins/com.st.stm32cube.ide.mcu.externaltools.gnu-tools-for-stm32.7-2018-q2-update.linux64_1.0.0.201904181610/tools/bin/../lib/gcc/arm-none-eabi/7.3.1/../../../../arm-none-eabi/lib/thumb/v7e-m/fpv4-sp/hard/libc_nano.a(lib_a-nano-reallocr.o)
 .ARM.attributes
                0x00000000000008f3       0x34 /opt/st/stm32cubeide_1.3.0/plugins/com.st.stm32cube.ide.mcu.externaltools.gnu-tools-for-stm32.7-2018-q2-update.linux64_1.0.0.201904181610/tools/bin/../lib/gcc/arm-none-eabi/7.3.1/../../../../arm-none-eabi/lib/thumb/v7e-m/fpv4-sp/hard/libc_nano.a(lib_a-reent.o)
 .ARM.attributes
                0x0000000000000927       0x34 /opt/st/stm32cubeide_1.3.0/plugins/com.st.stm32cube.ide.mcu.externaltools.gnu-tools-for-stm32.7-2018-q2-update.linux64_1.0.0.201904181610/tools/bin/../lib/gcc/arm-none-eabi/7.3.1/../../../../arm-none-eabi/lib/thumb/v7e-m/fpv4-sp/hard/libc_nano.a(lib_a-wctomb_r.o)
 .ARM.attributes
                0x000000000000095b       0x34 /opt/st/stm32cubeide_1.3.0/plugins/com.st.stm32cube.ide.mcu.externaltools.gnu-tools-for-stm32.7-2018-q2-update.linux64_1.0.0.201904181610/tools/bin/../lib/gcc/arm-none-eabi/7.3.1/../../../../arm-none-eabi/lib/thumb/v7e-m/fpv4-sp/hard/libc_nano.a(lib_a-ctype_.o)
 .ARM.attributes
                0x000000000000098f       0x34 /opt/st/stm32cubeide_1.3.0/plugins/com.st.stm32cube.ide.mcu.externaltools.gnu-tools-for-stm32.7-2018-q2-update.linux64_1.0.0.201904181610/tools/bin/../lib/gcc/arm-none-eabi/7.3.1/../../../../arm-none-eabi/lib/thumb/v7e-m/fpv4-sp/hard/libc_nano.a(lib_a-nano-msizer.o)
 .ARM.attributes
                0x00000000000009c3       0x22 /opt/st/stm32cubeide_1.3.0/plugins/com.st.stm32cube.ide.mcu.externaltools.gnu-tools-for-stm32.7-2018-q2-update.linux64_1.0.0.201904181610/tools/bin/../lib/gcc/arm-none-eabi/7.3.1/thumb/v7e-m/fpv4-sp/hard/libgcc.a(_arm_addsubdf3.o)
 .ARM.attributes
                0x00000000000009e5       0x22 /opt/st/stm32cubeide_1.3.0/plugins/com.st.stm32cube.ide.mcu.externaltools.gnu-tools-for-stm32.7-2018-q2-update.linux64_1.0.0.201904181610/tools/bin/../lib/gcc/arm-none-eabi/7.3.1/thumb/v7e-m/fpv4-sp/hard/libgcc.a(_arm_muldivdf3.o)
 .ARM.attributes
                0x0000000000000a07       0x22 /opt/st/stm32cubeide_1.3.0/plugins/com.st.stm32cube.ide.mcu.externaltools.gnu-tools-for-stm32.7-2018-q2-update.linux64_1.0.0.201904181610/tools/bin/../lib/gcc/arm-none-eabi/7.3.1/thumb/v7e-m/fpv4-sp/hard/libgcc.a(_arm_cmpdf2.o)
 .ARM.attributes
                0x0000000000000a29       0x22 /opt/st/stm32cubeide_1.3.0/plugins/com.st.stm32cube.ide.mcu.externaltools.gnu-tools-for-stm32.7-2018-q2-update.linux64_1.0.0.201904181610/tools/bin/../lib/gcc/arm-none-eabi/7.3.1/thumb/v7e-m/fpv4-sp/hard/libgcc.a(_arm_unorddf2.o)
 .ARM.attributes
                0x0000000000000a4b       0x22 /opt/st/stm32cubeide_1.3.0/plugins/com.st.stm32cube.ide.mcu.externaltools.gnu-tools-for-stm32.7-2018-q2-update.linux64_1.0.0.201904181610/tools/bin/../lib/gcc/arm-none-eabi/7.3.1/thumb/v7e-m/fpv4-sp/hard/libgcc.a(_arm_fixdfsi.o)
 .ARM.attributes
                0x0000000000000a6d       0x22 /opt/st/stm32cubeide_1.3.0/plugins/com.st.stm32cube.ide.mcu.externaltools.gnu-tools-for-stm32.7-2018-q2-update.linux64_1.0.0.201904181610/tools/bin/../lib/gcc/arm-none-eabi/7.3.1/thumb/v7e-m/fpv4-sp/hard/crtn.o
OUTPUT(iis2clx_i2c.elf elf32-littlearm)

.debug_info     0x0000000000000000     0xd14b
 .debug_info    0x0000000000000000      0x6d6 Core/Src/dma.o
 .debug_info    0x00000000000006d6      0x872 Core/Src/gpio.o
 .debug_info    0x0000000000000f48      0xd6f Core/Src/i2c.o
 .debug_info    0x0000000000001cb7     0x16a9 Core/Src/main.o
 .debug_info    0x0000000000003360      0x4c8 Core/Src/stm32l4xx_hal_msp.o
 .debug_info    0x0000000000003828      0x861 Core/Src/stm32l4xx_it.o
 .debug_info    0x0000000000004089      0x91c Core/Src/sysmem.o
 .debug_info    0x00000000000049a5      0x6f6 Core/Src/system_stm32l4xx.o
 .debug_info    0x000000000000509b       0x22 Core/Startup/startup_stm32l476vgtx.o
 .debug_info    0x00000000000050bd      0xbe0 Drivers/STM32L4xx_HAL_Driver/Src/stm32l4xx_hal.o
 .debug_info    0x0000000000005c9d      0xf3c Drivers/STM32L4xx_HAL_Driver/Src/stm32l4xx_hal_cortex.o
 .debug_info    0x0000000000006bd9      0x8c1 Drivers/STM32L4xx_HAL_Driver/Src/stm32l4xx_hal_dma.o
 .debug_info    0x000000000000749a      0x982 Drivers/STM32L4xx_HAL_Driver/Src/stm32l4xx_hal_gpio.o
 .debug_info    0x0000000000007e1c     0x20dc Drivers/STM32L4xx_HAL_Driver/Src/stm32l4xx_hal_i2c.o
 .debug_info    0x0000000000009ef8      0xb41 Drivers/STM32L4xx_HAL_Driver/Src/stm32l4xx_hal_i2c_ex.o
 .debug_info    0x000000000000aa39      0xb04 Drivers/STM32L4xx_HAL_Driver/Src/stm32l4xx_hal_pwr_ex.o
 .debug_info    0x000000000000b53d      0xcfe Drivers/STM32L4xx_HAL_Driver/Src/stm32l4xx_hal_rcc.o
 .debug_info    0x000000000000c23b      0xf10 Drivers/STM32L4xx_HAL_Driver/Src/stm32l4xx_hal_rcc_ex.o

.debug_abbrev   0x0000000000000000     0x1f0c
 .debug_abbrev  0x0000000000000000      0x123 Core/Src/dma.o
 .debug_abbrev  0x0000000000000123      0x13d Core/Src/gpio.o
 .debug_abbrev  0x0000000000000260      0x1be Core/Src/i2c.o
 .debug_abbrev  0x000000000000041e      0x29f Core/Src/main.o
 .debug_abbrev  0x00000000000006bd      0x125 Core/Src/stm32l4xx_hal_msp.o
 .debug_abbrev  0x00000000000007e2      0x154 Core/Src/stm32l4xx_it.o
 .debug_abbrev  0x0000000000000936      0x1bb Core/Src/sysmem.o
 .debug_abbrev  0x0000000000000af1      0x150 Core/Src/system_stm32l4xx.o
 .debug_abbrev  0x0000000000000c41       0x12 Core/Startup/startup_stm32l476vgtx.o
 .debug_abbrev  0x0000000000000c53      0x1fb Drivers/STM32L4xx_HAL_Driver/Src/stm32l4xx_hal.o
 .debug_abbrev  0x0000000000000e4e      0x2fa Drivers/STM32L4xx_HAL_Driver/Src/stm32l4xx_hal_cortex.o
 .debug_abbrev  0x0000000000001148      0x1d9 Drivers/STM32L4xx_HAL_Driver/Src/stm32l4xx_hal_dma.o
 .debug_abbrev  0x0000000000001321      0x1c0 Drivers/STM32L4xx_HAL_Driver/Src/stm32l4xx_hal_gpio.o
 .debug_abbrev  0x00000000000014e1      0x22a Drivers/STM32L4xx_HAL_Driver/Src/stm32l4xx_hal_i2c.o
 .debug_abbrev  0x000000000000170b      0x1b9 Drivers/STM32L4xx_HAL_Driver/Src/stm32l4xx_hal_i2c_ex.o
 .debug_abbrev  0x00000000000018c4      0x1cb Drivers/STM32L4xx_HAL_Driver/Src/stm32l4xx_hal_pwr_ex.o
 .debug_abbrev  0x0000000000001a8f      0x245 Drivers/STM32L4xx_HAL_Driver/Src/stm32l4xx_hal_rcc.o
 .debug_abbrev  0x0000000000001cd4      0x238 Drivers/STM32L4xx_HAL_Driver/Src/stm32l4xx_hal_rcc_ex.o

.debug_aranges  0x0000000000000000      0xa60
 .debug_aranges
                0x0000000000000000       0x20 Core/Src/dma.o
 .debug_aranges
                0x0000000000000020       0x20 Core/Src/gpio.o
 .debug_aranges
                0x0000000000000040       0x30 Core/Src/i2c.o
 .debug_aranges
                0x0000000000000070       0x50 Core/Src/main.o
 .debug_aranges
                0x00000000000000c0       0x20 Core/Src/stm32l4xx_hal_msp.o
 .debug_aranges
                0x00000000000000e0       0x80 Core/Src/stm32l4xx_it.o
 .debug_aranges
                0x0000000000000160       0x20 Core/Src/sysmem.o
 .debug_aranges
                0x0000000000000180       0x28 Core/Src/system_stm32l4xx.o
 .debug_aranges
                0x00000000000001a8       0x28 Core/Startup/startup_stm32l476vgtx.o
 .debug_aranges
                0x00000000000001d0      0x130 Drivers/STM32L4xx_HAL_Driver/Src/stm32l4xx_hal.o
 .debug_aranges
                0x0000000000000300      0x118 Drivers/STM32L4xx_HAL_Driver/Src/stm32l4xx_hal_cortex.o
 .debug_aranges
                0x0000000000000418       0x80 Drivers/STM32L4xx_HAL_Driver/Src/stm32l4xx_hal_dma.o
 .debug_aranges
                0x0000000000000498       0x58 Drivers/STM32L4xx_HAL_Driver/Src/stm32l4xx_hal_gpio.o
 .debug_aranges
                0x00000000000004f0      0x290 Drivers/STM32L4xx_HAL_Driver/Src/stm32l4xx_hal_i2c.o
 .debug_aranges
                0x0000000000000780       0x48 Drivers/STM32L4xx_HAL_Driver/Src/stm32l4xx_hal_i2c_ex.o
 .debug_aranges
                0x00000000000007c8      0x150 Drivers/STM32L4xx_HAL_Driver/Src/stm32l4xx_hal_pwr_ex.o
 .debug_aranges
                0x0000000000000918       0x88 Drivers/STM32L4xx_HAL_Driver/Src/stm32l4xx_hal_rcc.o
 .debug_aranges
                0x00000000000009a0       0xc0 Drivers/STM32L4xx_HAL_Driver/Src/stm32l4xx_hal_rcc_ex.o

.debug_ranges   0x0000000000000000      0x948
 .debug_ranges  0x0000000000000000       0x10 Core/Src/dma.o
 .debug_ranges  0x0000000000000010       0x10 Core/Src/gpio.o
 .debug_ranges  0x0000000000000020       0x20 Core/Src/i2c.o
 .debug_ranges  0x0000000000000040       0x40 Core/Src/main.o
 .debug_ranges  0x0000000000000080       0x10 Core/Src/stm32l4xx_hal_msp.o
 .debug_ranges  0x0000000000000090       0x70 Core/Src/stm32l4xx_it.o
 .debug_ranges  0x0000000000000100       0x10 Core/Src/sysmem.o
 .debug_ranges  0x0000000000000110       0x18 Core/Src/system_stm32l4xx.o
 .debug_ranges  0x0000000000000128       0x20 Core/Startup/startup_stm32l476vgtx.o
 .debug_ranges  0x0000000000000148      0x120 Drivers/STM32L4xx_HAL_Driver/Src/stm32l4xx_hal.o
 .debug_ranges  0x0000000000000268      0x108 Drivers/STM32L4xx_HAL_Driver/Src/stm32l4xx_hal_cortex.o
 .debug_ranges  0x0000000000000370       0x70 Drivers/STM32L4xx_HAL_Driver/Src/stm32l4xx_hal_dma.o
 .debug_ranges  0x00000000000003e0       0x48 Drivers/STM32L4xx_HAL_Driver/Src/stm32l4xx_hal_gpio.o
 .debug_ranges  0x0000000000000428      0x280 Drivers/STM32L4xx_HAL_Driver/Src/stm32l4xx_hal_i2c.o
 .debug_ranges  0x00000000000006a8       0x38 Drivers/STM32L4xx_HAL_Driver/Src/stm32l4xx_hal_i2c_ex.o
 .debug_ranges  0x00000000000006e0      0x140 Drivers/STM32L4xx_HAL_Driver/Src/stm32l4xx_hal_pwr_ex.o
 .debug_ranges  0x0000000000000820       0x78 Drivers/STM32L4xx_HAL_Driver/Src/stm32l4xx_hal_rcc.o
 .debug_ranges  0x0000000000000898       0xb0 Drivers/STM32L4xx_HAL_Driver/Src/stm32l4xx_hal_rcc_ex.o

.debug_macro    0x0000000000000000    0x260e8
 .debug_macro   0x0000000000000000      0x1d5 Core/Src/dma.o
 .debug_macro   0x00000000000001d5      0xa60 Core/Src/dma.o
 .debug_macro   0x0000000000000c35       0xb4 Core/Src/dma.o
 .debug_macro   0x0000000000000ce9       0x2e Core/Src/dma.o
 .debug_macro   0x0000000000000d17       0x28 Core/Src/dma.o
 .debug_macro   0x0000000000000d3f       0x22 Core/Src/dma.o
 .debug_macro   0x0000000000000d61       0x8e Core/Src/dma.o
 .debug_macro   0x0000000000000def       0x51 Core/Src/dma.o
 .debug_macro   0x0000000000000e40       0xef Core/Src/dma.o
 .debug_macro   0x0000000000000f2f       0x6a Core/Src/dma.o
 .debug_macro   0x0000000000000f99      0x1df Core/Src/dma.o
 .debug_macro   0x0000000000001178       0x1c Core/Src/dma.o
 .debug_macro   0x0000000000001194       0x22 Core/Src/dma.o
 .debug_macro   0x00000000000011b6       0xdf Core/Src/dma.o
 .debug_macro   0x0000000000001295     0x102d Core/Src/dma.o
 .debug_macro   0x00000000000022c2      0x11f Core/Src/dma.o
 .debug_macro   0x00000000000023e1    0x1a13d Core/Src/dma.o
 .debug_macro   0x000000000001c51e       0x43 Core/Src/dma.o
 .debug_macro   0x000000000001c561     0x3890 Core/Src/dma.o
 .debug_macro   0x000000000001fdf1      0x174 Core/Src/dma.o
 .debug_macro   0x000000000001ff65       0x5c Core/Src/dma.o
 .debug_macro   0x000000000001ffc1     0x155f Core/Src/dma.o
 .debug_macro   0x0000000000021520      0x59e Core/Src/dma.o
 .debug_macro   0x0000000000021abe      0x241 Core/Src/dma.o
 .debug_macro   0x0000000000021cff      0x13d Core/Src/dma.o
 .debug_macro   0x0000000000021e3c      0x18b Core/Src/dma.o
 .debug_macro   0x0000000000021fc7      0x26b Core/Src/dma.o
 .debug_macro   0x0000000000022232      0x23d Core/Src/dma.o
 .debug_macro   0x000000000002246f      0x37c Core/Src/dma.o
 .debug_macro   0x00000000000227eb       0xd6 Core/Src/dma.o
 .debug_macro   0x00000000000228c1      0x22c Core/Src/dma.o
 .debug_macro   0x0000000000022aed       0x5e Core/Src/dma.o
 .debug_macro   0x0000000000022b4b       0xa5 Core/Src/dma.o
 .debug_macro   0x0000000000022bf0      0x122 Core/Src/dma.o
 .debug_macro   0x0000000000022d12      0x3e9 Core/Src/dma.o
 .debug_macro   0x00000000000230fb      0x34a Core/Src/dma.o
 .debug_macro   0x0000000000023445      0x1d5 Core/Src/gpio.o
 .debug_macro   0x000000000002361a      0x1d5 Core/Src/i2c.o
 .debug_macro   0x00000000000237ef      0x347 Core/Src/main.o
 .debug_macro   0x0000000000023b36       0x58 Core/Src/main.o
 .debug_macro   0x0000000000023b8e       0x46 Core/Src/main.o
 .debug_macro   0x0000000000023bd4       0x18 Core/Src/main.o
 .debug_macro   0x0000000000023bec       0x3c Core/Src/main.o
 .debug_macro   0x0000000000023c28       0x34 Core/Src/main.o
 .debug_macro   0x0000000000023c5c       0x16 Core/Src/main.o
 .debug_macro   0x0000000000023c72       0x35 Core/Src/main.o
 .debug_macro   0x0000000000023ca7      0x32a Core/Src/main.o
 .debug_macro   0x0000000000023fd1       0x52 Core/Src/main.o
 .debug_macro   0x0000000000024023       0x1f Core/Src/main.o
 .debug_macro   0x0000000000024042       0x43 Core/Src/main.o
 .debug_macro   0x0000000000024085       0x20 Core/Src/main.o
 .debug_macro   0x00000000000240a5      0x1a3 Core/Src/main.o
 .debug_macro   0x0000000000024248       0x10 Core/Src/main.o
 .debug_macro   0x0000000000024258       0x1c Core/Src/main.o
 .debug_macro   0x0000000000024274       0x52 Core/Src/main.o
 .debug_macro   0x00000000000242c6       0x40 Core/Src/main.o
 .debug_macro   0x0000000000024306       0x10 Core/Src/main.o
 .debug_macro   0x0000000000024316       0x40 Core/Src/main.o
 .debug_macro   0x0000000000024356       0xd7 Core/Src/main.o
 .debug_macro   0x000000000002442d       0x1c Core/Src/main.o
 .debug_macro   0x0000000000024449       0x3d Core/Src/main.o
 .debug_macro   0x0000000000024486       0x16 Core/Src/main.o
 .debug_macro   0x000000000002449c      0x145 Core/Src/main.o
 .debug_macro   0x00000000000245e1      0x1cb Core/Src/stm32l4xx_hal_msp.o
 .debug_macro   0x00000000000247ac      0x1d5 Core/Src/stm32l4xx_it.o
 .debug_macro   0x0000000000024981      0x1ae Core/Src/sysmem.o
 .debug_macro   0x0000000000024b2f      0x23b Core/Src/sysmem.o
 .debug_macro   0x0000000000024d6a      0x1c7 Core/Src/system_stm32l4xx.o
 .debug_macro   0x0000000000024f31      0x20f Drivers/STM32L4xx_HAL_Driver/Src/stm32l4xx_hal.o
 .debug_macro   0x0000000000025140      0x1c1 Drivers/STM32L4xx_HAL_Driver/Src/stm32l4xx_hal_cortex.o
 .debug_macro   0x0000000000025301      0x1c1 Drivers/STM32L4xx_HAL_Driver/Src/stm32l4xx_hal_dma.o
 .debug_macro   0x00000000000254c2      0x200 Drivers/STM32L4xx_HAL_Driver/Src/stm32l4xx_hal_gpio.o
 .debug_macro   0x00000000000256c2      0x286 Drivers/STM32L4xx_HAL_Driver/Src/stm32l4xx_hal_i2c.o
 .debug_macro   0x0000000000025948      0x1c1 Drivers/STM32L4xx_HAL_Driver/Src/stm32l4xx_hal_i2c_ex.o
 .debug_macro   0x0000000000025b09      0x1e5 Drivers/STM32L4xx_HAL_Driver/Src/stm32l4xx_hal_pwr_ex.o
 .debug_macro   0x0000000000025cee      0x203 Drivers/STM32L4xx_HAL_Driver/Src/stm32l4xx_hal_rcc.o
 .debug_macro   0x0000000000025ef1      0x1f7 Drivers/STM32L4xx_HAL_Driver/Src/stm32l4xx_hal_rcc_ex.o

.debug_line     0x0000000000000000     0x9d64
 .debug_line    0x0000000000000000      0x680 Core/Src/dma.o
 .debug_line    0x0000000000000680      0x696 Core/Src/gpio.o
 .debug_line    0x0000000000000d16      0x6cd Core/Src/i2c.o
 .debug_line    0x00000000000013e3      0x932 Core/Src/main.o
 .debug_line    0x0000000000001d15      0x685 Core/Src/stm32l4xx_hal_msp.o
 .debug_line    0x000000000000239a      0x771 Core/Src/stm32l4xx_it.o
 .debug_line    0x0000000000002b0b      0x531 Core/Src/sysmem.o
 .debug_line    0x000000000000303c      0x6b0 Core/Src/system_stm32l4xx.o
 .debug_line    0x00000000000036ec       0x85 Core/Startup/startup_stm32l476vgtx.o
 .debug_line    0x0000000000003771      0x923 Drivers/STM32L4xx_HAL_Driver/Src/stm32l4xx_hal.o
 .debug_line    0x0000000000004094      0x9ac Drivers/STM32L4xx_HAL_Driver/Src/stm32l4xx_hal_cortex.o
 .debug_line    0x0000000000004a40      0x8a9 Drivers/STM32L4xx_HAL_Driver/Src/stm32l4xx_hal_dma.o
 .debug_line    0x00000000000052e9      0x843 Drivers/STM32L4xx_HAL_Driver/Src/stm32l4xx_hal_gpio.o
 .debug_line    0x0000000000005b2c     0x1a65 Drivers/STM32L4xx_HAL_Driver/Src/stm32l4xx_hal_i2c.o
 .debug_line    0x0000000000007591      0x7c9 Drivers/STM32L4xx_HAL_Driver/Src/stm32l4xx_hal_i2c_ex.o
 .debug_line    0x0000000000007d5a      0xa3a Drivers/STM32L4xx_HAL_Driver/Src/stm32l4xx_hal_pwr_ex.o
 .debug_line    0x0000000000008794      0x99d Drivers/STM32L4xx_HAL_Driver/Src/stm32l4xx_hal_rcc.o
 .debug_line    0x0000000000009131      0xc33 Drivers/STM32L4xx_HAL_Driver/Src/stm32l4xx_hal_rcc_ex.o

.debug_str      0x0000000000000000    0xe538e
 .debug_str     0x0000000000000000    0xdd90e Core/Src/dma.o
                                      0xddc72 (size before relaxing)
 .debug_str     0x00000000000dd90e       0xbe Core/Src/gpio.o
                                      0xddd17 (size before relaxing)
 .debug_str     0x00000000000dd9cc      0x456 Core/Src/i2c.o
                                      0xde1ae (size before relaxing)
 .debug_str     0x00000000000dde22     0x46b7 Core/Src/main.o
                                      0xe22b0 (size before relaxing)
 .debug_str     0x00000000000e24d9       0x2c Core/Src/stm32l4xx_hal_msp.o
                                      0xdd796 (size before relaxing)
 .debug_str     0x00000000000e2505      0x111 Core/Src/stm32l4xx_it.o
                                      0xddbcd (size before relaxing)
 .debug_str     0x00000000000e2616      0x4d1 Core/Src/sysmem.o
                                       0x7b05 (size before relaxing)
 .debug_str     0x00000000000e2ae7       0xcd Core/Src/system_stm32l4xx.o
                                      0xdd82c (size before relaxing)
 .debug_str     0x00000000000e2bb4       0x36 Core/Startup/startup_stm32l476vgtx.o
                                         0x77 (size before relaxing)
 .debug_str     0x00000000000e2bea      0x5a1 Drivers/STM32L4xx_HAL_Driver/Src/stm32l4xx_hal.o
                                      0xde303 (size before relaxing)
 .debug_str     0x00000000000e318b      0x392 Drivers/STM32L4xx_HAL_Driver/Src/stm32l4xx_hal_cortex.o
                                      0xde07f (size before relaxing)
 .debug_str     0x00000000000e351d      0x258 Drivers/STM32L4xx_HAL_Driver/Src/stm32l4xx_hal_dma.o
                                      0xdda84 (size before relaxing)
 .debug_str     0x00000000000e3775      0x236 Drivers/STM32L4xx_HAL_Driver/Src/stm32l4xx_hal_gpio.o
                                      0xddaab (size before relaxing)
 .debug_str     0x00000000000e39ab      0xd27 Drivers/STM32L4xx_HAL_Driver/Src/stm32l4xx_hal_i2c.o
                                      0xde93d (size before relaxing)
 .debug_str     0x00000000000e46d2       0xb8 Drivers/STM32L4xx_HAL_Driver/Src/stm32l4xx_hal_i2c_ex.o
                                      0xddd35 (size before relaxing)
 .debug_str     0x00000000000e478a      0x4b4 Drivers/STM32L4xx_HAL_Driver/Src/stm32l4xx_hal_pwr_ex.o
                                      0xddd47 (size before relaxing)
 .debug_str     0x00000000000e4c3e      0x3aa Drivers/STM32L4xx_HAL_Driver/Src/stm32l4xx_hal_rcc.o
                                      0xdddee (size before relaxing)
 .debug_str     0x00000000000e4fe8      0x3a6 Drivers/STM32L4xx_HAL_Driver/Src/stm32l4xx_hal_rcc_ex.o
                                      0xddf7f (size before relaxing)

.comment        0x0000000000000000       0x7b
 .comment       0x0000000000000000       0x7b Core/Src/dma.o
                                         0x7c (size before relaxing)
 .comment       0x000000000000007b       0x7c Core/Src/gpio.o
 .comment       0x000000000000007b       0x7c Core/Src/i2c.o
 .comment       0x000000000000007b       0x7c Core/Src/main.o
 .comment       0x000000000000007b       0x7c Core/Src/stm32l4xx_hal_msp.o
 .comment       0x000000000000007b       0x7c Core/Src/stm32l4xx_it.o
 .comment       0x000000000000007b       0x7c Core/Src/sysmem.o
 .comment       0x000000000000007b       0x7c Core/Src/system_stm32l4xx.o
 .comment       0x000000000000007b       0x7c Drivers/STM32L4xx_HAL_Driver/Src/stm32l4xx_hal.o
 .comment       0x000000000000007b       0x7c Drivers/STM32L4xx_HAL_Driver/Src/stm32l4xx_hal_cortex.o
 .comment       0x000000000000007b       0x7c Drivers/STM32L4xx_HAL_Driver/Src/stm32l4xx_hal_dma.o
 .comment       0x000000000000007b       0x7c Drivers/STM32L4xx_HAL_Driver/Src/stm32l4xx_hal_gpio.o
 .comment       0x000000000000007b       0x7c Drivers/STM32L4xx_HAL_Driver/Src/stm32l4xx_hal_i2c.o
 .comment       0x000000000000007b       0x7c Drivers/STM32L4xx_HAL_Driver/Src/stm32l4xx_hal_i2c_ex.o
 .comment       0x000000000000007b       0x7c Drivers/STM32L4xx_HAL_Driver/Src/stm32l4xx_hal_pwr_ex.o
 .comment       0x000000000000007b       0x7c Drivers/STM32L4xx_HAL_Driver/Src/stm32l4xx_hal_rcc.o
 .comment       0x000000000000007b       0x7c Drivers/STM32L4xx_HAL_Driver/Src/stm32l4xx_hal_rcc_ex.o
